Archive member included to satisfy reference by file (symbol)

/home/valentin/GISTRE/2025/ARM/libgapcom/Debug/liblibgapcom.a(gapcom.o)
                              ./Core/Src/gapcom_impl.o (gapcom_create)
/home/valentin/GISTRE/2025/ARM/libgapcom/Debug/liblibgapcom.a(gapcom_core.o)
                              /home/valentin/GISTRE/2025/ARM/libgapcom/Debug/liblibgapcom.a(gapcom.o) (gapcom_tf_id_listener)
/home/valentin/GISTRE/2025/ARM/libgapcom/Debug/liblibgapcom.a(gapcom_server.o)
                              ./Core/Src/gapcli_cmd_callback.o (gapcom_respond_ping)
/home/valentin/GISTRE/2025/ARM/libgapcom/Debug/liblibgapcom.a(gap.pb.o)
                              /home/valentin/GISTRE/2025/ARM/libgapcom/Debug/liblibgapcom.a(gapcom_core.o) (GAPPingReq_msg)
/home/valentin/GISTRE/2025/ARM/libgapcom/Debug/liblibgapcom.a(pb_decode.o)
                              /home/valentin/GISTRE/2025/ARM/libgapcom/Debug/liblibgapcom.a(gapcom_core.o) (pb_istream_from_buffer)
/home/valentin/GISTRE/2025/ARM/libgapcom/Debug/liblibgapcom.a(pb_encode.o)
                              /home/valentin/GISTRE/2025/ARM/libgapcom/Debug/liblibgapcom.a(gapcom_server.o) (pb_ostream_from_buffer)
/home/valentin/GISTRE/2025/ARM/libgapcom/Debug/liblibgapcom.a(TinyFrame.o)
                              /home/valentin/GISTRE/2025/ARM/libgapcom/Debug/liblibgapcom.a(gapcom.o) (TF_InitStatic)
/home/valentin/GISTRE/2025/ARM/libgapcom/Debug/liblibgapcom.a(pb_common.o)
                              /home/valentin/GISTRE/2025/ARM/libgapcom/Debug/liblibgapcom.a(pb_decode.o) (pb_field_iter_begin)
/opt/st/stm32cubeide_1.18.1/plugins/com.st.stm32cube.ide.mcu.externaltools.gnu-tools-for-stm32.13.3.rel1.linux64_1.0.0.202410170706/tools/bin/../lib/gcc/arm-none-eabi/13.3.1/../../../../arm-none-eabi/lib/thumb/v7e-m+fp/hard/libc_nano.a(libc_a-calloc.o)
                              /home/valentin/GISTRE/2025/ARM/libgapcom/Debug/liblibgapcom.a(gapcom.o) (calloc)
/opt/st/stm32cubeide_1.18.1/plugins/com.st.stm32cube.ide.mcu.externaltools.gnu-tools-for-stm32.13.3.rel1.linux64_1.0.0.202410170706/tools/bin/../lib/gcc/arm-none-eabi/13.3.1/../../../../arm-none-eabi/lib/thumb/v7e-m+fp/hard/libc_nano.a(libc_a-callocr.o)
                              /opt/st/stm32cubeide_1.18.1/plugins/com.st.stm32cube.ide.mcu.externaltools.gnu-tools-for-stm32.13.3.rel1.linux64_1.0.0.202410170706/tools/bin/../lib/gcc/arm-none-eabi/13.3.1/../../../../arm-none-eabi/lib/thumb/v7e-m+fp/hard/libc_nano.a(libc_a-calloc.o) (_calloc_r)
/opt/st/stm32cubeide_1.18.1/plugins/com.st.stm32cube.ide.mcu.externaltools.gnu-tools-for-stm32.13.3.rel1.linux64_1.0.0.202410170706/tools/bin/../lib/gcc/arm-none-eabi/13.3.1/../../../../arm-none-eabi/lib/thumb/v7e-m+fp/hard/libc_nano.a(libc_a-exit.o)
                              /opt/st/stm32cubeide_1.18.1/plugins/com.st.stm32cube.ide.mcu.externaltools.gnu-tools-for-stm32.13.3.rel1.linux64_1.0.0.202410170706/tools/bin/../lib/gcc/arm-none-eabi/13.3.1/../../../../arm-none-eabi/lib/thumb/v7e-m+fp/hard/crt0.o (exit)
/opt/st/stm32cubeide_1.18.1/plugins/com.st.stm32cube.ide.mcu.externaltools.gnu-tools-for-stm32.13.3.rel1.linux64_1.0.0.202410170706/tools/bin/../lib/gcc/arm-none-eabi/13.3.1/../../../../arm-none-eabi/lib/thumb/v7e-m+fp/hard/libc_nano.a(libc_a-malloc.o)
                              /home/valentin/GISTRE/2025/ARM/libgapcom/Debug/liblibgapcom.a(TinyFrame.o) (malloc)
/opt/st/stm32cubeide_1.18.1/plugins/com.st.stm32cube.ide.mcu.externaltools.gnu-tools-for-stm32.13.3.rel1.linux64_1.0.0.202410170706/tools/bin/../lib/gcc/arm-none-eabi/13.3.1/../../../../arm-none-eabi/lib/thumb/v7e-m+fp/hard/libc_nano.a(libc_a-mallocr.o)
                              /opt/st/stm32cubeide_1.18.1/plugins/com.st.stm32cube.ide.mcu.externaltools.gnu-tools-for-stm32.13.3.rel1.linux64_1.0.0.202410170706/tools/bin/../lib/gcc/arm-none-eabi/13.3.1/../../../../arm-none-eabi/lib/thumb/v7e-m+fp/hard/libc_nano.a(libc_a-callocr.o) (_malloc_r)
/opt/st/stm32cubeide_1.18.1/plugins/com.st.stm32cube.ide.mcu.externaltools.gnu-tools-for-stm32.13.3.rel1.linux64_1.0.0.202410170706/tools/bin/../lib/gcc/arm-none-eabi/13.3.1/../../../../arm-none-eabi/lib/thumb/v7e-m+fp/hard/libc_nano.a(libc_a-mlock.o)
                              /opt/st/stm32cubeide_1.18.1/plugins/com.st.stm32cube.ide.mcu.externaltools.gnu-tools-for-stm32.13.3.rel1.linux64_1.0.0.202410170706/tools/bin/../lib/gcc/arm-none-eabi/13.3.1/../../../../arm-none-eabi/lib/thumb/v7e-m+fp/hard/libc_nano.a(libc_a-mallocr.o) (__malloc_lock)
/opt/st/stm32cubeide_1.18.1/plugins/com.st.stm32cube.ide.mcu.externaltools.gnu-tools-for-stm32.13.3.rel1.linux64_1.0.0.202410170706/tools/bin/../lib/gcc/arm-none-eabi/13.3.1/../../../../arm-none-eabi/lib/thumb/v7e-m+fp/hard/libc_nano.a(libc_a-findfp.o)
[...]
Memory Configuration

Name             Origin             Length             Attributes
RAM              0x20000000         0x00018000         xrw
FLASH            0x08000000         0x00080000         xr
*default*        0x00000000         0xffffffff

Linker script and memory map

LOAD /opt/st/stm32cubeide_1.18.1/plugins/com.st.stm32cube.ide.mcu.externaltools.gnu-tools-for-stm32.13.3.rel1.linux64_1.0.0.202410170706/tools/bin/../lib/gcc/arm-none-eabi/13.3.1/thumb/v7e-m+fp/hard/crti.o
LOAD /opt/st/stm32cubeide_1.18.1/plugins/com.st.stm32cube.ide.mcu.externaltools.gnu-tools-for-stm32.13.3.rel1.linux64_1.0.0.202410170706/tools/bin/../lib/gcc/arm-none-eabi/13.3.1/thumb/v7e-m+fp/hard/crtbegin.o
LOAD /opt/st/stm32cubeide_1.18.1/plugins/com.st.stm32cube.ide.mcu.externaltools.gnu-tools-for-stm32.13.3.rel1.linux64_1.0.0.202410170706/tools/bin/../lib/gcc/arm-none-eabi/13.3.1/../../../../arm-none-eabi/lib/thumb/v7e-m+fp/hard/crt0.o
LOAD ./Core/Src/gapcli_cmd_callback.o
LOAD ./Core/Src/gapcom_fsm.o
LOAD ./Core/Src/gapcom_impl.o
LOAD ./Core/Src/log_manager.o
LOAD ./Core/Src/main.o
LOAD ./Core/Src/mpu60x0.o
LOAD ./Core/Src/stm32f4xx_hal_msp.o
LOAD ./Core/Src/stm32f4xx_it.o
LOAD ./Core/Src/syscalls.o
LOAD ./Core/Src/sysmem.o
LOAD ./Core/Src/system_stm32f4xx.o
LOAD ./Core/Startup/startup_stm32f401retx.o
LOAD ./Drivers/STM32F4xx_HAL_Driver/Src/stm32f4xx_hal.o
LOAD ./Drivers/STM32F4xx_HAL_Driver/Src/stm32f4xx_hal_cortex.o
LOAD ./Drivers/STM32F4xx_HAL_Driver/Src/stm32f4xx_hal_dma.o
LOAD ./Drivers/STM32F4xx_HAL_Driver/Src/stm32f4xx_hal_dma_ex.o
LOAD ./Drivers/STM32F4xx_HAL_Driver/Src/stm32f4xx_hal_exti.o
LOAD ./Drivers/STM32F4xx_HAL_Driver/Src/stm32f4xx_hal_flash.o
LOAD ./Drivers/STM32F4xx_HAL_Driver/Src/stm32f4xx_hal_flash_ex.o
LOAD ./Drivers/STM32F4xx_HAL_Driver/Src/stm32f4xx_hal_flash_ramfunc.o
LOAD ./Drivers/STM32F4xx_HAL_Driver/Src/stm32f4xx_hal_gpio.o
LOAD ./Drivers/STM32F4xx_HAL_Driver/Src/stm32f4xx_hal_i2c.o
LOAD ./Drivers/STM32F4xx_HAL_Driver/Src/stm32f4xx_hal_i2c_ex.o
LOAD ./Drivers/STM32F4xx_HAL_Driver/Src/stm32f4xx_hal_pwr.o
LOAD ./Drivers/STM32F4xx_HAL_Driver/Src/stm32f4xx_hal_pwr_ex.o
LOAD ./Drivers/STM32F4xx_HAL_Driver/Src/stm32f4xx_hal_rcc.o
LOAD ./Drivers/STM32F4xx_HAL_Driver/Src/stm32f4xx_hal_rcc_ex.o
LOAD ./Drivers/STM32F4xx_HAL_Driver/Src/stm32f4xx_hal_uart.o
LOAD /home/valentin/GISTRE/2025/ARM/libgapcom/Debug/liblibgapcom.a
START GROUP
LOAD /opt/st/stm32cubeide_1.18.1/plugins/com.st.stm32cube.ide.mcu.externaltools.gnu-tools-for-stm32.13.3.rel1.linux64_1.0.0.202410170706/tools/bin/../lib/gcc/arm-none-eabi/13.3.1/../../../../arm-none-eabi/lib/thumb/v7e-m+fp/hard/libc_nano.a
LOAD /opt/st/stm32cubeide_1.18.1/plugins/com.st.stm32cube.ide.mcu.externaltools.gnu-tools-for-stm32.13.3.rel1.linux64_1.0.0.202410170706/tools/bin/../lib/gcc/arm-none-eabi/13.3.1/../../../../arm-none-eabi/lib/thumb/v7e-m+fp/hard/libm.a
END GROUP
START GROUP
LOAD /opt/st/stm32cubeide_1.18.1/plugins/com.st.stm32cube.ide.mcu.externaltools.gnu-tools-for-stm32.13.3.rel1.linux64_1.0.0.202410170706/tools/bin/../lib/gcc/arm-none-eabi/13.3.1/thumb/v7e-m+fp/hard/libgcc.a
LOAD /opt/st/stm32cubeide_1.18.1/plugins/com.st.stm32cube.ide.mcu.externaltools.gnu-tools-for-stm32.13.3.rel1.linux64_1.0.0.202410170706/tools/bin/../lib/gcc/arm-none-eabi/13.3.1/../../../../arm-none-eabi/lib/thumb/v7e-m+fp/hard/libc_nano.a
END GROUP
START GROUP
LOAD /opt/st/stm32cubeide_1.18.1/plugins/com.st.stm32cube.ide.mcu.externaltools.gnu-tools-for-stm32.13.3.rel1.linux64_1.0.0.202410170706/tools/bin/../lib/gcc/arm-none-eabi/13.3.1/thumb/v7e-m+fp/hard/libgcc.a
LOAD /opt/st/stm32cubeide_1.18.1/plugins/com.st.stm32cube.ide.mcu.externaltools.gnu-tools-for-stm32.13.3.rel1.linux64_1.0.0.202410170706/tools/bin/../lib/gcc/arm-none-eabi/13.3.1/../../../../arm-none-eabi/lib/thumb/v7e-m+fp/hard/libc_nano.a
LOAD /opt/st/stm32cubeide_1.18.1/plugins/com.st.stm32cube.ide.mcu.externaltools.gnu-tools-for-stm32.13.3.rel1.linux64_1.0.0.202410170706/tools/bin/../lib/gcc/arm-none-eabi/13.3.1/../../../../arm-none-eabi/lib/thumb/v7e-m+fp/hard/libnosys.a
END GROUP
START GROUP
LOAD /opt/st/stm32cubeide_1.18.1/plugins/com.st.stm32cube.ide.mcu.externaltools.gnu-tools-for-stm32.13.3.rel1.linux64_1.0.0.202410170706/tools/bin/../lib/gcc/arm-none-eabi/13.3.1/thumb/v7e-m+fp/hard/libgcc.a
LOAD /opt/st/stm32cubeide_1.18.1/plugins/com.st.stm32cube.ide.mcu.externaltools.gnu-tools-for-stm32.13.3.rel1.linux64_1.0.0.202410170706/tools/bin/../lib/gcc/arm-none-eabi/13.3.1/../../../../arm-none-eabi/lib/thumb/v7e-m+fp/hard/libc_nano.a
LOAD /opt/st/stm32cubeide_1.18.1/plugins/com.st.stm32cube.ide.mcu.externaltools.gnu-tools-for-stm32.13.3.rel1.linux64_1.0.0.202410170706/tools/bin/../lib/gcc/arm-none-eabi/13.3.1/../../../../arm-none-eabi/lib/thumb/v7e-m+fp/hard/libnosys.a
END GROUP
LOAD /opt/st/stm32cubeide_1.18.1/plugins/com.st.stm32cube.ide.mcu.externaltools.gnu-tools-for-stm32.13.3.rel1.linux64_1.0.0.202410170706/tools/bin/../lib/gcc/arm-none-eabi/13.3.1/thumb/v7e-m+fp/hard/crtend.o
LOAD /opt/st/stm32cubeide_1.18.1/plugins/com.st.stm32cube.ide.mcu.externaltools.gnu-tools-for-stm32.13.3.rel1.linux64_1.0.0.202410170706/tools/bin/../lib/gcc/arm-none-eabi/13.3.1/thumb/v7e-m+fp/hard/crtn.o
                0x20018000                        _estack = (ORIGIN (RAM) + LENGTH (RAM))
                0x00000200                        _Min_Heap_Size = 0x200
                0x00000400                        _Min_Stack_Size = 0x400

.isr_vector     0x08000000      0x194
                0x08000000                        . = ALIGN (0x4)
 *(.isr_vector)
 .isr_vector    0x08000000      0x194 ./Core/Startup/startup_stm32f401retx.o
                0x08000000                g_pfnVectors
                0x08000194                        . = ALIGN (0x4)

.text           0x080001a0     0x8ee8
                0x080001a0                        . = ALIGN (0x4)
 *(.text)
 .text          0x080001a0       0x40 /opt/st/stm32cubeide_1.18.1/plugins/com.st.stm32cube.ide.mcu.externaltools.gnu-tools-for-stm32.13.3.rel1.linux64_1.0.0.202410170706/tools/bin/../lib/gcc/arm-none-eabi/13.3.1/thumb/v7e-m+fp/hard/crtbegin.o
 .text          0x080001e0       0x10 /opt/st/stm32cubeide_1.18.1/plugins/com.st.stm32cube.ide.mcu.externaltools.gnu-tools-for-stm32.13.3.rel1.linux64_1.0.0.202410170706/tools/bin/../lib/gcc/arm-none-eabi/13.3.1/../../../../arm-none-eabi/lib/thumb/v7e-m+fp/hard/libc_nano.a(libc_a-strlen.o)
                0x080001e0                strlen
 .text          0x080001f0       0xa0 /opt/st/stm32cubeide_1.18.1/plugins/com.st.stm32cube.ide.mcu.externaltools.gnu-tools-for-stm32.13.3.rel1.linux64_1.0.0.202410170706/tools/bin/../lib/gcc/arm-none-eabi/13.3.1/../../../../arm-none-eabi/lib/thumb/v7e-m+fp/hard/libc_nano.a(libc_a-memchr.o)
                0x080001f0                memchr
 .text          0x08000290       0x30 /opt/st/stm32cubeide_1.18.1/plugins/com.st.stm32cube.ide.mcu.externaltools.gnu-tools-for-stm32.13.3.rel1.linux64_1.0.0.202410170706/tools/bin/../lib/gcc/arm-none-eabi/13.3.1/thumb/v7e-m+fp/hard/libgcc.a(_aeabi_uldivmod.o)
                0x08000290                __aeabi_uldivmod
 .text          0x080002c0      0x2f8 /opt/st/stm32cubeide_1.18.1/plugins/com.st.stm32cube.ide.mcu.externaltools.gnu-tools-for-stm32.13.3.rel1.linux64_1.0.0.202410170706/tools/bin/../lib/gcc/arm-none-eabi/13.3.1/thumb/v7e-m+fp/hard/libgcc.a(_udivmoddi4.o)
                0x080002c0                __udivmoddi4
 .text          0x080005b8        0x4 /opt/st/stm32cubeide_1.18.1/plugins/com.st.stm32cube.ide.mcu.externaltools.gnu-tools-for-stm32.13.3.rel1.linux64_1.0.0.202410170706/tools/bin/../lib/gcc/arm-none-eabi/13.3.1/thumb/v7e-m+fp/hard/libgcc.a(_dvmd_tls.o)
                0x080005b8                __aeabi_ldiv0
                0x080005b8                __aeabi_idiv0
 *(.text*)
 .text.cmd_ping_callback
                0x080005bc       0x1a ./Core/Src/gapcli_cmd_callback.o
                0x080005bc                cmd_ping_callback
 .text.cmd_setverbosity_callback
                0x080005d6       0x22 ./Core/Src/gapcli_cmd_callback.o
                0x080005d6                cmd_setverbosity_callback
 .text.gapcom_uart_fsm_init
                0x080005f8       0x44 ./Core/Src/gapcom_fsm.o
                0x080005f8                gapcom_uart_fsm_init
 .text.gapcom_uart_fsm_rx_callback
                0x0800063c       0xa0 ./Core/Src/gapcom_fsm.o
                0x0800063c                gapcom_uart_fsm_rx_callback
 .text.close_sender
                0x080006dc       0x16 ./Core/Src/gapcom_impl.o
                0x080006dc                close_sender
 .text.open_sender
                0x080006f2       0x16 ./Core/Src/gapcom_impl.o
                0x080006f2                open_sender
 .text.send_sender
                0x08000708       0x3c ./Core/Src/gapcom_impl.o
                0x08000708                send_sender
 .text.create_gapcom_instance
                0x08000744       0x6c ./Core/Src/gapcom_impl.o
                0x08000744                create_gapcom_instance
 .text.receive_gapcom_incoming_uart_message
                0x080007b0       0x18 ./Core/Src/gapcom_impl.o
                0x080007b0                receive_gapcom_incoming_uart_message
 .text.init_log
                0x080007c8       0x20 ./Core/Src/log_manager.o
                0x080007c8                init_log
 .text.send_log
                0x080007e8       0x90 ./Core/Src/log_manager.o
                0x080007e8                send_log
 .text.main     0x08000878       0x40 ./Core/Src/main.o
                0x08000878                main
 .text.SystemClock_Config
                0x080008b8       0xc0 ./Core/Src/main.o
                0x080008b8                SystemClock_Config
 .text.MX_I2C1_Init
                0x08000978       0x5c ./Core/Src/main.o
 .text.MX_USART2_UART_Init
                0x080009d4       0x54 ./Core/Src/main.o
 .text.MX_USART6_UART_Init
                0x08000a28       0x58 ./Core/Src/main.o
 .text.MX_GPIO_Init
                0x08000a80       0xa0 ./Core/Src/main.o
 .text.HAL_UART_RxCpltCallback
                0x08000b20       0x2c ./Core/Src/main.o
                0x08000b20                HAL_UART_RxCpltCallback
 .text.HAL_UART_TxCpltCallback
                0x08000b4c       0x14 ./Core/Src/main.o
                0x08000b4c                HAL_UART_TxCpltCallback
 .text.Error_Handler
                0x08000b60        0xc ./Core/Src/main.o
                0x08000b60                Error_Handler
 .text.HAL_MspInit
                0x08000b6c       0x50 ./Core/Src/stm32f4xx_hal_msp.o
                0x08000b6c                HAL_MspInit
 .text.HAL_I2C_MspInit
                0x08000bbc       0x90 ./Core/Src/stm32f4xx_hal_msp.o
                0x08000bbc                HAL_I2C_MspInit
 .text.HAL_UART_MspInit
                0x08000c4c      0x11c ./Core/Src/stm32f4xx_hal_msp.o
                0x08000c4c                HAL_UART_MspInit
 .text.NMI_Handler
                0x08000d68        0x8 ./Core/Src/stm32f4xx_it.o
                0x08000d68                NMI_Handler
 .text.HardFault_Handler
                0x08000d70        0x8 ./Core/Src/stm32f4xx_it.o
                0x08000d70                HardFault_Handler
 .text.MemManage_Handler
                0x08000d78        0x8 ./Core/Src/stm32f4xx_it.o
                0x08000d78                MemManage_Handler
 .text.BusFault_Handler
                0x08000d80        0x8 ./Core/Src/stm32f4xx_it.o
                0x08000d80                BusFault_Handler
 .text.UsageFault_Handler
                0x08000d88        0x8 ./Core/Src/stm32f4xx_it.o
                0x08000d88                UsageFault_Handler
 .text.SVC_Handler
                0x08000d90        0xe ./Core/Src/stm32f4xx_it.o
                0x08000d90                SVC_Handler
 .text.DebugMon_Handler
                0x08000d9e        0xe ./Core/Src/stm32f4xx_it.o
                0x08000d9e                DebugMon_Handler
 .text.PendSV_Handler
                0x08000dac        0xe ./Core/Src/stm32f4xx_it.o
                0x08000dac                PendSV_Handler
 .text.SysTick_Handler
                0x08000dba        0xc ./Core/Src/stm32f4xx_it.o
                0x08000dba                SysTick_Handler
 *fill*         0x08000dc6        0x2 
 .text.USART2_IRQHandler
                0x08000dc8       0x14 ./Core/Src/stm32f4xx_it.o
                0x08000dc8                USART2_IRQHandler
 .text.USART6_IRQHandler
                0x08000ddc       0x14 ./Core/Src/stm32f4xx_it.o
                0x08000ddc                USART6_IRQHandler
 .text._read    0x08000df0       0x3a ./Core/Src/syscalls.o
                0x08000df0                _read
 .text._write   0x08000e2a       0x38 ./Core/Src/syscalls.o
                0x08000e2a                _write
 .text._close   0x08000e62       0x18 ./Core/Src/syscalls.o
                0x08000e62                _close
 .text._fstat   0x08000e7a       0x20 ./Core/Src/syscalls.o
                0x08000e7a                _fstat
 .text._isatty  0x08000e9a       0x16 ./Core/Src/syscalls.o
                0x08000e9a                _isatty
 .text._lseek   0x08000eb0       0x1a ./Core/Src/syscalls.o
                0x08000eb0                _lseek
 *fill*         0x08000eca        0x2 
 .text._sbrk    0x08000ecc       0x6c ./Core/Src/sysmem.o
                0x08000ecc                _sbrk
 .text.SystemInit
                0x08000f38       0x24 ./Core/Src/system_stm32f4xx.o
                0x08000f38                SystemInit
 .text.Reset_Handler
                0x08000f5c       0x50 ./Core/Startup/startup_stm32f401retx.o
                0x08000f5c                Reset_Handler
 .text.Default_Handler
                0x08000fac        0x2 ./Core/Startup/startup_stm32f401retx.o
                0x08000fac                RTC_Alarm_IRQHandler
                0x08000fac                EXTI2_IRQHandler
                0x08000fac                SPI4_IRQHandler
                0x08000fac                TIM1_CC_IRQHandler
                0x08000fac                DMA2_Stream5_IRQHandler
                0x08000fac                DMA1_Stream5_IRQHandler
                0x08000fac                PVD_IRQHandler
                0x08000fac                SDIO_IRQHandler
                0x08000fac                TAMP_STAMP_IRQHandler
                0x08000fac                EXTI3_IRQHandler
                0x08000fac                TIM1_UP_TIM10_IRQHandler
                0x08000fac                I2C3_ER_IRQHandler
                0x08000fac                EXTI0_IRQHandler
                0x08000fac                I2C2_EV_IRQHandler
                0x08000fac                DMA1_Stream2_IRQHandler
                0x08000fac                FPU_IRQHandler
                0x08000fac                DMA2_Stream2_IRQHandler
                0x08000fac                SPI1_IRQHandler
                0x08000fac                TIM1_BRK_TIM9_IRQHandler
                0x08000fac                DMA2_Stream3_IRQHandler
                0x08000fac                DMA2_Stream0_IRQHandler
                0x08000fac                TIM4_IRQHandler
                0x08000fac                I2C1_EV_IRQHandler
                0x08000fac                DMA1_Stream6_IRQHandler
                0x08000fac                DMA1_Stream1_IRQHandler
                0x08000fac                TIM3_IRQHandler
                0x08000fac                RCC_IRQHandler
                0x08000fac                Default_Handler
                0x08000fac                EXTI15_10_IRQHandler
                0x08000fac                ADC_IRQHandler
                0x08000fac                DMA1_Stream7_IRQHandler
                0x08000fac                TIM5_IRQHandler
                0x08000fac                DMA2_Stream7_IRQHandler
                0x08000fac                I2C3_EV_IRQHandler
                0x08000fac                EXTI9_5_IRQHandler
                0x08000fac                RTC_WKUP_IRQHandler
                0x08000fac                SPI2_IRQHandler
                0x08000fac                DMA1_Stream0_IRQHandler
                0x08000fac                EXTI4_IRQHandler
                0x08000fac                WWDG_IRQHandler
                0x08000fac                TIM2_IRQHandler
                0x08000fac                OTG_FS_WKUP_IRQHandler
                0x08000fac                TIM1_TRG_COM_TIM11_IRQHandler
                0x08000fac                EXTI1_IRQHandler
                0x08000fac                I2C2_ER_IRQHandler
                0x08000fac                DMA2_Stream1_IRQHandler
                0x08000fac                FLASH_IRQHandler
                0x08000fac                DMA2_Stream4_IRQHandler
                0x08000fac                USART1_IRQHandler
                0x08000fac                OTG_FS_IRQHandler
                0x08000fac                SPI3_IRQHandler
                0x08000fac                DMA1_Stream4_IRQHandler
                0x08000fac                I2C1_ER_IRQHandler
                0x08000fac                DMA2_Stream6_IRQHandler
                0x08000fac                DMA1_Stream3_IRQHandler
 *fill*         0x08000fae        0x2 
 .text.HAL_Init
                0x08000fb0       0x44 ./Drivers/STM32F4xx_HAL_Driver/Src/stm32f4xx_hal.o
                0x08000fb0                HAL_Init
 .text.HAL_InitTick
                0x08000ff4       0x60 ./Drivers/STM32F4xx_HAL_Driver/Src/stm32f4xx_hal.o
                0x08000ff4                HAL_InitTick
 .text.HAL_IncTick
                0x08001054       0x28 ./Drivers/STM32F4xx_HAL_Driver/Src/stm32f4xx_hal.o
                0x08001054                HAL_IncTick
 .text.HAL_GetTick
                0x0800107c       0x18 ./Drivers/STM32F4xx_HAL_Driver/Src/stm32f4xx_hal.o
                0x0800107c                HAL_GetTick
 .text.__NVIC_SetPriorityGrouping
                0x08001094       0x48 ./Drivers/STM32F4xx_HAL_Driver/Src/stm32f4xx_hal_cortex.o
 .text.__NVIC_GetPriorityGrouping
                0x080010dc       0x1c ./Drivers/STM32F4xx_HAL_Driver/Src/stm32f4xx_hal_cortex.o
 .text.__NVIC_EnableIRQ
                0x080010f8       0x3c ./Drivers/STM32F4xx_HAL_Driver/Src/stm32f4xx_hal_cortex.o
 .text.__NVIC_SetPriority
                0x08001134       0x54 ./Drivers/STM32F4xx_HAL_Driver/Src/stm32f4xx_hal_cortex.o
 .text.NVIC_EncodePriority
                0x08001188       0x66 ./Drivers/STM32F4xx_HAL_Driver/Src/stm32f4xx_hal_cortex.o
 *fill*         0x080011ee        0x2 
 .text.SysTick_Config
                0x080011f0       0x44 ./Drivers/STM32F4xx_HAL_Driver/Src/stm32f4xx_hal_cortex.o
 .text.HAL_NVIC_SetPriorityGrouping
                0x08001234       0x16 ./Drivers/STM32F4xx_HAL_Driver/Src/stm32f4xx_hal_cortex.o
                0x08001234                HAL_NVIC_SetPriorityGrouping
 .text.HAL_NVIC_SetPriority
                0x0800124a       0x38 ./Drivers/STM32F4xx_HAL_Driver/Src/stm32f4xx_hal_cortex.o
                0x0800124a                HAL_NVIC_SetPriority
 .text.HAL_NVIC_EnableIRQ
                0x08001282       0x1c ./Drivers/STM32F4xx_HAL_Driver/Src/stm32f4xx_hal_cortex.o
                0x08001282                HAL_NVIC_EnableIRQ
 .text.HAL_SYSTICK_Config
                0x0800129e       0x18 ./Drivers/STM32F4xx_HAL_Driver/Src/stm32f4xx_hal_cortex.o
                0x0800129e                HAL_SYSTICK_Config
 .text.HAL_DMA_Abort
                0x080012b6       0xe0 ./Drivers/STM32F4xx_HAL_Driver/Src/stm32f4xx_hal_dma.o
                0x080012b6                HAL_DMA_Abort
 .text.HAL_DMA_Abort_IT
                0x08001396       0x44 ./Drivers/STM32F4xx_HAL_Driver/Src/stm32f4xx_hal_dma.o
                0x08001396                HAL_DMA_Abort_IT
 *fill*         0x080013da        0x2 
 .text.HAL_GPIO_Init
                0x080013dc      0x308 ./Drivers/STM32F4xx_HAL_Driver/Src/stm32f4xx_hal_gpio.o
                0x080013dc                HAL_GPIO_Init
 .text.HAL_GPIO_WritePin
                0x080016e4       0x32 ./Drivers/STM32F4xx_HAL_Driver/Src/stm32f4xx_hal_gpio.o
                0x080016e4                HAL_GPIO_WritePin
 *fill*         0x08001716        0x2 
 .text.HAL_I2C_Init
                0x08001718      0x288 ./Drivers/STM32F4xx_HAL_Driver/Src/stm32f4xx_hal_i2c.o
                0x08001718                HAL_I2C_Init
 .text.HAL_RCC_OscConfig
                0x080019a0      0x4f0 ./Drivers/STM32F4xx_HAL_Driver/Src/stm32f4xx_hal_rcc.o
                0x080019a0                HAL_RCC_OscConfig
 .text.HAL_RCC_ClockConfig
                0x08001e90      0x1cc ./Drivers/STM32F4xx_HAL_Driver/Src/stm32f4xx_hal_rcc.o
                0x08001e90                HAL_RCC_ClockConfig
 .text.HAL_RCC_GetSysClockFreq
                0x0800205c      0x18c ./Drivers/STM32F4xx_HAL_Driver/Src/stm32f4xx_hal_rcc.o
                0x0800205c                HAL_RCC_GetSysClockFreq
 .text.HAL_RCC_GetHCLKFreq
                0x080021e8       0x18 ./Drivers/STM32F4xx_HAL_Driver/Src/stm32f4xx_hal_rcc.o
                0x080021e8                HAL_RCC_GetHCLKFreq
 .text.HAL_RCC_GetPCLK1Freq
                0x08002200       0x28 ./Drivers/STM32F4xx_HAL_Driver/Src/stm32f4xx_hal_rcc.o
                0x08002200                HAL_RCC_GetPCLK1Freq
 .text.HAL_RCC_GetPCLK2Freq
                0x08002228       0x28 ./Drivers/STM32F4xx_HAL_Driver/Src/stm32f4xx_hal_rcc.o
                0x08002228                HAL_RCC_GetPCLK2Freq
 .text.HAL_UART_Init
                0x08002250       0xa0 ./Drivers/STM32F4xx_HAL_Driver/Src/stm32f4xx_hal_uart.o
                0x08002250                HAL_UART_Init
 .text.HAL_UART_Transmit
                0x080022f0      0x116 ./Drivers/STM32F4xx_HAL_Driver/Src/stm32f4xx_hal_uart.o
                0x080022f0                HAL_UART_Transmit
 .text.HAL_UART_Transmit_IT
                0x08002406       0x6c ./Drivers/STM32F4xx_HAL_Driver/Src/stm32f4xx_hal_uart.o
                0x08002406                HAL_UART_Transmit_IT
 .text.HAL_UART_Receive_IT
                0x08002472       0x4a ./Drivers/STM32F4xx_HAL_Driver/Src/stm32f4xx_hal_uart.o
                0x08002472                HAL_UART_Receive_IT
 .text.HAL_UART_IRQHandler
                0x080024bc      0x524 ./Drivers/STM32F4xx_HAL_Driver/Src/stm32f4xx_hal_uart.o
                0x080024bc                HAL_UART_IRQHandler
 .text.HAL_UART_ErrorCallback
                0x080029e0       0x14 ./Drivers/STM32F4xx_HAL_Driver/Src/stm32f4xx_hal_uart.o
                0x080029e0                HAL_UART_ErrorCallback
 .text.HAL_UARTEx_RxEventCallback
                0x080029f4       0x18 ./Drivers/STM32F4xx_HAL_Driver/Src/stm32f4xx_hal_uart.o
                0x080029f4                HAL_UARTEx_RxEventCallback
 .text.UART_WaitOnFlagUntilTimeout
                0x08002a0c       0xb2 ./Drivers/STM32F4xx_HAL_Driver/Src/stm32f4xx_hal_uart.o
 .text.UART_Start_Receive_IT
                0x08002abe       0x74 ./Drivers/STM32F4xx_HAL_Driver/Src/stm32f4xx_hal_uart.o
                0x08002abe                UART_Start_Receive_IT
 .text.UART_EndRxTransfer
                0x08002b32       0xc6 ./Drivers/STM32F4xx_HAL_Driver/Src/stm32f4xx_hal_uart.o
 .text.UART_DMAAbortOnError
                0x08002bf8       0x28 ./Drivers/STM32F4xx_HAL_Driver/Src/stm32f4xx_hal_uart.o
 .text.UART_Transmit_IT
                0x08002c20       0xa0 ./Drivers/STM32F4xx_HAL_Driver/Src/stm32f4xx_hal_uart.o
 .text.UART_EndTransmit_IT
                0x08002cc0       0x30 ./Drivers/STM32F4xx_HAL_Driver/Src/stm32f4xx_hal_uart.o
 .text.UART_Receive_IT
                0x08002cf0      0x17c ./Drivers/STM32F4xx_HAL_Driver/Src/stm32f4xx_hal_uart.o
 .text.UART_SetConfig
                0x08002e6c      0x4e8 ./Drivers/STM32F4xx_HAL_Driver/Src/stm32f4xx_hal_uart.o
 .text.gapcom_create
                0x08003354       0x60 /home/valentin/GISTRE/2025/ARM/libgapcom/Debug/liblibgapcom.a(gapcom.o)
                0x08003354                gapcom_create
 .text.gapcom_set_sender_impl
                0x080033b4       0x24 /home/valentin/GISTRE/2025/ARM/libgapcom/Debug/liblibgapcom.a(gapcom.o)
                0x080033b4                gapcom_set_sender_impl
 .text.gapcom_install_callback
                0x080033d8       0x32 /home/valentin/GISTRE/2025/ARM/libgapcom/Debug/liblibgapcom.a(gapcom.o)
                0x080033d8                gapcom_install_callback
 .text.gapcom_accept
                0x0800340a       0x20 /home/valentin/GISTRE/2025/ARM/libgapcom/Debug/liblibgapcom.a(gapcom.o)
                0x0800340a                gapcom_accept
 .text.TF_ClearMsg
                0x0800342a       0x1a /home/valentin/GISTRE/2025/ARM/libgapcom/Debug/liblibgapcom.a(gapcom_core.o)
 .text.TF_WriteImpl
                0x08003444       0x36 /home/valentin/GISTRE/2025/ARM/libgapcom/Debug/liblibgapcom.a(gapcom_core.o)
                0x08003444                TF_WriteImpl
 *fill*         0x0800347a        0x2 
 .text.gapcom_tf_id_listener
                0x0800347c      0x40c /home/valentin/GISTRE/2025/ARM/libgapcom/Debug/liblibgapcom.a(gapcom_core.o)
                0x0800347c                gapcom_tf_id_listener
 .text.gapcom_encapsulate_tf
                0x08003888       0x5e /home/valentin/GISTRE/2025/ARM/libgapcom/Debug/liblibgapcom.a(gapcom_core.o)
                0x08003888                gapcom_encapsulate_tf
 *fill*         0x080038e6        0x2 
 .text.gapcom_respond_ping
                0x080038e8       0xb4 /home/valentin/GISTRE/2025/ARM/libgapcom/Debug/liblibgapcom.a(gapcom_server.o)
                0x080038e8                gapcom_respond_ping
 .text.gapcom_respond_set_log_verbosity
                0x0800399c       0xb4 /home/valentin/GISTRE/2025/ARM/libgapcom/Debug/liblibgapcom.a(gapcom_server.o)
                0x0800399c                gapcom_respond_set_log_verbosity
 .text.buf_read
                0x08003a50       0x38 /home/valentin/GISTRE/2025/ARM/libgapcom/Debug/liblibgapcom.a(pb_decode.o)
 .text.pb_read  0x08003a88       0xec /home/valentin/GISTRE/2025/ARM/libgapcom/Debug/liblibgapcom.a(pb_decode.o)
                0x08003a88                pb_read
 .text.pb_readbyte
                0x08003b74       0x78 /home/valentin/GISTRE/2025/ARM/libgapcom/Debug/liblibgapcom.a(pb_decode.o)
 .text.pb_istream_from_buffer
                0x08003bec       0x3c /home/valentin/GISTRE/2025/ARM/libgapcom/Debug/liblibgapcom.a(pb_decode.o)
                0x08003bec                pb_istream_from_buffer
 .text.pb_decode_varint32_eof
                0x08003c28      0x154 /home/valentin/GISTRE/2025/ARM/libgapcom/Debug/liblibgapcom.a(pb_decode.o)
 .text.pb_decode_varint32
                0x08003d7c       0x1e /home/valentin/GISTRE/2025/ARM/libgapcom/Debug/liblibgapcom.a(pb_decode.o)
                0x08003d7c                pb_decode_varint32
 *fill*         0x08003d9a        0x2 
 .text.pb_decode_varint
                0x08003d9c       0xcc /home/valentin/GISTRE/2025/ARM/libgapcom/Debug/liblibgapcom.a(pb_decode.o)
                0x08003d9c                pb_decode_varint
 .text.pb_skip_varint
                0x08003e68       0x38 /home/valentin/GISTRE/2025/ARM/libgapcom/Debug/liblibgapcom.a(pb_decode.o)
 .text.pb_skip_string
                0x08003ea0       0x3a /home/valentin/GISTRE/2025/ARM/libgapcom/Debug/liblibgapcom.a(pb_decode.o)
 .text.pb_decode_tag
                0x08003eda       0x5e /home/valentin/GISTRE/2025/ARM/libgapcom/Debug/liblibgapcom.a(pb_decode.o)
                0x08003eda                pb_decode_tag
 .text.pb_skip_field
                0x08003f38       0x84 /home/valentin/GISTRE/2025/ARM/libgapcom/Debug/liblibgapcom.a(pb_decode.o)
                0x08003f38                pb_skip_field
 .text.read_raw_value
                0x08003fbc       0xd8 /home/valentin/GISTRE/2025/ARM/libgapcom/Debug/liblibgapcom.a(pb_decode.o)
 .text.pb_make_string_substream
                0x08004094       0x74 /home/valentin/GISTRE/2025/ARM/libgapcom/Debug/liblibgapcom.a(pb_decode.o)
                0x08004094                pb_make_string_substream
 .text.pb_close_string_substream
                0x08004108       0x4a /home/valentin/GISTRE/2025/ARM/libgapcom/Debug/liblibgapcom.a(pb_decode.o)
                0x08004108                pb_close_string_substream
 *fill*         0x08004152        0x2 
 .text.decode_basic_field
                0x08004154      0x1ec /home/valentin/GISTRE/2025/ARM/libgapcom/Debug/liblibgapcom.a(pb_decode.o)
 .text.decode_static_field
                0x08004340      0x280 /home/valentin/GISTRE/2025/ARM/libgapcom/Debug/liblibgapcom.a(pb_decode.o)
 .text.decode_pointer_field
                0x080045c0       0x34 /home/valentin/GISTRE/2025/ARM/libgapcom/Debug/liblibgapcom.a(pb_decode.o)
 .text.decode_callback_field
                0x080045f4      0x114 /home/valentin/GISTRE/2025/ARM/libgapcom/Debug/liblibgapcom.a(pb_decode.o)
 .text.decode_field
                0x08004708       0x7c /home/valentin/GISTRE/2025/ARM/libgapcom/Debug/liblibgapcom.a(pb_decode.o)
 .text.default_extension_decoder
                0x08004784       0x74 /home/valentin/GISTRE/2025/ARM/libgapcom/Debug/liblibgapcom.a(pb_decode.o)
 .text.decode_extension
                0x080047f8       0x78 /home/valentin/GISTRE/2025/ARM/libgapcom/Debug/liblibgapcom.a(pb_decode.o)
 .text.pb_field_set_to_default
                0x08004870      0x182 /home/valentin/GISTRE/2025/ARM/libgapcom/Debug/liblibgapcom.a(pb_decode.o)
 .text.pb_message_set_to_defaults
                0x080049f2       0xfa /home/valentin/GISTRE/2025/ARM/libgapcom/Debug/liblibgapcom.a(pb_decode.o)
 .text.pb_decode_inner
                0x08004aec      0x374 /home/valentin/GISTRE/2025/ARM/libgapcom/Debug/liblibgapcom.a(pb_decode.o)
 .text.pb_decode
                0x08004e60       0x26 /home/valentin/GISTRE/2025/ARM/libgapcom/Debug/liblibgapcom.a(pb_decode.o)
                0x08004e60                pb_decode
 .text.pb_decode_bool
                0x08004e86       0x40 /home/valentin/GISTRE/2025/ARM/libgapcom/Debug/liblibgapcom.a(pb_decode.o)
                0x08004e86                pb_decode_bool
 .text.pb_decode_svarint
                0x08004ec6       0x86 /home/valentin/GISTRE/2025/ARM/libgapcom/Debug/liblibgapcom.a(pb_decode.o)
                0x08004ec6                pb_decode_svarint
 .text.pb_decode_fixed32
                0x08004f4c       0x38 /home/valentin/GISTRE/2025/ARM/libgapcom/Debug/liblibgapcom.a(pb_decode.o)
                0x08004f4c                pb_decode_fixed32
 .text.pb_decode_fixed64
                0x08004f84       0x3c /home/valentin/GISTRE/2025/ARM/libgapcom/Debug/liblibgapcom.a(pb_decode.o)
                0x08004f84                pb_decode_fixed64
 .text.pb_dec_bool
                0x08004fc0       0x20 /home/valentin/GISTRE/2025/ARM/libgapcom/Debug/liblibgapcom.a(pb_decode.o)
 .text.pb_dec_varint
                0x08004fe0      0x258 /home/valentin/GISTRE/2025/ARM/libgapcom/Debug/liblibgapcom.a(pb_decode.o)
 .text.pb_dec_bytes
                0x08005238       0xe8 /home/valentin/GISTRE/2025/ARM/libgapcom/Debug/liblibgapcom.a(pb_decode.o)
 .text.pb_dec_string
                0x08005320       0xf8 /home/valentin/GISTRE/2025/ARM/libgapcom/Debug/liblibgapcom.a(pb_decode.o)
 .text.pb_dec_submessage
                0x08005418      0x114 /home/valentin/GISTRE/2025/ARM/libgapcom/Debug/liblibgapcom.a(pb_decode.o)
 .text.pb_dec_fixed_length_bytes
                0x0800552c       0xa8 /home/valentin/GISTRE/2025/ARM/libgapcom/Debug/liblibgapcom.a(pb_decode.o)
 .text.buf_write
                0x080055d4       0x30 /home/valentin/GISTRE/2025/ARM/libgapcom/Debug/liblibgapcom.a(pb_encode.o)
 .text.pb_ostream_from_buffer
                0x08005604       0x40 /home/valentin/GISTRE/2025/ARM/libgapcom/Debug/liblibgapcom.a(pb_encode.o)
                0x08005604                pb_ostream_from_buffer
 .text.pb_write
                0x08005644       0xa0 /home/valentin/GISTRE/2025/ARM/libgapcom/Debug/liblibgapcom.a(pb_encode.o)
                0x08005644                pb_write
 .text.safe_read_bool
                0x080056e4       0x3c /home/valentin/GISTRE/2025/ARM/libgapcom/Debug/liblibgapcom.a(pb_encode.o)
 .text.encode_array
                0x08005720      0x2a8 /home/valentin/GISTRE/2025/ARM/libgapcom/Debug/liblibgapcom.a(pb_encode.o)
 .text.pb_check_proto3_default_value
                0x080059c8      0x23c /home/valentin/GISTRE/2025/ARM/libgapcom/Debug/liblibgapcom.a(pb_encode.o)
 .text.encode_basic_field
                0x08005c04       0xe8 /home/valentin/GISTRE/2025/ARM/libgapcom/Debug/liblibgapcom.a(pb_encode.o)
 .text.encode_callback_field
                0x08005cec       0x54 /home/valentin/GISTRE/2025/ARM/libgapcom/Debug/liblibgapcom.a(pb_encode.o)
 .text.encode_field
                0x08005d40       0xe8 /home/valentin/GISTRE/2025/ARM/libgapcom/Debug/liblibgapcom.a(pb_encode.o)
 .text.default_extension_encoder
                0x08005e28       0x54 /home/valentin/GISTRE/2025/ARM/libgapcom/Debug/liblibgapcom.a(pb_encode.o)
 .text.encode_extension_field
                0x08005e7c       0x62 /home/valentin/GISTRE/2025/ARM/libgapcom/Debug/liblibgapcom.a(pb_encode.o)
 .text.pb_encode
                0x08005ede       0x88 /home/valentin/GISTRE/2025/ARM/libgapcom/Debug/liblibgapcom.a(pb_encode.o)
                0x08005ede                pb_encode
 .text.pb_encode_varint_32
                0x08005f66       0xd4 /home/valentin/GISTRE/2025/ARM/libgapcom/Debug/liblibgapcom.a(pb_encode.o)
 .text.pb_encode_varint
                0x0800603a       0x56 /home/valentin/GISTRE/2025/ARM/libgapcom/Debug/liblibgapcom.a(pb_encode.o)
                0x0800603a                pb_encode_varint
 .text.pb_encode_svarint
                0x08006090       0x74 /home/valentin/GISTRE/2025/ARM/libgapcom/Debug/liblibgapcom.a(pb_encode.o)
                0x08006090                pb_encode_svarint
 .text.pb_encode_fixed32
                0x08006104       0x1e /home/valentin/GISTRE/2025/ARM/libgapcom/Debug/liblibgapcom.a(pb_encode.o)
                0x08006104                pb_encode_fixed32
 .text.pb_encode_fixed64
                0x08006122       0x1e /home/valentin/GISTRE/2025/ARM/libgapcom/Debug/liblibgapcom.a(pb_encode.o)
                0x08006122                pb_encode_fixed64
 .text.pb_encode_tag
                0x08006140       0x52 /home/valentin/GISTRE/2025/ARM/libgapcom/Debug/liblibgapcom.a(pb_encode.o)
                0x08006140                pb_encode_tag
 *fill*         0x08006192        0x2 
 .text.pb_encode_tag_for_field
                0x08006194       0x9c /home/valentin/GISTRE/2025/ARM/libgapcom/Debug/liblibgapcom.a(pb_encode.o)
                0x08006194                pb_encode_tag_for_field
 .text.pb_encode_string
                0x08006230       0x42 /home/valentin/GISTRE/2025/ARM/libgapcom/Debug/liblibgapcom.a(pb_encode.o)
                0x08006230                pb_encode_string
 *fill*         0x08006272        0x2 
 .text.pb_encode_submessage
                0x08006274      0x11c /home/valentin/GISTRE/2025/ARM/libgapcom/Debug/liblibgapcom.a(pb_encode.o)
                0x08006274                pb_encode_submessage
 .text.pb_enc_bool
                0x08006390       0x34 /home/valentin/GISTRE/2025/ARM/libgapcom/Debug/liblibgapcom.a(pb_encode.o)
 .text.pb_enc_varint
                0x080063c4      0x184 /home/valentin/GISTRE/2025/ARM/libgapcom/Debug/liblibgapcom.a(pb_encode.o)
 .text.pb_enc_fixed
                0x08006548       0x5c /home/valentin/GISTRE/2025/ARM/libgapcom/Debug/liblibgapcom.a(pb_encode.o)
 .text.pb_enc_bytes
                0x080065a4       0x7c /home/valentin/GISTRE/2025/ARM/libgapcom/Debug/liblibgapcom.a(pb_encode.o)
 .text.pb_enc_string
                0x08006620       0xbc /home/valentin/GISTRE/2025/ARM/libgapcom/Debug/liblibgapcom.a(pb_encode.o)
 .text.pb_enc_submessage
                0x080066dc       0x8c /home/valentin/GISTRE/2025/ARM/libgapcom/Debug/liblibgapcom.a(pb_encode.o)
 .text.pb_enc_fixed_length_bytes
                0x08006768       0x24 /home/valentin/GISTRE/2025/ARM/libgapcom/Debug/liblibgapcom.a(pb_encode.o)
 .text.TF_ClearMsg
                0x0800678c       0x1a /home/valentin/GISTRE/2025/ARM/libgapcom/Debug/liblibgapcom.a(TinyFrame.o)
 *fill*         0x080067a6        0x2 
 .text.TF_ClaimTx
                0x080067a8       0x3c /home/valentin/GISTRE/2025/ARM/libgapcom/Debug/liblibgapcom.a(TinyFrame.o)
 .text.TF_ReleaseTx
                0x080067e4       0x20 /home/valentin/GISTRE/2025/ARM/libgapcom/Debug/liblibgapcom.a(TinyFrame.o)
 .text.TF_CksumStart
                0x08006804       0x10 /home/valentin/GISTRE/2025/ARM/libgapcom/Debug/liblibgapcom.a(TinyFrame.o)
 .text.TF_CksumAdd
                0x08006814       0x38 /home/valentin/GISTRE/2025/ARM/libgapcom/Debug/liblibgapcom.a(TinyFrame.o)
 .text.TF_CksumEnd
                0x0800684c       0x18 /home/valentin/GISTRE/2025/ARM/libgapcom/Debug/liblibgapcom.a(TinyFrame.o)
 .text.TF_InitStatic
                0x08006864       0x54 /home/valentin/GISTRE/2025/ARM/libgapcom/Debug/liblibgapcom.a(TinyFrame.o)
                0x08006864                TF_InitStatic
 .text.renew_id_listener
                0x080068b8       0x1c /home/valentin/GISTRE/2025/ARM/libgapcom/Debug/liblibgapcom.a(TinyFrame.o)
 .text.cleanup_id_listener
                0x080068d4       0x7e /home/valentin/GISTRE/2025/ARM/libgapcom/Debug/liblibgapcom.a(TinyFrame.o)
 .text.cleanup_type_listener
                0x08006952       0x4a /home/valentin/GISTRE/2025/ARM/libgapcom/Debug/liblibgapcom.a(TinyFrame.o)
 .text.cleanup_generic_listener
                0x0800699c       0x4a /home/valentin/GISTRE/2025/ARM/libgapcom/Debug/liblibgapcom.a(TinyFrame.o)
 *fill*         0x080069e6        0x2 
 .text.TF_AddIdListener
                0x080069e8       0xa4 /home/valentin/GISTRE/2025/ARM/libgapcom/Debug/liblibgapcom.a(TinyFrame.o)
                0x080069e8                TF_AddIdListener
 .text.TF_AddGenericListener
                0x08006a8c       0x70 /home/valentin/GISTRE/2025/ARM/libgapcom/Debug/liblibgapcom.a(TinyFrame.o)
                0x08006a8c                TF_AddGenericListener
 .text.TF_HandleReceivedMessage
                0x08006afc      0x200 /home/valentin/GISTRE/2025/ARM/libgapcom/Debug/liblibgapcom.a(TinyFrame.o)
 .text.TF_Accept
                0x08006cfc       0x3a /home/valentin/GISTRE/2025/ARM/libgapcom/Debug/liblibgapcom.a(TinyFrame.o)
                0x08006cfc                TF_Accept
 .text.TF_ResetParser
                0x08006d36       0x1a /home/valentin/GISTRE/2025/ARM/libgapcom/Debug/liblibgapcom.a(TinyFrame.o)
                0x08006d36                TF_ResetParser
 .text.pars_begin_frame
                0x08006d50       0x60 /home/valentin/GISTRE/2025/ARM/libgapcom/Debug/liblibgapcom.a(TinyFrame.o)
 .text.TF_AcceptChar
                0x08006db0      0x448 /home/valentin/GISTRE/2025/ARM/libgapcom/Debug/liblibgapcom.a(TinyFrame.o)
                0x08006db0                TF_AcceptChar
 .text.TF_ComposeHead
                0x080071f8      0x1ba /home/valentin/GISTRE/2025/ARM/libgapcom/Debug/liblibgapcom.a(TinyFrame.o)
 .text.TF_ComposeBody
                0x080073b2       0x68 /home/valentin/GISTRE/2025/ARM/libgapcom/Debug/liblibgapcom.a(TinyFrame.o)
 .text.TF_ComposeTail
                0x0800741a       0x6c /home/valentin/GISTRE/2025/ARM/libgapcom/Debug/liblibgapcom.a(TinyFrame.o)
 .text.TF_SendFrame_Begin
                0x08007486       0x90 /home/valentin/GISTRE/2025/ARM/libgapcom/Debug/liblibgapcom.a(TinyFrame.o)
 .text.TF_SendFrame_Chunk
                0x08007516       0xc8 /home/valentin/GISTRE/2025/ARM/libgapcom/Debug/liblibgapcom.a(TinyFrame.o)
 .text.TF_SendFrame_End
                0x080075de       0xb4 /home/valentin/GISTRE/2025/ARM/libgapcom/Debug/liblibgapcom.a(TinyFrame.o)
 .text.TF_SendFrame
                0x08007692       0x5a /home/valentin/GISTRE/2025/ARM/libgapcom/Debug/liblibgapcom.a(TinyFrame.o)
 .text.TF_Send  0x080076ec       0x20 /home/valentin/GISTRE/2025/ARM/libgapcom/Debug/liblibgapcom.a(TinyFrame.o)
                0x080076ec                TF_Send
 .text.TF_Respond
                0x0800770c       0x22 /home/valentin/GISTRE/2025/ARM/libgapcom/Debug/liblibgapcom.a(TinyFrame.o)
                0x0800770c                TF_Respond
 .text.load_descriptor_values
                0x0800772e      0x2d4 /home/valentin/GISTRE/2025/ARM/libgapcom/Debug/liblibgapcom.a(pb_common.o)
 .text.advance_iterator
                0x08007a02       0xc0 /home/valentin/GISTRE/2025/ARM/libgapcom/Debug/liblibgapcom.a(pb_common.o)
 .text.pb_field_iter_begin
                0x08007ac2       0x32 /home/valentin/GISTRE/2025/ARM/libgapcom/Debug/liblibgapcom.a(pb_common.o)
                0x08007ac2                pb_field_iter_begin
 .text.pb_field_iter_begin_extension
                0x08007af4       0x60 /home/valentin/GISTRE/2025/ARM/libgapcom/Debug/liblibgapcom.a(pb_common.o)
                0x08007af4                pb_field_iter_begin_extension
 .text.pb_field_iter_next
                0x08007b54       0x2a /home/valentin/GISTRE/2025/ARM/libgapcom/Debug/liblibgapcom.a(pb_common.o)
                0x08007b54                pb_field_iter_next
 .text.pb_field_iter_find
                0x08007b7e       0xac /home/valentin/GISTRE/2025/ARM/libgapcom/Debug/liblibgapcom.a(pb_common.o)
                0x08007b7e                pb_field_iter_find
 .text.pb_field_iter_find_extension
                0x08007c2a       0x66 /home/valentin/GISTRE/2025/ARM/libgapcom/Debug/liblibgapcom.a(pb_common.o)
                0x08007c2a                pb_field_iter_find_extension
 .text.pb_const_cast
                0x08007c90       0x1a /home/valentin/GISTRE/2025/ARM/libgapcom/Debug/liblibgapcom.a(pb_common.o)
 .text.pb_field_iter_begin_const
                0x08007caa       0x28 /home/valentin/GISTRE/2025/ARM/libgapcom/Debug/liblibgapcom.a(pb_common.o)
                0x08007caa                pb_field_iter_begin_const
 .text.pb_field_iter_begin_extension_const
                0x08007cd2       0x24 /home/valentin/GISTRE/2025/ARM/libgapcom/Debug/liblibgapcom.a(pb_common.o)
                0x08007cd2                pb_field_iter_begin_extension_const
 .text.pb_default_field_callback
                0x08007cf6       0x6a /home/valentin/GISTRE/2025/ARM/libgapcom/Debug/liblibgapcom.a(pb_common.o)
                0x08007cf6                pb_default_field_callback
 .text.calloc   0x08007d60       0x10 /opt/st/stm32cubeide_1.18.1/plugins/com.st.stm32cube.ide.mcu.externaltools.gnu-tools-for-stm32.13.3.rel1.linux64_1.0.0.202410170706/tools/bin/../lib/gcc/arm-none-eabi/13.3.1/../../../../arm-none-eabi/lib/thumb/v7e-m+fp/hard/libc_nano.a(libc_a-calloc.o)
                0x08007d60                calloc
 .text._calloc_r
                0x08007d70       0x28 /opt/st/stm32cubeide_1.18.1/plugins/com.st.stm32cube.ide.mcu.externaltools.gnu-tools-for-stm32.13.3.rel1.linux64_1.0.0.202410170706/tools/bin/../lib/gcc/arm-none-eabi/13.3.1/../../../../arm-none-eabi/lib/thumb/v7e-m+fp/hard/libc_nano.a(libc_a-callocr.o)
                0x08007d70                _calloc_r
 .text.free     0x08007d98       0x10 /opt/st/stm32cubeide_1.18.1/plugins/com.st.stm32cube.ide.mcu.externaltools.gnu-tools-for-stm32.13.3.rel1.linux64_1.0.0.202410170706/tools/bin/../lib/gcc/arm-none-eabi/13.3.1/../../../../arm-none-eabi/lib/thumb/v7e-m+fp/hard/libc_nano.a(libc_a-malloc.o)
                0x08007d98                free
 .text.sbrk_aligned
                0x08007da8       0x44 /opt/st/stm32cubeide_1.18.1/plugins/com.st.stm32cube.ide.mcu.externaltools.gnu-tools-for-stm32.13.3.rel1.linux64_1.0.0.202410170706/tools/bin/../lib/gcc/arm-none-eabi/13.3.1/../../../../arm-none-eabi/lib/thumb/v7e-m+fp/hard/libc_nano.a(libc_a-mallocr.o)
 .text._malloc_r
                0x08007dec      0x100 /opt/st/stm32cubeide_1.18.1/plugins/com.st.stm32cube.ide.mcu.externaltools.gnu-tools-for-stm32.13.3.rel1.linux64_1.0.0.202410170706/tools/bin/../lib/gcc/arm-none-eabi/13.3.1/../../../../arm-none-eabi/lib/thumb/v7e-m+fp/hard/libc_nano.a(libc_a-mallocr.o)
                0x08007dec                _malloc_r
 .text.__malloc_lock
                0x08007eec        0xc /opt/st/stm32cubeide_1.18.1/plugins/com.st.stm32cube.ide.mcu.externaltools.gnu-tools-for-stm32.13.3.rel1.linux64_1.0.0.202410170706/tools/bin/../lib/gcc/arm-none-eabi/13.3.1/../../../../arm-none-eabi/lib/thumb/v7e-m+fp/hard/libc_nano.a(libc_a-mlock.o)
                0x08007eec                __malloc_lock
 .text.__malloc_unlock
                0x08007ef8        0xc /opt/st/stm32cubeide_1.18.1/plugins/com.st.stm32cube.ide.mcu.externaltools.gnu-tools-for-stm32.13.3.rel1.linux64_1.0.0.202410170706/tools/bin/../lib/gcc/arm-none-eabi/13.3.1/../../../../arm-none-eabi/lib/thumb/v7e-m+fp/hard/libc_nano.a(libc_a-mlock.o)
                0x08007ef8                __malloc_unlock
 .text.std      0x08007f04       0x6c /opt/st/stm32cubeide_1.18.1/plugins/com.st.stm32cube.ide.mcu.externaltools.gnu-tools-for-stm32.13.3.rel1.linux64_1.0.0.202410170706/tools/bin/../lib/gcc/arm-none-eabi/13.3.1/../../../../arm-none-eabi/lib/thumb/v7e-m+fp/hard/libc_nano.a(libc_a-findfp.o)
 .text.stdio_exit_handler
                0x08007f70       0x18 /opt/st/stm32cubeide_1.18.1/plugins/com.st.stm32cube.ide.mcu.externaltools.gnu-tools-for-stm32.13.3.rel1.linux64_1.0.0.202410170706/tools/bin/../lib/gcc/arm-none-eabi/13.3.1/../../../../arm-none-eabi/lib/thumb/v7e-m+fp/hard/libc_nano.a(libc_a-findfp.o)
 .text.cleanup_stdio
                0x08007f88       0x40 /opt/st/stm32cubeide_1.18.1/plugins/com.st.stm32cube.ide.mcu.externaltools.gnu-tools-for-stm32.13.3.rel1.linux64_1.0.0.202410170706/tools/bin/../lib/gcc/arm-none-eabi/13.3.1/../../../../arm-none-eabi/lib/thumb/v7e-m+fp/hard/libc_nano.a(libc_a-findfp.o)
 .text.global_stdio_init.part.0
                0x08007fc8       0x3c /opt/st/stm32cubeide_1.18.1/plugins/com.st.stm32cube.ide.mcu.externaltools.gnu-tools-for-stm32.13.3.rel1.linux64_1.0.0.202410170706/tools/bin/../lib/gcc/arm-none-eabi/13.3.1/../../../../arm-none-eabi/lib/thumb/v7e-m+fp/hard/libc_nano.a(libc_a-findfp.o)
 .text.__sfp_lock_acquire
                0x08008004        0xc /opt/st/stm32cubeide_1.18.1/plugins/com.st.stm32cube.ide.mcu.externaltools.gnu-tools-for-stm32.13.3.rel1.linux64_1.0.0.202410170706/tools/bin/../lib/gcc/arm-none-eabi/13.3.1/../../../../arm-none-eabi/lib/thumb/v7e-m+fp/hard/libc_nano.a(libc_a-findfp.o)
                0x08008004                __sfp_lock_acquire
 .text.__sfp_lock_release
                0x08008010        0xc /opt/st/stm32cubeide_1.18.1/plugins/com.st.stm32cube.ide.mcu.externaltools.gnu-tools-for-stm32.13.3.rel1.linux64_1.0.0.202410170706/tools/bin/../lib/gcc/arm-none-eabi/13.3.1/../../../../arm-none-eabi/lib/thumb/v7e-m+fp/hard/libc_nano.a(libc_a-findfp.o)
                0x08008010                __sfp_lock_release
 .text.__sinit  0x0800801c       0x30 /opt/st/stm32cubeide_1.18.1/plugins/com.st.stm32cube.ide.mcu.externaltools.gnu-tools-for-stm32.13.3.rel1.linux64_1.0.0.202410170706/tools/bin/../lib/gcc/arm-none-eabi/13.3.1/../../../../arm-none-eabi/lib/thumb/v7e-m+fp/hard/libc_nano.a(libc_a-findfp.o)
                0x0800801c                __sinit
 .text._fwalk_sglue
                0x0800804c       0x3c /opt/st/stm32cubeide_1.18.1/plugins/com.st.stm32cube.ide.mcu.externaltools.gnu-tools-for-stm32.13.3.rel1.linux64_1.0.0.202410170706/tools/bin/../lib/gcc/arm-none-eabi/13.3.1/../../../../arm-none-eabi/lib/thumb/v7e-m+fp/hard/libc_nano.a(libc_a-fwalk.o)
                0x0800804c                _fwalk_sglue
 .text.printf   0x08008088       0x24 /opt/st/stm32cubeide_1.18.1/plugins/com.st.stm32cube.ide.mcu.externaltools.gnu-tools-for-stm32.13.3.rel1.linux64_1.0.0.202410170706/tools/bin/../lib/gcc/arm-none-eabi/13.3.1/../../../../arm-none-eabi/lib/thumb/v7e-m+fp/hard/libc_nano.a(libc_a-printf.o)
                0x08008088                printf
                0x08008088                iprintf
 .text._puts_r  0x080080ac       0xaa /opt/st/stm32cubeide_1.18.1/plugins/com.st.stm32cube.ide.mcu.externaltools.gnu-tools-for-stm32.13.3.rel1.linux64_1.0.0.202410170706/tools/bin/../lib/gcc/arm-none-eabi/13.3.1/../../../../arm-none-eabi/lib/thumb/v7e-m+fp/hard/libc_nano.a(libc_a-puts.o)
                0x080080ac                _puts_r
 *fill*         0x08008156        0x2 
 .text.puts     0x08008158       0x10 /opt/st/stm32cubeide_1.18.1/plugins/com.st.stm32cube.ide.mcu.externaltools.gnu-tools-for-stm32.13.3.rel1.linux64_1.0.0.202410170706/tools/bin/../lib/gcc/arm-none-eabi/13.3.1/../../../../arm-none-eabi/lib/thumb/v7e-m+fp/hard/libc_nano.a(libc_a-puts.o)
                0x08008158                puts
 .text.sprintf  0x08008168       0x44 /opt/st/stm32cubeide_1.18.1/plugins/com.st.stm32cube.ide.mcu.externaltools.gnu-tools-for-stm32.13.3.rel1.linux64_1.0.0.202410170706/tools/bin/../lib/gcc/arm-none-eabi/13.3.1/../../../../arm-none-eabi/lib/thumb/v7e-m+fp/hard/libc_nano.a(libc_a-sprintf.o)
                0x08008168                sprintf
                0x08008168                siprintf
 .text.__sread  0x080081ac       0x22 /opt/st/stm32cubeide_1.18.1/plugins/com.st.stm32cube.ide.mcu.externaltools.gnu-tools-for-stm32.13.3.rel1.linux64_1.0.0.202410170706/tools/bin/../lib/gcc/arm-none-eabi/13.3.1/../../../../arm-none-eabi/lib/thumb/v7e-m+fp/hard/libc_nano.a(libc_a-stdio.o)
                0x080081ac                __sread
 .text.__swrite
                0x080081ce       0x38 /opt/st/stm32cubeide_1.18.1/plugins/com.st.stm32cube.ide.mcu.externaltools.gnu-tools-for-stm32.13.3.rel1.linux64_1.0.0.202410170706/tools/bin/../lib/gcc/arm-none-eabi/13.3.1/../../../../arm-none-eabi/lib/thumb/v7e-m+fp/hard/libc_nano.a(libc_a-stdio.o)
                0x080081ce                __swrite
 .text.__sseek  0x08008206       0x24 /opt/st/stm32cubeide_1.18.1/plugins/com.st.stm32cube.ide.mcu.externaltools.gnu-tools-for-stm32.13.3.rel1.linux64_1.0.0.202410170706/tools/bin/../lib/gcc/arm-none-eabi/13.3.1/../../../../arm-none-eabi/lib/thumb/v7e-m+fp/hard/libc_nano.a(libc_a-stdio.o)
                0x08008206                __sseek
 .text.__sclose
                0x0800822a        0x8 /opt/st/stm32cubeide_1.18.1/plugins/com.st.stm32cube.ide.mcu.externaltools.gnu-tools-for-stm32.13.3.rel1.linux64_1.0.0.202410170706/tools/bin/../lib/gcc/arm-none-eabi/13.3.1/../../../../arm-none-eabi/lib/thumb/v7e-m+fp/hard/libc_nano.a(libc_a-stdio.o)
                0x0800822a                __sclose
 .text.__swbuf_r
                0x08008232       0x7c /opt/st/stm32cubeide_1.18.1/plugins/com.st.stm32cube.ide.mcu.externaltools.gnu-tools-for-stm32.13.3.rel1.linux64_1.0.0.202410170706/tools/bin/../lib/gcc/arm-none-eabi/13.3.1/../../../../arm-none-eabi/lib/thumb/v7e-m+fp/hard/libc_nano.a(libc_a-wbuf.o)
                0x08008232                __swbuf_r
 *fill*         0x080082ae        0x2 
 .text.__swsetup_r
                0x080082b0       0xac /opt/st/stm32cubeide_1.18.1/plugins/com.st.stm32cube.ide.mcu.externaltools.gnu-tools-for-stm32.13.3.rel1.linux64_1.0.0.202410170706/tools/bin/../lib/gcc/arm-none-eabi/13.3.1/../../../../arm-none-eabi/lib/thumb/v7e-m+fp/hard/libc_nano.a(libc_a-wsetup.o)
                0x080082b0                __swsetup_r
 .text.memset   0x0800835c       0x10 /opt/st/stm32cubeide_1.18.1/plugins/com.st.stm32cube.ide.mcu.externaltools.gnu-tools-for-stm32.13.3.rel1.linux64_1.0.0.202410170706/tools/bin/../lib/gcc/arm-none-eabi/13.3.1/../../../../arm-none-eabi/lib/thumb/v7e-m+fp/hard/libc_nano.a(libc_a-memset.o)
                0x0800835c                memset
 .text._close_r
                0x0800836c       0x20 /opt/st/stm32cubeide_1.18.1/plugins/com.st.stm32cube.ide.mcu.externaltools.gnu-tools-for-stm32.13.3.rel1.linux64_1.0.0.202410170706/tools/bin/../lib/gcc/arm-none-eabi/13.3.1/../../../../arm-none-eabi/lib/thumb/v7e-m+fp/hard/libc_nano.a(libc_a-closer.o)
                0x0800836c                _close_r
 .text._lseek_r
                0x0800838c       0x24 /opt/st/stm32cubeide_1.18.1/plugins/com.st.stm32cube.ide.mcu.externaltools.gnu-tools-for-stm32.13.3.rel1.linux64_1.0.0.202410170706/tools/bin/../lib/gcc/arm-none-eabi/13.3.1/../../../../arm-none-eabi/lib/thumb/v7e-m+fp/hard/libc_nano.a(libc_a-lseekr.o)
                0x0800838c                _lseek_r
 .text._read_r  0x080083b0       0x24 /opt/st/stm32cubeide_1.18.1/plugins/com.st.stm32cube.ide.mcu.externaltools.gnu-tools-for-stm32.13.3.rel1.linux64_1.0.0.202410170706/tools/bin/../lib/gcc/arm-none-eabi/13.3.1/../../../../arm-none-eabi/lib/thumb/v7e-m+fp/hard/libc_nano.a(libc_a-readr.o)
                0x080083b0                _read_r
 .text._sbrk_r  0x080083d4       0x20 /opt/st/stm32cubeide_1.18.1/plugins/com.st.stm32cube.ide.mcu.externaltools.gnu-tools-for-stm32.13.3.rel1.linux64_1.0.0.202410170706/tools/bin/../lib/gcc/arm-none-eabi/13.3.1/../../../../arm-none-eabi/lib/thumb/v7e-m+fp/hard/libc_nano.a(libc_a-sbrkr.o)
                0x080083d4                _sbrk_r
 .text._write_r
                0x080083f4       0x24 /opt/st/stm32cubeide_1.18.1/plugins/com.st.stm32cube.ide.mcu.externaltools.gnu-tools-for-stm32.13.3.rel1.linux64_1.0.0.202410170706/tools/bin/../lib/gcc/arm-none-eabi/13.3.1/../../../../arm-none-eabi/lib/thumb/v7e-m+fp/hard/libc_nano.a(libc_a-writer.o)
                0x080083f4                _write_r
 .text.__errno  0x08008418        0xc /opt/st/stm32cubeide_1.18.1/plugins/com.st.stm32cube.ide.mcu.externaltools.gnu-tools-for-stm32.13.3.rel1.linux64_1.0.0.202410170706/tools/bin/../lib/gcc/arm-none-eabi/13.3.1/../../../../arm-none-eabi/lib/thumb/v7e-m+fp/hard/libc_nano.a(libc_a-errno.o)
                0x08008418                __errno
 .text.__libc_init_array
                0x08008424       0x48 /opt/st/stm32cubeide_1.18.1/plugins/com.st.stm32cube.ide.mcu.externaltools.gnu-tools-for-stm32.13.3.rel1.linux64_1.0.0.202410170706/tools/bin/../lib/gcc/arm-none-eabi/13.3.1/../../../../arm-none-eabi/lib/thumb/v7e-m+fp/hard/libc_nano.a(libc_a-init.o)
                0x08008424                __libc_init_array
 .text.__retarget_lock_init_recursive
                0x0800846c        0x2 /opt/st/stm32cubeide_1.18.1/plugins/com.st.stm32cube.ide.mcu.externaltools.gnu-tools-for-stm32.13.3.rel1.linux64_1.0.0.202410170706/tools/bin/../lib/gcc/arm-none-eabi/13.3.1/../../../../arm-none-eabi/lib/thumb/v7e-m+fp/hard/libc_nano.a(libc_a-lock.o)
                0x0800846c                __retarget_lock_init_recursive
 .text.__retarget_lock_acquire_recursive
                0x0800846e        0x2 /opt/st/stm32cubeide_1.18.1/plugins/com.st.stm32cube.ide.mcu.externaltools.gnu-tools-for-stm32.13.3.rel1.linux64_1.0.0.202410170706/tools/bin/../lib/gcc/arm-none-eabi/13.3.1/../../../../arm-none-eabi/lib/thumb/v7e-m+fp/hard/libc_nano.a(libc_a-lock.o)
                0x0800846e                __retarget_lock_acquire_recursive
 .text.__retarget_lock_release_recursive
                0x08008470        0x2 /opt/st/stm32cubeide_1.18.1/plugins/com.st.stm32cube.ide.mcu.externaltools.gnu-tools-for-stm32.13.3.rel1.linux64_1.0.0.202410170706/tools/bin/../lib/gcc/arm-none-eabi/13.3.1/../../../../arm-none-eabi/lib/thumb/v7e-m+fp/hard/libc_nano.a(libc_a-lock.o)
                0x08008470                __retarget_lock_release_recursive
 .text.memcpy   0x08008472       0x1c /opt/st/stm32cubeide_1.18.1/plugins/com.st.stm32cube.ide.mcu.externaltools.gnu-tools-for-stm32.13.3.rel1.linux64_1.0.0.202410170706/tools/bin/../lib/gcc/arm-none-eabi/13.3.1/../../../../arm-none-eabi/lib/thumb/v7e-m+fp/hard/libc_nano.a(libc_a-memcpy-stub.o)
                0x08008472                memcpy
 *fill*         0x0800848e        0x2 
 .text._free_r  0x08008490       0x94 /opt/st/stm32cubeide_1.18.1/plugins/com.st.stm32cube.ide.mcu.externaltools.gnu-tools-for-stm32.13.3.rel1.linux64_1.0.0.202410170706/tools/bin/../lib/gcc/arm-none-eabi/13.3.1/../../../../arm-none-eabi/lib/thumb/v7e-m+fp/hard/libc_nano.a(libc_a-freer.o)
                0x08008490                _free_r
 .text.__ssputs_r
                0x08008524       0xb6 /opt/st/stm32cubeide_1.18.1/plugins/com.st.stm32cube.ide.mcu.externaltools.gnu-tools-for-stm32.13.3.rel1.linux64_1.0.0.202410170706/tools/bin/../lib/gcc/arm-none-eabi/13.3.1/../../../../arm-none-eabi/lib/thumb/v7e-m+fp/hard/libc_nano.a(libc_a-nano-svfprintf.o)
                0x08008524                __ssputs_r
 *fill*         0x080085da        0x2 
 .text._svfprintf_r
                0x080085dc      0x1f8 /opt/st/stm32cubeide_1.18.1/plugins/com.st.stm32cube.ide.mcu.externaltools.gnu-tools-for-stm32.13.3.rel1.linux64_1.0.0.202410170706/tools/bin/../lib/gcc/arm-none-eabi/13.3.1/../../../../arm-none-eabi/lib/thumb/v7e-m+fp/hard/libc_nano.a(libc_a-nano-svfprintf.o)
                0x080085dc                _svfprintf_r
                0x080085dc                _svfiprintf_r
 .text.__sfputc_r
                0x080087d4       0x2e /opt/st/stm32cubeide_1.18.1/plugins/com.st.stm32cube.ide.mcu.externaltools.gnu-tools-for-stm32.13.3.rel1.linux64_1.0.0.202410170706/tools/bin/../lib/gcc/arm-none-eabi/13.3.1/../../../../arm-none-eabi/lib/thumb/v7e-m+fp/hard/libc_nano.a(libc_a-nano-vfprintf.o)
 .text.__sfputs_r
                0x08008802       0x24 /opt/st/stm32cubeide_1.18.1/plugins/com.st.stm32cube.ide.mcu.externaltools.gnu-tools-for-stm32.13.3.rel1.linux64_1.0.0.202410170706/tools/bin/../lib/gcc/arm-none-eabi/13.3.1/../../../../arm-none-eabi/lib/thumb/v7e-m+fp/hard/libc_nano.a(libc_a-nano-vfprintf.o)
                0x08008802                __sfputs_r
 *fill*         0x08008826        0x2 
 .text._vfprintf_r
                0x08008828      0x230 /opt/st/stm32cubeide_1.18.1/plugins/com.st.stm32cube.ide.mcu.externaltools.gnu-tools-for-stm32.13.3.rel1.linux64_1.0.0.202410170706/tools/bin/../lib/gcc/arm-none-eabi/13.3.1/../../../../arm-none-eabi/lib/thumb/v7e-m+fp/hard/libc_nano.a(libc_a-nano-vfprintf.o)
                0x08008828                _vfiprintf_r
                0x08008828                _vfprintf_r
 .text._printf_common
                0x08008a58       0xda /opt/st/stm32cubeide_1.18.1/plugins/com.st.stm32cube.ide.mcu.externaltools.gnu-tools-for-stm32.13.3.rel1.linux64_1.0.0.202410170706/tools/bin/../lib/gcc/arm-none-eabi/13.3.1/../../../../arm-none-eabi/lib/thumb/v7e-m+fp/hard/libc_nano.a(libc_a-nano-vfprintf_i.o)
                0x08008a58                _printf_common
 *fill*         0x08008b32        0x2 
 .text._printf_i
                0x08008b34      0x23c /opt/st/stm32cubeide_1.18.1/plugins/com.st.stm32cube.ide.mcu.externaltools.gnu-tools-for-stm32.13.3.rel1.linux64_1.0.0.202410170706/tools/bin/../lib/gcc/arm-none-eabi/13.3.1/../../../../arm-none-eabi/lib/thumb/v7e-m+fp/hard/libc_nano.a(libc_a-nano-vfprintf_i.o)
                0x08008b34                _printf_i
 .text.__sflush_r
                0x08008d70      0x108 /opt/st/stm32cubeide_1.18.1/plugins/com.st.stm32cube.ide.mcu.externaltools.gnu-tools-for-stm32.13.3.rel1.linux64_1.0.0.202410170706/tools/bin/../lib/gcc/arm-none-eabi/13.3.1/../../../../arm-none-eabi/lib/thumb/v7e-m+fp/hard/libc_nano.a(libc_a-fflush.o)
                0x08008d70                __sflush_r
 .text._fflush_r
                0x08008e78       0x50 /opt/st/stm32cubeide_1.18.1/plugins/com.st.stm32cube.ide.mcu.externaltools.gnu-tools-for-stm32.13.3.rel1.linux64_1.0.0.202410170706/tools/bin/../lib/gcc/arm-none-eabi/13.3.1/../../../../arm-none-eabi/lib/thumb/v7e-m+fp/hard/libc_nano.a(libc_a-fflush.o)
                0x08008e78                _fflush_r
 .text.__swhatbuf_r
                0x08008ec8       0x4c /opt/st/stm32cubeide_1.18.1/plugins/com.st.stm32cube.ide.mcu.externaltools.gnu-tools-for-stm32.13.3.rel1.linux64_1.0.0.202410170706/tools/bin/../lib/gcc/arm-none-eabi/13.3.1/../../../../arm-none-eabi/lib/thumb/v7e-m+fp/hard/libc_nano.a(libc_a-makebuf.o)
                0x08008ec8                __swhatbuf_r
 .text.__smakebuf_r
                0x08008f14       0x78 /opt/st/stm32cubeide_1.18.1/plugins/com.st.stm32cube.ide.mcu.externaltools.gnu-tools-for-stm32.13.3.rel1.linux64_1.0.0.202410170706/tools/bin/../lib/gcc/arm-none-eabi/13.3.1/../../../../arm-none-eabi/lib/thumb/v7e-m+fp/hard/libc_nano.a(libc_a-makebuf.o)
                0x08008f14                __smakebuf_r
 .text.memmove  0x08008f8c       0x34 /opt/st/stm32cubeide_1.18.1/plugins/com.st.stm32cube.ide.mcu.externaltools.gnu-tools-for-stm32.13.3.rel1.linux64_1.0.0.202410170706/tools/bin/../lib/gcc/arm-none-eabi/13.3.1/../../../../arm-none-eabi/lib/thumb/v7e-m+fp/hard/libc_nano.a(libc_a-memmove.o)
                0x08008f8c                memmove
 .text._fstat_r
                0x08008fc0       0x24 /opt/st/stm32cubeide_1.18.1/plugins/com.st.stm32cube.ide.mcu.externaltools.gnu-tools-for-stm32.13.3.rel1.linux64_1.0.0.202410170706/tools/bin/../lib/gcc/arm-none-eabi/13.3.1/../../../../arm-none-eabi/lib/thumb/v7e-m+fp/hard/libc_nano.a(libc_a-fstatr.o)
                0x08008fc0                _fstat_r
 .text._isatty_r
                0x08008fe4       0x20 /opt/st/stm32cubeide_1.18.1/plugins/com.st.stm32cube.ide.mcu.externaltools.gnu-tools-for-stm32.13.3.rel1.linux64_1.0.0.202410170706/tools/bin/../lib/gcc/arm-none-eabi/13.3.1/../../../../arm-none-eabi/lib/thumb/v7e-m+fp/hard/libc_nano.a(libc_a-isattyr.o)
                0x08008fe4                _isatty_r
 .text._realloc_r
                0x08009004       0x5c /opt/st/stm32cubeide_1.18.1/plugins/com.st.stm32cube.ide.mcu.externaltools.gnu-tools-for-stm32.13.3.rel1.linux64_1.0.0.202410170706/tools/bin/../lib/gcc/arm-none-eabi/13.3.1/../../../../arm-none-eabi/lib/thumb/v7e-m+fp/hard/libc_nano.a(libc_a-reallocr.o)
                0x08009004                _realloc_r
 .text._malloc_usable_size_r
                0x08009060       0x10 /opt/st/stm32cubeide_1.18.1/plugins/com.st.stm32cube.ide.mcu.externaltools.gnu-tools-for-stm32.13.3.rel1.linux64_1.0.0.202410170706/tools/bin/../lib/gcc/arm-none-eabi/13.3.1/../../../../arm-none-eabi/lib/thumb/v7e-m+fp/hard/libc_nano.a(libc_a-msizer.o)
                0x08009060                _malloc_usable_size_r
 *(.glue_7)
 .glue_7        0x08009070        0x0 linker stubs
 *(.glue_7t)
 .glue_7t       0x08009070        0x0 linker stubs
 *(.eh_frame)
 .eh_frame      0x08009070        0x0 /opt/st/stm32cubeide_1.18.1/plugins/com.st.stm32cube.ide.mcu.externaltools.gnu-tools-for-stm32.13.3.rel1.linux64_1.0.0.202410170706/tools/bin/../lib/gcc/arm-none-eabi/13.3.1/thumb/v7e-m+fp/hard/crtbegin.o
 *(.init)
 .init          0x08009070        0x4 /opt/st/stm32cubeide_1.18.1/plugins/com.st.stm32cube.ide.mcu.externaltools.gnu-tools-for-stm32.13.3.rel1.linux64_1.0.0.202410170706/tools/bin/../lib/gcc/arm-none-eabi/13.3.1/thumb/v7e-m+fp/hard/crti.o
                0x08009070                _init
 .init          0x08009074        0x8 /opt/st/stm32cubeide_1.18.1/plugins/com.st.stm32cube.ide.mcu.externaltools.gnu-tools-for-stm32.13.3.rel1.linux64_1.0.0.202410170706/tools/bin/../lib/gcc/arm-none-eabi/13.3.1/thumb/v7e-m+fp/hard/crtn.o
 *(.fini)
 .fini          0x0800907c        0x4 /opt/st/stm32cubeide_1.18.1/plugins/com.st.stm32cube.ide.mcu.externaltools.gnu-tools-for-stm32.13.3.rel1.linux64_1.0.0.202410170706/tools/bin/../lib/gcc/arm-none-eabi/13.3.1/thumb/v7e-m+fp/hard/crti.o
                0x0800907c                _fini
 .fini          0x08009080        0x8 /opt/st/stm32cubeide_1.18.1/plugins/com.st.stm32cube.ide.mcu.externaltools.gnu-tools-for-stm32.13.3.rel1.linux64_1.0.0.202410170706/tools/bin/../lib/gcc/arm-none-eabi/13.3.1/thumb/v7e-m+fp/hard/crtn.o
                0x08009088                        . = ALIGN (0x4)
                0x08009088                        _etext = .

.vfp11_veneer   0x08009088        0x0
 .vfp11_veneer  0x08009088        0x0 linker stubs

.v4_bx          0x08009088        0x0
 .v4_bx         0x08009088        0x0 linker stubs

.iplt           0x08009088        0x0
 .iplt          0x08009088        0x0 /opt/st/stm32cubeide_1.18.1/plugins/com.st.stm32cube.ide.mcu.externaltools.gnu-tools-for-stm32.13.3.rel1.linux64_1.0.0.202410170706/tools/bin/../lib/gcc/arm-none-eabi/13.3.1/thumb/v7e-m+fp/hard/crtbegin.o

.rodata         0x08009088      0x994
                0x08009088                        . = ALIGN (0x4)
 *(.rodata)
 .rodata        0x08009088       0x2c ./Core/Src/log_manager.o
 .rodata        0x080090b4       0x12 ./Core/Src/main.o
 *fill*         0x080090c6        0x2 
 .rodata        0x080090c8      0x1ba /home/valentin/GISTRE/2025/ARM/libgapcom/Debug/liblibgapcom.a(pb_decode.o)
 *fill*         0x08009282        0x2 
 .rodata        0x08009284      0x105 /home/valentin/GISTRE/2025/ARM/libgapcom/Debug/liblibgapcom.a(pb_encode.o)
 *fill*         0x08009389        0x3 
 .rodata        0x0800938c      0x239 /home/valentin/GISTRE/2025/ARM/libgapcom/Debug/liblibgapcom.a(TinyFrame.o)
 *(.rodata*)
 *fill*         0x080095c5        0x3 
 .rodata.AHBPrescTable
                0x080095c8       0x10 ./Core/Src/system_stm32f4xx.o
                0x080095c8                AHBPrescTable
 .rodata.APBPrescTable
                0x080095d8        0x8 ./Core/Src/system_stm32f4xx.o
                0x080095d8                APBPrescTable
 .rodata.GAPPingReq_field_info
                0x080095e0        0x4 /home/valentin/GISTRE/2025/ARM/libgapcom/Debug/liblibgapcom.a(gap.pb.o)
                0x080095e0                GAPPingReq_field_info
 .rodata.GAPPingReq_submsg_info
                0x080095e4        0x4 /home/valentin/GISTRE/2025/ARM/libgapcom/Debug/liblibgapcom.a(gap.pb.o)
                0x080095e4                GAPPingReq_submsg_info
 .rodata.GAPPingReq_msg
                0x080095e8       0x18 /home/valentin/GISTRE/2025/ARM/libgapcom/Debug/liblibgapcom.a(gap.pb.o)
                0x080095e8                GAPPingReq_msg
 .rodata.GAPPingResp_field_info
                0x08009600        0x8 /home/valentin/GISTRE/2025/ARM/libgapcom/Debug/liblibgapcom.a(gap.pb.o)
                0x08009600                GAPPingResp_field_info
 .rodata.GAPPingResp_submsg_info
                0x08009608        0x4 /home/valentin/GISTRE/2025/ARM/libgapcom/Debug/liblibgapcom.a(gap.pb.o)
                0x08009608                GAPPingResp_submsg_info
 .rodata.GAPPingResp_msg
                0x0800960c       0x18 /home/valentin/GISTRE/2025/ARM/libgapcom/Debug/liblibgapcom.a(gap.pb.o)
                0x0800960c                GAPPingResp_msg
 .rodata.GAPSetLogVerbosityReq_field_info
                0x08009624        0x8 /home/valentin/GISTRE/2025/ARM/libgapcom/Debug/liblibgapcom.a(gap.pb.o)
                0x08009624                GAPSetLogVerbosityReq_field_info
 .rodata.GAPSetLogVerbosityReq_submsg_info
                0x0800962c        0x4 /home/valentin/GISTRE/2025/ARM/libgapcom/Debug/liblibgapcom.a(gap.pb.o)
                0x0800962c                GAPSetLogVerbosityReq_submsg_info
 .rodata.GAPSetLogVerbosityReq_msg
                0x08009630       0x18 /home/valentin/GISTRE/2025/ARM/libgapcom/Debug/liblibgapcom.a(gap.pb.o)
                0x08009630                GAPSetLogVerbosityReq_msg
 .rodata.GAPSetLogVerbosityResp_field_info
                0x08009648        0x8 /home/valentin/GISTRE/2025/ARM/libgapcom/Debug/liblibgapcom.a(gap.pb.o)
                0x08009648                GAPSetLogVerbosityResp_field_info
 .rodata.GAPSetLogVerbosityResp_submsg_info
                0x08009650        0x4 /home/valentin/GISTRE/2025/ARM/libgapcom/Debug/liblibgapcom.a(gap.pb.o)
                0x08009650                GAPSetLogVerbosityResp_submsg_info
 .rodata.GAPSetLogVerbosityResp_msg
                0x08009654       0x18 /home/valentin/GISTRE/2025/ARM/libgapcom/Debug/liblibgapcom.a(gap.pb.o)
                0x08009654                GAPSetLogVerbosityResp_msg
 .rodata.GAPSetGyroscopeReq_field_info
                0x0800966c        0x8 /home/valentin/GISTRE/2025/ARM/libgapcom/Debug/liblibgapcom.a(gap.pb.o)
                0x0800966c                GAPSetGyroscopeReq_field_info
 .rodata.GAPSetGyroscopeReq_submsg_info
                0x08009674        0x4 /home/valentin/GISTRE/2025/ARM/libgapcom/Debug/liblibgapcom.a(gap.pb.o)
                0x08009674                GAPSetGyroscopeReq_submsg_info
 .rodata.GAPSetGyroscopeReq_msg
                0x08009678       0x18 /home/valentin/GISTRE/2025/ARM/libgapcom/Debug/liblibgapcom.a(gap.pb.o)
                0x08009678                GAPSetGyroscopeReq_msg
 .rodata.GAPSetGyroscopeResp_field_info
                0x08009690        0x8 /home/valentin/GISTRE/2025/ARM/libgapcom/Debug/liblibgapcom.a(gap.pb.o)
                0x08009690                GAPSetGyroscopeResp_field_info
 .rodata.GAPSetGyroscopeResp_submsg_info
                0x08009698        0x4 /home/valentin/GISTRE/2025/ARM/libgapcom/Debug/liblibgapcom.a(gap.pb.o)
                0x08009698                GAPSetGyroscopeResp_submsg_info
 .rodata.GAPSetGyroscopeResp_msg
                0x0800969c       0x18 /home/valentin/GISTRE/2025/ARM/libgapcom/Debug/liblibgapcom.a(gap.pb.o)
                0x0800969c                GAPSetGyroscopeResp_msg
 .rodata.GAPSetVersionReq_field_info
                0x080096b4        0xc /home/valentin/GISTRE/2025/ARM/libgapcom/Debug/liblibgapcom.a(gap.pb.o)
                0x080096b4                GAPSetVersionReq_field_info
 .rodata.GAPSetVersionReq_submsg_info
                0x080096c0        0x4 /home/valentin/GISTRE/2025/ARM/libgapcom/Debug/liblibgapcom.a(gap.pb.o)
                0x080096c0                GAPSetVersionReq_submsg_info
 .rodata.GAPSetVersionReq_msg
                0x080096c4       0x18 /home/valentin/GISTRE/2025/ARM/libgapcom/Debug/liblibgapcom.a(gap.pb.o)
                0x080096c4                GAPSetVersionReq_msg
 .rodata.GAPSetVersionResp_field_info
                0x080096dc        0x8 /home/valentin/GISTRE/2025/ARM/libgapcom/Debug/liblibgapcom.a(gap.pb.o)
                0x080096dc                GAPSetVersionResp_field_info
 .rodata.GAPSetVersionResp_submsg_info
                0x080096e4        0x4 /home/valentin/GISTRE/2025/ARM/libgapcom/Debug/liblibgapcom.a(gap.pb.o)
                0x080096e4                GAPSetVersionResp_submsg_info
 .rodata.GAPSetVersionResp_msg
                0x080096e8       0x18 /home/valentin/GISTRE/2025/ARM/libgapcom/Debug/liblibgapcom.a(gap.pb.o)
                0x080096e8                GAPSetVersionResp_msg
 .rodata.GAPGetVersionReq_field_info
                0x08009700        0x4 /home/valentin/GISTRE/2025/ARM/libgapcom/Debug/liblibgapcom.a(gap.pb.o)
                0x08009700                GAPGetVersionReq_field_info
 .rodata.GAPGetVersionReq_submsg_info
                0x08009704        0x4 /home/valentin/GISTRE/2025/ARM/libgapcom/Debug/liblibgapcom.a(gap.pb.o)
                0x08009704                GAPGetVersionReq_submsg_info
 .rodata.GAPGetVersionReq_msg
                0x08009708       0x18 /home/valentin/GISTRE/2025/ARM/libgapcom/Debug/liblibgapcom.a(gap.pb.o)
                0x08009708                GAPGetVersionReq_msg
 .rodata.GAPGetVersionResp_field_info
                0x08009720       0x10 /home/valentin/GISTRE/2025/ARM/libgapcom/Debug/liblibgapcom.a(gap.pb.o)
                0x08009720                GAPGetVersionResp_field_info
 .rodata.GAPGetVersionResp_submsg_info
                0x08009730        0x4 /home/valentin/GISTRE/2025/ARM/libgapcom/Debug/liblibgapcom.a(gap.pb.o)
                0x08009730                GAPGetVersionResp_submsg_info
 .rodata.GAPGetVersionResp_msg
                0x08009734       0x18 /home/valentin/GISTRE/2025/ARM/libgapcom/Debug/liblibgapcom.a(gap.pb.o)
                0x08009734                GAPGetVersionResp_msg
 .rodata.GAPSelftestReq_field_info
                0x0800974c        0x4 /home/valentin/GISTRE/2025/ARM/libgapcom/Debug/liblibgapcom.a(gap.pb.o)
                0x0800974c                GAPSelftestReq_field_info
 .rodata.GAPSelftestReq_submsg_info
                0x08009750        0x4 /home/valentin/GISTRE/2025/ARM/libgapcom/Debug/liblibgapcom.a(gap.pb.o)
                0x08009750                GAPSelftestReq_submsg_info
 .rodata.GAPSelftestReq_msg
                0x08009754       0x18 /home/valentin/GISTRE/2025/ARM/libgapcom/Debug/liblibgapcom.a(gap.pb.o)
                0x08009754                GAPSelftestReq_msg
 .rodata.GAPSelftestResp_field_info
                0x0800976c       0x18 /home/valentin/GISTRE/2025/ARM/libgapcom/Debug/liblibgapcom.a(gap.pb.o)
                0x0800976c                GAPSelftestResp_field_info
 .rodata.GAPSelftestResp_submsg_info
                0x08009784        0x4 /home/valentin/GISTRE/2025/ARM/libgapcom/Debug/liblibgapcom.a(gap.pb.o)
                0x08009784                GAPSelftestResp_submsg_info
 .rodata.GAPSelftestResp_msg
                0x08009788       0x18 /home/valentin/GISTRE/2025/ARM/libgapcom/Debug/liblibgapcom.a(gap.pb.o)
                0x08009788                GAPSelftestResp_msg
 .rodata.GAPPowerSaveModeReq_field_info
                0x080097a0        0x8 /home/valentin/GISTRE/2025/ARM/libgapcom/Debug/liblibgapcom.a(gap.pb.o)
                0x080097a0                GAPPowerSaveModeReq_field_info
 .rodata.GAPPowerSaveModeReq_submsg_info
                0x080097a8        0x4 /home/valentin/GISTRE/2025/ARM/libgapcom/Debug/liblibgapcom.a(gap.pb.o)
                0x080097a8                GAPPowerSaveModeReq_submsg_info
 .rodata.GAPPowerSaveModeReq_msg
                0x080097ac       0x18 /home/valentin/GISTRE/2025/ARM/libgapcom/Debug/liblibgapcom.a(gap.pb.o)
                0x080097ac                GAPPowerSaveModeReq_msg
 .rodata.GAPPowerSaveModeResp_field_info
                0x080097c4        0x8 /home/valentin/GISTRE/2025/ARM/libgapcom/Debug/liblibgapcom.a(gap.pb.o)
                0x080097c4                GAPPowerSaveModeResp_field_info
 .rodata.GAPPowerSaveModeResp_submsg_info
                0x080097cc        0x4 /home/valentin/GISTRE/2025/ARM/libgapcom/Debug/liblibgapcom.a(gap.pb.o)
                0x080097cc                GAPPowerSaveModeResp_submsg_info
 .rodata.GAPPowerSaveModeResp_msg
                0x080097d0       0x18 /home/valentin/GISTRE/2025/ARM/libgapcom/Debug/liblibgapcom.a(gap.pb.o)
                0x080097d0                GAPPowerSaveModeResp_msg
 .rodata.crc16_table
                0x080097e8      0x200 /home/valentin/GISTRE/2025/ARM/libgapcom/Debug/liblibgapcom.a(TinyFrame.o)
 .rodata._svfprintf_r.str1.1
                0x080099e8       0x33 /opt/st/stm32cubeide_1.18.1/plugins/com.st.stm32cube.ide.mcu.externaltools.gnu-tools-for-stm32.13.3.rel1.linux64_1.0.0.202410170706/tools/bin/../lib/gcc/arm-none-eabi/13.3.1/../../../../arm-none-eabi/lib/thumb/v7e-m+fp/hard/libc_nano.a(libc_a-nano-svfprintf.o)
                                 0x11 (size before relaxing)
 .rodata._vfprintf_r.str1.1
                0x08009a1b       0x11 /opt/st/stm32cubeide_1.18.1/plugins/com.st.stm32cube.ide.mcu.externaltools.gnu-tools-for-stm32.13.3.rel1.linux64_1.0.0.202410170706/tools/bin/../lib/gcc/arm-none-eabi/13.3.1/../../../../arm-none-eabi/lib/thumb/v7e-m+fp/hard/libc_nano.a(libc_a-nano-vfprintf.o)
 .rodata._printf_i.str1.1
                0x08009a1b       0x22 /opt/st/stm32cubeide_1.18.1/plugins/com.st.stm32cube.ide.mcu.externaltools.gnu-tools-for-stm32.13.3.rel1.linux64_1.0.0.202410170706/tools/bin/../lib/gcc/arm-none-eabi/13.3.1/../../../../arm-none-eabi/lib/thumb/v7e-m+fp/hard/libc_nano.a(libc_a-nano-vfprintf_i.o)
                0x08009a40                        . = ALIGN (0x4)
 *fill*         0x08009a1b        0x1 

.ARM.extab      0x08009a1c        0x0
                0x08009a1c                        . = ALIGN (0x4)
 *(.ARM.extab* .gnu.linkonce.armextab.*)
                0x08009a1c                        . = ALIGN (0x4)

.ARM            0x08009a1c        0x8
                0x08009a1c                        . = ALIGN (0x4)
                0x08009a1c                        __exidx_start = .
 *(.ARM.exidx*)
 .ARM.exidx     0x08009a1c        0x8 /opt/st/stm32cubeide_1.18.1/plugins/com.st.stm32cube.ide.mcu.externaltools.gnu-tools-for-stm32.13.3.rel1.linux64_1.0.0.202410170706/tools/bin/../lib/gcc/arm-none-eabi/13.3.1/../../../../arm-none-eabi/lib/thumb/v7e-m+fp/hard/libc_nano.a(libc_a-strlen.o)
 .ARM.exidx     0x08009a24        0x0 /opt/st/stm32cubeide_1.18.1/plugins/com.st.stm32cube.ide.mcu.externaltools.gnu-tools-for-stm32.13.3.rel1.linux64_1.0.0.202410170706/tools/bin/../lib/gcc/arm-none-eabi/13.3.1/../../../../arm-none-eabi/lib/thumb/v7e-m+fp/hard/libc_nano.a(libc_a-memchr.o)
                                  0x8 (size before relaxing)
 .ARM.exidx     0x08009a24        0x0 /opt/st/stm32cubeide_1.18.1/plugins/com.st.stm32cube.ide.mcu.externaltools.gnu-tools-for-stm32.13.3.rel1.linux64_1.0.0.202410170706/tools/bin/../lib/gcc/arm-none-eabi/13.3.1/thumb/v7e-m+fp/hard/libgcc.a(_udivmoddi4.o)
                                  0x8 (size before relaxing)
                0x08009a24                        __exidx_end = .
                0x08009a24                        . = ALIGN (0x4)

.preinit_array  0x08009a24        0x0
                0x08009a24                        . = ALIGN (0x4)
                0x08009a24                        PROVIDE (__preinit_array_start = .)
 *(.preinit_array*)
                0x08009a24                        PROVIDE (__preinit_array_end = .)
                0x08009a24                        . = ALIGN (0x4)

.init_array     0x08009a24        0x4
                0x08009a24                        . = ALIGN (0x4)
                0x08009a24                        PROVIDE (__init_array_start = .)
 *(SORT_BY_NAME(.init_array.*))
 *(.init_array*)
 .init_array    0x08009a24        0x4 /opt/st/stm32cubeide_1.18.1/plugins/com.st.stm32cube.ide.mcu.externaltools.gnu-tools-for-stm32.13.3.rel1.linux64_1.0.0.202410170706/tools/bin/../lib/gcc/arm-none-eabi/13.3.1/thumb/v7e-m+fp/hard/crtbegin.o
                0x08009a28                        PROVIDE (__init_array_end = .)
                0x08009a28                        . = ALIGN (0x4)

.fini_array     0x08009a28        0x4
                0x08009a28                        . = ALIGN (0x4)
                [!provide]                        PROVIDE (__fini_array_start = .)
 *(SORT_BY_NAME(.fini_array.*))
 *(.fini_array*)
 .fini_array    0x08009a28        0x4 /opt/st/stm32cubeide_1.18.1/plugins/com.st.stm32cube.ide.mcu.externaltools.gnu-tools-for-stm32.13.3.rel1.linux64_1.0.0.202410170706/tools/bin/../lib/gcc/arm-none-eabi/13.3.1/thumb/v7e-m+fp/hard/crtbegin.o
                [!provide]                        PROVIDE (__fini_array_end = .)
                0x08009a2c                        . = ALIGN (0x4)
                0x08009a2c                        _sidata = LOADADDR (.data)

.rel.dyn        0x08009a2c        0x0
 .rel.iplt      0x08009a2c        0x0 /opt/st/stm32cubeide_1.18.1/plugins/com.st.stm32cube.ide.mcu.externaltools.gnu-tools-for-stm32.13.3.rel1.linux64_1.0.0.202410170706/tools/bin/../lib/gcc/arm-none-eabi/13.3.1/thumb/v7e-m+fp/hard/crtbegin.o

.data           0x20000000       0x74 load address 0x08009a2c
                0x20000000                        . = ALIGN (0x4)
                0x20000000                        _sdata = .
 *(.data)
 *(.data*)
 .data.gapcom_sender_t_impl
                0x20000000        0xc ./Core/Src/gapcom_impl.o
                0x20000000                gapcom_sender_t_impl
 .data.SystemCoreClock
                0x2000000c        0x4 ./Core/Src/system_stm32f4xx.o
                0x2000000c                SystemCoreClock
 .data.uwTickPrio
                0x20000010        0x4 ./Drivers/STM32F4xx_HAL_Driver/Src/stm32f4xx_hal.o
                0x20000010                uwTickPrio
 .data.uwTickFreq
                0x20000014        0x1 ./Drivers/STM32F4xx_HAL_Driver/Src/stm32f4xx_hal.o
                0x20000014                uwTickFreq
 *fill*         0x20000015        0x3 
 .data.__sglue  0x20000018        0xc /opt/st/stm32cubeide_1.18.1/plugins/com.st.stm32cube.ide.mcu.externaltools.gnu-tools-for-stm32.13.3.rel1.linux64_1.0.0.202410170706/tools/bin/../lib/gcc/arm-none-eabi/13.3.1/../../../../arm-none-eabi/lib/thumb/v7e-m+fp/hard/libc_nano.a(libc_a-findfp.o)
                0x20000018                __sglue
 .data._impure_ptr
                0x20000024        0x4 /opt/st/stm32cubeide_1.18.1/plugins/com.st.stm32cube.ide.mcu.externaltools.gnu-tools-for-stm32.13.3.rel1.linux64_1.0.0.202410170706/tools/bin/../lib/gcc/arm-none-eabi/13.3.1/../../../../arm-none-eabi/lib/thumb/v7e-m+fp/hard/libc_nano.a(libc_a-impure.o)
                0x20000024                _impure_ptr
 .data._impure_data
                0x20000028       0x4c /opt/st/stm32cubeide_1.18.1/plugins/com.st.stm32cube.ide.mcu.externaltools.gnu-tools-for-stm32.13.3.rel1.linux64_1.0.0.202410170706/tools/bin/../lib/gcc/arm-none-eabi/13.3.1/../../../../arm-none-eabi/lib/thumb/v7e-m+fp/hard/libc_nano.a(libc_a-impure.o)
                0x20000028                _impure_data
 *(.RamFunc)
 *(.RamFunc*)
                0x20000074                        . = ALIGN (0x4)
                0x20000074                        _edata = .

.igot.plt       0x20000074        0x0 load address 0x08009aa0
 .igot.plt      0x20000074        0x0 /opt/st/stm32cubeide_1.18.1/plugins/com.st.stm32cube.ide.mcu.externaltools.gnu-tools-for-stm32.13.3.rel1.linux64_1.0.0.202410170706/tools/bin/../lib/gcc/arm-none-eabi/13.3.1/thumb/v7e-m+fp/hard/crtbegin.o
                0x20000074                        . = ALIGN (0x4)

.bss            0x20000074      0xe7c load address 0x08009aa0
                0x20000074                        _sbss = .
                0x20000074                        __bss_start__ = _sbss
 *(.bss)
 .bss           0x20000074       0x1c /opt/st/stm32cubeide_1.18.1/plugins/com.st.stm32cube.ide.mcu.externaltools.gnu-tools-for-stm32.13.3.rel1.linux64_1.0.0.202410170706/tools/bin/../lib/gcc/arm-none-eabi/13.3.1/thumb/v7e-m+fp/hard/crtbegin.o
 *(.bss*)
 .bss.gapcom_uart
                0x20000090        0x4 ./Core/Src/gapcom_fsm.o
 .bss.gapcom_handle_instance
                0x20000094        0x4 ./Core/Src/gapcom_fsm.o
 .bss.fsm_state
                0x20000098        0x1 ./Core/Src/gapcom_fsm.o
 *fill*         0x20000099        0x3 
 .bss.header_buf
                0x2000009c        0xb ./Core/Src/gapcom_fsm.o
 *fill*         0x200000a7        0x1 
 .bss.payload_buf
                0x200000a8      0x400 ./Core/Src/gapcom_fsm.o
 .bss.expected_payload_size
                0x200004a8        0x4 ./Core/Src/gapcom_fsm.o
 .bss.huart2_handle
                0x200004ac        0x4 ./Core/Src/gapcom_impl.o
 .bss.gapcom_handle_instance
                0x200004b0        0x4 ./Core/Src/gapcom_impl.o
 .bss.huart_handler
                0x200004b4        0x4 ./Core/Src/log_manager.o
                0x200004b4                huart_handler
 .bss.buf       0x200004b8      0x400 ./Core/Src/log_manager.o
 .bss.hi2c1     0x200008b8       0x54 ./Core/Src/main.o
                0x200008b8                hi2c1
 .bss.huart2    0x2000090c       0x48 ./Core/Src/main.o
                0x2000090c                huart2
 .bss.huart6    0x20000954       0x48 ./Core/Src/main.o
                0x20000954                huart6
 .bss.rx_buff   0x2000099c      0x400 ./Core/Src/main.o
                0x2000099c                rx_buff
 .bss.__sbrk_heap_end
                0x20000d9c        0x4 ./Core/Src/sysmem.o
 .bss.uwTick    0x20000da0        0x4 ./Drivers/STM32F4xx_HAL_Driver/Src/stm32f4xx_hal.o
                0x20000da0                uwTick
 .bss.__malloc_sbrk_start
                0x20000da4        0x4 /opt/st/stm32cubeide_1.18.1/plugins/com.st.stm32cube.ide.mcu.externaltools.gnu-tools-for-stm32.13.3.rel1.linux64_1.0.0.202410170706/tools/bin/../lib/gcc/arm-none-eabi/13.3.1/../../../../arm-none-eabi/lib/thumb/v7e-m+fp/hard/libc_nano.a(libc_a-mallocr.o)
                0x20000da4                __malloc_sbrk_start
 .bss.__malloc_free_list
                0x20000da8        0x4 /opt/st/stm32cubeide_1.18.1/plugins/com.st.stm32cube.ide.mcu.externaltools.gnu-tools-for-stm32.13.3.rel1.linux64_1.0.0.202410170706/tools/bin/../lib/gcc/arm-none-eabi/13.3.1/../../../../arm-none-eabi/lib/thumb/v7e-m+fp/hard/libc_nano.a(libc_a-mallocr.o)
                0x20000da8                __malloc_free_list
 .bss.__sf      0x20000dac      0x138 /opt/st/stm32cubeide_1.18.1/plugins/com.st.stm32cube.ide.mcu.externaltools.gnu-tools-for-stm32.13.3.rel1.linux64_1.0.0.202410170706/tools/bin/../lib/gcc/arm-none-eabi/13.3.1/../../../../arm-none-eabi/lib/thumb/v7e-m+fp/hard/libc_nano.a(libc_a-findfp.o)
                0x20000dac                __sf
 .bss.__stdio_exit_handler
                0x20000ee4        0x4 /opt/st/stm32cubeide_1.18.1/plugins/com.st.stm32cube.ide.mcu.externaltools.gnu-tools-for-stm32.13.3.rel1.linux64_1.0.0.202410170706/tools/bin/../lib/gcc/arm-none-eabi/13.3.1/../../../../arm-none-eabi/lib/thumb/v7e-m+fp/hard/libc_nano.a(libc_a-findfp.o)
                0x20000ee4                __stdio_exit_handler
 .bss.errno     0x20000ee8        0x4 /opt/st/stm32cubeide_1.18.1/plugins/com.st.stm32cube.ide.mcu.externaltools.gnu-tools-for-stm32.13.3.rel1.linux64_1.0.0.202410170706/tools/bin/../lib/gcc/arm-none-eabi/13.3.1/../../../../arm-none-eabi/lib/thumb/v7e-m+fp/hard/libc_nano.a(libc_a-reent.o)
                0x20000ee8                errno
 .bss.__lock___malloc_recursive_mutex
                0x20000eec        0x1 /opt/st/stm32cubeide_1.18.1/plugins/com.st.stm32cube.ide.mcu.externaltools.gnu-tools-for-stm32.13.3.rel1.linux64_1.0.0.202410170706/tools/bin/../lib/gcc/arm-none-eabi/13.3.1/../../../../arm-none-eabi/lib/thumb/v7e-m+fp/hard/libc_nano.a(libc_a-lock.o)
                0x20000eec                __lock___malloc_recursive_mutex
 .bss.__lock___sfp_recursive_mutex
                0x20000eed        0x1 /opt/st/stm32cubeide_1.18.1/plugins/com.st.stm32cube.ide.mcu.externaltools.gnu-tools-for-stm32.13.3.rel1.linux64_1.0.0.202410170706/tools/bin/../lib/gcc/arm-none-eabi/13.3.1/../../../../arm-none-eabi/lib/thumb/v7e-m+fp/hard/libc_nano.a(libc_a-lock.o)
                0x20000eed                __lock___sfp_recursive_mutex
 *(COMMON)
                0x20000ef0                        . = ALIGN (0x4)
 *fill*         0x20000eee        0x2 
                0x20000ef0                        _ebss = .
                0x20000ef0                        __bss_end__ = _ebss

._user_heap_stack
                0x20000ef0      0x600 load address 0x08009aa0
                0x20000ef0                        . = ALIGN (0x8)
                [!provide]                        PROVIDE (end = .)
                0x20000ef0                        PROVIDE (_end = .)
                0x200010f0                        . = (. + _Min_Heap_Size)
 *fill*         0x20000ef0      0x200 
                0x200014f0                        . = (. + _Min_Stack_Size)
 *fill*         0x200010f0      0x400 
                0x200014f0                        . = ALIGN (0x8)

/DISCARD/
 libc.a(*)
 libm.a(*)
 libgcc.a(*)

.ARM.attributes
                0x00000000       0x30
 *(.ARM.attributes)
 .ARM.attributes
                0x00000000       0x22 /opt/st/stm32cubeide_1.18.1/plugins/com.st.stm32cube.ide.mcu.externaltools.gnu-tools-for-stm32.13.3.rel1.linux64_1.0.0.202410170706/tools/bin/../lib/gcc/arm-none-eabi/13.3.1/thumb/v7e-m+fp/hard/crti.o
 .ARM.attributes
                0x00000022       0x34 /opt/st/stm32cubeide_1.18.1/plugins/com.st.stm32cube.ide.mcu.externaltools.gnu-tools-for-stm32.13.3.rel1.linux64_1.0.0.202410170706/tools/bin/../lib/gcc/arm-none-eabi/13.3.1/thumb/v7e-m+fp/hard/crtbegin.o
 .ARM.attributes
                0x00000056       0x34 ./Core/Src/gapcli_cmd_callback.o
 .ARM.attributes
                0x0000008a       0x34 ./Core/Src/gapcom_fsm.o
 .ARM.attributes
                0x000000be       0x34 ./Core/Src/gapcom_impl.o
 .ARM.attributes
                0x000000f2       0x34 ./Core/Src/log_manager.o
 .ARM.attributes
                0x00000126       0x34 ./Core/Src/main.o
 .ARM.attributes
                0x0000015a       0x34 ./Core/Src/stm32f4xx_hal_msp.o
 .ARM.attributes
                0x0000018e       0x34 ./Core/Src/stm32f4xx_it.o
 .ARM.attributes
                0x000001c2       0x34 ./Core/Src/syscalls.o
 .ARM.attributes
                0x000001f6       0x34 ./Core/Src/sysmem.o
 .ARM.attributes
                0x0000022a       0x34 ./Core/Src/system_stm32f4xx.o
 .ARM.attributes
                0x0000025e       0x21 ./Core/Startup/startup_stm32f401retx.o
 .ARM.attributes
                0x0000027f       0x34 ./Drivers/STM32F4xx_HAL_Driver/Src/stm32f4xx_hal.o
 .ARM.attributes
                0x000002b3       0x34 ./Drivers/STM32F4xx_HAL_Driver/Src/stm32f4xx_hal_cortex.o
 .ARM.attributes
                0x000002e7       0x34 ./Drivers/STM32F4xx_HAL_Driver/Src/stm32f4xx_hal_dma.o
 .ARM.attributes
                0x0000031b       0x34 ./Drivers/STM32F4xx_HAL_Driver/Src/stm32f4xx_hal_gpio.o
 .ARM.attributes
                0x0000034f       0x34 ./Drivers/STM32F4xx_HAL_Driver/Src/stm32f4xx_hal_i2c.o
 .ARM.attributes
                0x00000383       0x34 ./Drivers/STM32F4xx_HAL_Driver/Src/stm32f4xx_hal_rcc.o
 .ARM.attributes
                0x000003b7       0x34 ./Drivers/STM32F4xx_HAL_Driver/Src/stm32f4xx_hal_uart.o
 .ARM.attributes
                0x000003eb       0x34 /home/valentin/GISTRE/2025/ARM/libgapcom/Debug/liblibgapcom.a(gapcom.o)
 .ARM.attributes
                0x0000041f       0x34 /home/valentin/GISTRE/2025/ARM/libgapcom/Debug/liblibgapcom.a(gapcom_core.o)
 .ARM.attributes
                0x00000453       0x34 /home/valentin/GISTRE/2025/ARM/libgapcom/Debug/liblibgapcom.a(gapcom_server.o)
 .ARM.attributes
                0x00000487       0x34 /home/valentin/GISTRE/2025/ARM/libgapcom/Debug/liblibgapcom.a(gap.pb.o)
 .ARM.attributes
                0x000004bb       0x34 /home/valentin/GISTRE/2025/ARM/libgapcom/Debug/liblibgapcom.a(pb_decode.o)
 .ARM.attributes
                0x000004ef       0x34 /home/valentin/GISTRE/2025/ARM/libgapcom/Debug/liblibgapcom.a(pb_encode.o)
 .ARM.attributes
                0x00000523       0x34 /home/valentin/GISTRE/2025/ARM/libgapcom/Debug/liblibgapcom.a(TinyFrame.o)
 .ARM.attributes
                0x00000557       0x34 /home/valentin/GISTRE/2025/ARM/libgapcom/Debug/liblibgapcom.a(pb_common.o)
 .ARM.attributes
                0x0000058b       0x34 /opt/st/stm32cubeide_1.18.1/plugins/com.st.stm32cube.ide.mcu.externaltools.gnu-tools-for-stm32.13.3.rel1.linux64_1.0.0.202410170706/tools/bin/../lib/gcc/arm-none-eabi/13.3.1/../../../../arm-none-eabi/lib/thumb/v7e-m+fp/hard/libc_nano.a(libc_a-calloc.o)
 .ARM.attributes
                0x000005bf       0x34 /opt/st/stm32cubeide_1.18.1/plugins/com.st.stm32cube.ide.mcu.externaltools.gnu-tools-for-stm32.13.3.rel1.linux64_1.0.0.202410170706/tools/bin/../lib/gcc/arm-none-eabi/13.3.1/../../../../arm-none-eabi/lib/thumb/v7e-m+fp/hard/libc_nano.a(libc_a-callocr.o)
 .ARM.attributes
                0x000005f3       0x34 /opt/st/stm32cubeide_1.18.1/plugins/com.st.stm32cube.ide.mcu.externaltools.gnu-tools-for-stm32.13.3.rel1.linux64_1.0.0.202410170706/tools/bin/../lib/gcc/arm-none-eabi/13.3.1/../../../../arm-none-eabi/lib/thumb/v7e-m+fp/hard/libc_nano.a(libc_a-malloc.o)
 .ARM.attributes
                0x00000627       0x34 /opt/st/stm32cubeide_1.18.1/plugins/com.st.stm32cube.ide.mcu.externaltools.gnu-tools-for-stm32.13.3.rel1.linux64_1.0.0.202410170706/tools/bin/../lib/gcc/arm-none-eabi/13.3.1/../../../../arm-none-eabi/lib/thumb/v7e-m+fp/hard/libc_nano.a(libc_a-mallocr.o)
 .ARM.attributes
                0x0000065b       0x34 /opt/st/stm32cubeide_1.18.1/plugins/com.st.stm32cube.ide.mcu.externaltools.gnu-tools-for-stm32.13.3.rel1.linux64_1.0.0.202410170706/tools/bin/../lib/gcc/arm-none-eabi/13.3.1/../../../../arm-none-eabi/lib/thumb/v7e-m+fp/hard/libc_nano.a(libc_a-mlock.o)
 .ARM.attributes
                0x0000068f       0x34 /opt/st/stm32cubeide_1.18.1/plugins/com.st.stm32cube.ide.mcu.externaltools.gnu-tools-for-stm32.13.3.rel1.linux64_1.0.0.202410170706/tools/bin/../lib/gcc/arm-none-eabi/13.3.1/../../../../arm-none-eabi/lib/thumb/v7e-m+fp/hard/libc_nano.a(libc_a-findfp.o)
 .ARM.attributes
                0x000006c3       0x34 /opt/st/stm32cubeide_1.18.1/plugins/com.st.stm32cube.ide.mcu.externaltools.gnu-tools-for-stm32.13.3.rel1.linux64_1.0.0.202410170706/tools/bin/../lib/gcc/arm-none-eabi/13.3.1/../../../../arm-none-eabi/lib/thumb/v7e-m+fp/hard/libc_nano.a(libc_a-fwalk.o)
 .ARM.attributes
                0x000006f7       0x34 /opt/st/stm32cubeide_1.18.1/plugins/com.st.stm32cube.ide.mcu.externaltools.gnu-tools-for-stm32.13.3.rel1.linux64_1.0.0.202410170706/tools/bin/../lib/gcc/arm-none-eabi/13.3.1/../../../../arm-none-eabi/lib/thumb/v7e-m+fp/hard/libc_nano.a(libc_a-printf.o)
 .ARM.attributes
                0x0000072b       0x34 /opt/st/stm32cubeide_1.18.1/plugins/com.st.stm32cube.ide.mcu.externaltools.gnu-tools-for-stm32.13.3.rel1.linux64_1.0.0.202410170706/tools/bin/../lib/gcc/arm-none-eabi/13.3.1/../../../../arm-none-eabi/lib/thumb/v7e-m+fp/hard/libc_nano.a(libc_a-puts.o)
 .ARM.attributes
                0x0000075f       0x34 /opt/st/stm32cubeide_1.18.1/plugins/com.st.stm32cube.ide.mcu.externaltools.gnu-tools-for-stm32.13.3.rel1.linux64_1.0.0.202410170706/tools/bin/../lib/gcc/arm-none-eabi/13.3.1/../../../../arm-none-eabi/lib/thumb/v7e-m+fp/hard/libc_nano.a(libc_a-sprintf.o)
 .ARM.attributes
                0x00000793       0x34 /opt/st/stm32cubeide_1.18.1/plugins/com.st.stm32cube.ide.mcu.externaltools.gnu-tools-for-stm32.13.3.rel1.linux64_1.0.0.202410170706/tools/bin/../lib/gcc/arm-none-eabi/13.3.1/../../../../arm-none-eabi/lib/thumb/v7e-m+fp/hard/libc_nano.a(libc_a-stdio.o)
 .ARM.attributes
                0x000007c7       0x34 /opt/st/stm32cubeide_1.18.1/plugins/com.st.stm32cube.ide.mcu.externaltools.gnu-tools-for-stm32.13.3.rel1.linux64_1.0.0.202410170706/tools/bin/../lib/gcc/arm-none-eabi/13.3.1/../../../../arm-none-eabi/lib/thumb/v7e-m+fp/hard/libc_nano.a(libc_a-wbuf.o)
 .ARM.attributes
                0x000007fb       0x34 /opt/st/stm32cubeide_1.18.1/plugins/com.st.stm32cube.ide.mcu.externaltools.gnu-tools-for-stm32.13.3.rel1.linux64_1.0.0.202410170706/tools/bin/../lib/gcc/arm-none-eabi/13.3.1/../../../../arm-none-eabi/lib/thumb/v7e-m+fp/hard/libc_nano.a(libc_a-wsetup.o)
 .ARM.attributes
                0x0000082f       0x34 /opt/st/stm32cubeide_1.18.1/plugins/com.st.stm32cube.ide.mcu.externaltools.gnu-tools-for-stm32.13.3.rel1.linux64_1.0.0.202410170706/tools/bin/../lib/gcc/arm-none-eabi/13.3.1/../../../../arm-none-eabi/lib/thumb/v7e-m+fp/hard/libc_nano.a(libc_a-memset.o)
 .ARM.attributes
                0x00000863       0x34 /opt/st/stm32cubeide_1.18.1/plugins/com.st.stm32cube.ide.mcu.externaltools.gnu-tools-for-stm32.13.3.rel1.linux64_1.0.0.202410170706/tools/bin/../lib/gcc/arm-none-eabi/13.3.1/../../../../arm-none-eabi/lib/thumb/v7e-m+fp/hard/libc_nano.a(libc_a-closer.o)
 .ARM.attributes
                0x00000897       0x34 /opt/st/stm32cubeide_1.18.1/plugins/com.st.stm32cube.ide.mcu.externaltools.gnu-tools-for-stm32.13.3.rel1.linux64_1.0.0.202410170706/tools/bin/../lib/gcc/arm-none-eabi/13.3.1/../../../../arm-none-eabi/lib/thumb/v7e-m+fp/hard/libc_nano.a(libc_a-reent.o)
 .ARM.attributes