Archive member included to satisfy reference by file (symbol)

/home/valentin/GISTRE/2025/ARM/libgapcom/Debug/liblibgapcom.a(gapcom.o)
                              ./Core/Src/main.o (gapcom_create)
/home/valentin/GISTRE/2025/ARM/libgapcom/Debug/liblibgapcom.a(gapcom_core.o)
                              /home/valentin/GISTRE/2025/ARM/libgapcom/Debug/liblibgapcom.a(gapcom.o) (gapcom_tf_id_listener)
/home/valentin/GISTRE/2025/ARM/libgapcom/Debug/liblibgapcom.a(gap.pb.o)
                              /home/valentin/GISTRE/2025/ARM/libgapcom/Debug/liblibgapcom.a(gapcom_core.o) (GAPPingReq_msg)
/home/valentin/GISTRE/2025/ARM/libgapcom/Debug/liblibgapcom.a(pb_decode.o)
                              /home/valentin/GISTRE/2025/ARM/libgapcom/Debug/liblibgapcom.a(gapcom_core.o) (pb_istream_from_buffer)
/home/valentin/GISTRE/2025/ARM/libgapcom/Debug/liblibgapcom.a(TinyFrame.o)
                              /home/valentin/GISTRE/2025/ARM/libgapcom/Debug/liblibgapcom.a(gapcom.o) (TF_InitStatic)
/home/valentin/GISTRE/2025/ARM/libgapcom/Debug/liblibgapcom.a(pb_common.o)
                              /home/valentin/GISTRE/2025/ARM/libgapcom/Debug/liblibgapcom.a(pb_decode.o) (pb_field_iter_begin)
/opt/st/stm32cubeide_1.18.1/plugins/com.st.stm32cube.ide.mcu.externaltools.gnu-tools-for-stm32.13.3.rel1.linux64_1.0.0.202410170706/tools/bin/../lib/gcc/arm-none-eabi/13.3.1/../../../../arm-none-eabi/lib/thumb/v7e-m+fp/hard/libc_nano.a(libc_a-calloc.o)
                              /home/valentin/GISTRE/2025/ARM/libgapcom/Debug/liblibgapcom.a(gapcom.o) (calloc)
/opt/st/stm32cubeide_1.18.1/plugins/com.st.stm32cube.ide.mcu.externaltools.gnu-tools-for-stm32.13.3.rel1.linux64_1.0.0.202410170706/tools/bin/../lib/gcc/arm-none-eabi/13.3.1/../../../../arm-none-eabi/lib/thumb/v7e-m+fp/hard/libc_nano.a(libc_a-callocr.o)
                              /opt/st/stm32cubeide_1.18.1/plugins/com.st.stm32cube.ide.mcu.externaltools.gnu-tools-for-stm32.13.3.rel1.linux64_1.0.0.202410170706/tools/bin/../lib/gcc/arm-none-eabi/13.3.1/../../../../arm-none-eabi/lib/thumb/v7e-m+fp/hard/libc_nano.a(libc_a-calloc.o) (_calloc_r)
/opt/st/stm32cubeide_1.18.1/plugins/com.st.stm32cube.ide.mcu.externaltools.gnu-tools-for-stm32.13.3.rel1.linux64_1.0.0.202410170706/tools/bin/../lib/gcc/arm-none-eabi/13.3.1/../../../../arm-none-eabi/lib/thumb/v7e-m+fp/hard/libc_nano.a(libc_a-exit.o)
                              /opt/st/stm32cubeide_1.18.1/plugins/com.st.stm32cube.ide.mcu.externaltools.gnu-tools-for-stm32.13.3.rel1.linux64_1.0.0.202410170706/tools/bin/../lib/gcc/arm-none-eabi/13.3.1/../../../../arm-none-eabi/lib/thumb/v7e-m+fp/hard/crt0.o (exit)
/opt/st/stm32cubeide_1.18.1/plugins/com.st.stm32cube.ide.mcu.externaltools.gnu-tools-for-stm32.13.3.rel1.linux64_1.0.0.202410170706/tools/bin/../lib/gcc/arm-none-eabi/13.3.1/../../../../arm-none-eabi/lib/thumb/v7e-m+fp/hard/libc_nano.a(libc_a-malloc.o)
                              /home/valentin/GISTRE/2025/ARM/libgapcom/Debug/liblibgapcom.a(TinyFrame.o) (malloc)
/opt/st/stm32cubeide_1.18.1/plugins/com.st.stm32cube.ide.mcu.externaltools.gnu-tools-for-stm32.13.3.rel1.linux64_1.0.0.202410170706/tools/bin/../lib/gcc/arm-none-eabi/13.3.1/../../../../arm-none-eabi/lib/thumb/v7e-m+fp/hard/libc_nano.a(libc_a-mallocr.o)
                              /opt/st/stm32cubeide_1.18.1/plugins/com.st.stm32cube.ide.mcu.externaltools.gnu-tools-for-stm32.13.3.rel1.linux64_1.0.0.202410170706/tools/bin/../lib/gcc/arm-none-eabi/13.3.1/../../../../arm-none-eabi/lib/thumb/v7e-m+fp/hard/libc_nano.a(libc_a-callocr.o) (_malloc_r)
/opt/st/stm32cubeide_1.18.1/plugins/com.st.stm32cube.ide.mcu.externaltools.gnu-tools-for-stm32.13.3.rel1.linux64_1.0.0.202410170706/tools/bin/../lib/gcc/arm-none-eabi/13.3.1/../../../../arm-none-eabi/lib/thumb/v7e-m+fp/hard/libc_nano.a(libc_a-mlock.o)
                              /opt/st/stm32cubeide_1.18.1/plugins/com.st.stm32cube.ide.mcu.externaltools.gnu-tools-for-stm32.13.3.rel1.linux64_1.0.0.202410170706/tools/bin/../lib/gcc/arm-none-eabi/13.3.1/../../../../arm-none-eabi/lib/thumb/v7e-m+fp/hard/libc_nano.a(libc_a-mallocr.o) (__malloc_lock)
/opt/st/stm32cubeide_1.18.1/plugins/com.st.stm32cube.ide.mcu.externaltools.gnu-tools-for-stm32.13.3.rel1.linux64_1.0.0.202410170706/tools/bin/../lib/gcc/arm-none-eabi/13.3.1/../../../../arm-none-eabi/lib/thumb/v7e-m+fp/hard/libc_nano.a(libc_a-findfp.o)
                              /opt/st/stm32cubeide_1.18.1/plugins/com.st.stm32cube.ide.mcu.externaltools.gnu-tools-for-stm32.13.3.rel1.linux64_1.0.0.202410170706/tools/bin/../lib/gcc/arm-none-eabi/13.3.1/../../../../arm-none-eabi/lib/thumb/v7e-m+fp/hard/libc_nano.a(libc_a-exit.o) (__stdio_exit_handler)
/opt/st/stm32cubeide_1.18.1/plugins/com.st.stm32cube.ide.mcu.externaltools.gnu-tools-for-stm32.13.3.rel1.linux64_1.0.0.202410170706/tools/bin/../lib/gcc/arm-none-eabi/13.3.1/../../../../arm-none-eabi/lib/thumb/v7e-m+fp/hard/libc_nano.a(libc_a-fwalk.o)
[...]
Memory Configuration

Name             Origin             Length             Attributes
RAM              0x20000000         0x00018000         xrw
FLASH            0x08000000         0x00080000         xr
*default*        0x00000000         0xffffffff

Linker script and memory map

LOAD /opt/st/stm32cubeide_1.18.1/plugins/com.st.stm32cube.ide.mcu.externaltools.gnu-tools-for-stm32.13.3.rel1.linux64_1.0.0.202410170706/tools/bin/../lib/gcc/arm-none-eabi/13.3.1/thumb/v7e-m+fp/hard/crti.o
LOAD /opt/st/stm32cubeide_1.18.1/plugins/com.st.stm32cube.ide.mcu.externaltools.gnu-tools-for-stm32.13.3.rel1.linux64_1.0.0.202410170706/tools/bin/../lib/gcc/arm-none-eabi/13.3.1/thumb/v7e-m+fp/hard/crtbegin.o
LOAD /opt/st/stm32cubeide_1.18.1/plugins/com.st.stm32cube.ide.mcu.externaltools.gnu-tools-for-stm32.13.3.rel1.linux64_1.0.0.202410170706/tools/bin/../lib/gcc/arm-none-eabi/13.3.1/../../../../arm-none-eabi/lib/thumb/v7e-m+fp/hard/crt0.o
LOAD ./Core/Src/main.o
LOAD ./Core/Src/stm32f4xx_hal_msp.o
LOAD ./Core/Src/stm32f4xx_it.o
LOAD ./Core/Src/syscalls.o
LOAD ./Core/Src/sysmem.o
LOAD ./Core/Src/system_stm32f4xx.o
LOAD ./Core/Startup/startup_stm32f401retx.o
LOAD ./Drivers/STM32F4xx_HAL_Driver/Src/stm32f4xx_hal.o
LOAD ./Drivers/STM32F4xx_HAL_Driver/Src/stm32f4xx_hal_cortex.o
LOAD ./Drivers/STM32F4xx_HAL_Driver/Src/stm32f4xx_hal_dma.o
LOAD ./Drivers/STM32F4xx_HAL_Driver/Src/stm32f4xx_hal_dma_ex.o
LOAD ./Drivers/STM32F4xx_HAL_Driver/Src/stm32f4xx_hal_exti.o
LOAD ./Drivers/STM32F4xx_HAL_Driver/Src/stm32f4xx_hal_flash.o
LOAD ./Drivers/STM32F4xx_HAL_Driver/Src/stm32f4xx_hal_flash_ex.o
LOAD ./Drivers/STM32F4xx_HAL_Driver/Src/stm32f4xx_hal_flash_ramfunc.o
LOAD ./Drivers/STM32F4xx_HAL_Driver/Src/stm32f4xx_hal_gpio.o
LOAD ./Drivers/STM32F4xx_HAL_Driver/Src/stm32f4xx_hal_pwr.o
LOAD ./Drivers/STM32F4xx_HAL_Driver/Src/stm32f4xx_hal_pwr_ex.o
LOAD ./Drivers/STM32F4xx_HAL_Driver/Src/stm32f4xx_hal_rcc.o
LOAD ./Drivers/STM32F4xx_HAL_Driver/Src/stm32f4xx_hal_rcc_ex.o
LOAD ./Drivers/STM32F4xx_HAL_Driver/Src/stm32f4xx_hal_usart.o
LOAD /home/valentin/GISTRE/2025/ARM/libgapcom/Debug/liblibgapcom.a
START GROUP
LOAD /opt/st/stm32cubeide_1.18.1/plugins/com.st.stm32cube.ide.mcu.externaltools.gnu-tools-for-stm32.13.3.rel1.linux64_1.0.0.202410170706/tools/bin/../lib/gcc/arm-none-eabi/13.3.1/../../../../arm-none-eabi/lib/thumb/v7e-m+fp/hard/libc_nano.a
LOAD /opt/st/stm32cubeide_1.18.1/plugins/com.st.stm32cube.ide.mcu.externaltools.gnu-tools-for-stm32.13.3.rel1.linux64_1.0.0.202410170706/tools/bin/../lib/gcc/arm-none-eabi/13.3.1/../../../../arm-none-eabi/lib/thumb/v7e-m+fp/hard/libm.a
END GROUP
START GROUP
LOAD /opt/st/stm32cubeide_1.18.1/plugins/com.st.stm32cube.ide.mcu.externaltools.gnu-tools-for-stm32.13.3.rel1.linux64_1.0.0.202410170706/tools/bin/../lib/gcc/arm-none-eabi/13.3.1/thumb/v7e-m+fp/hard/libgcc.a
LOAD /opt/st/stm32cubeide_1.18.1/plugins/com.st.stm32cube.ide.mcu.externaltools.gnu-tools-for-stm32.13.3.rel1.linux64_1.0.0.202410170706/tools/bin/../lib/gcc/arm-none-eabi/13.3.1/../../../../arm-none-eabi/lib/thumb/v7e-m+fp/hard/libc_nano.a
END GROUP
START GROUP
LOAD /opt/st/stm32cubeide_1.18.1/plugins/com.st.stm32cube.ide.mcu.externaltools.gnu-tools-for-stm32.13.3.rel1.linux64_1.0.0.202410170706/tools/bin/../lib/gcc/arm-none-eabi/13.3.1/thumb/v7e-m+fp/hard/libgcc.a
LOAD /opt/st/stm32cubeide_1.18.1/plugins/com.st.stm32cube.ide.mcu.externaltools.gnu-tools-for-stm32.13.3.rel1.linux64_1.0.0.202410170706/tools/bin/../lib/gcc/arm-none-eabi/13.3.1/../../../../arm-none-eabi/lib/thumb/v7e-m+fp/hard/libc_nano.a
LOAD /opt/st/stm32cubeide_1.18.1/plugins/com.st.stm32cube.ide.mcu.externaltools.gnu-tools-for-stm32.13.3.rel1.linux64_1.0.0.202410170706/tools/bin/../lib/gcc/arm-none-eabi/13.3.1/../../../../arm-none-eabi/lib/thumb/v7e-m+fp/hard/libnosys.a
END GROUP
START GROUP
LOAD /opt/st/stm32cubeide_1.18.1/plugins/com.st.stm32cube.ide.mcu.externaltools.gnu-tools-for-stm32.13.3.rel1.linux64_1.0.0.202410170706/tools/bin/../lib/gcc/arm-none-eabi/13.3.1/thumb/v7e-m+fp/hard/libgcc.a
LOAD /opt/st/stm32cubeide_1.18.1/plugins/com.st.stm32cube.ide.mcu.externaltools.gnu-tools-for-stm32.13.3.rel1.linux64_1.0.0.202410170706/tools/bin/../lib/gcc/arm-none-eabi/13.3.1/../../../../arm-none-eabi/lib/thumb/v7e-m+fp/hard/libc_nano.a
LOAD /opt/st/stm32cubeide_1.18.1/plugins/com.st.stm32cube.ide.mcu.externaltools.gnu-tools-for-stm32.13.3.rel1.linux64_1.0.0.202410170706/tools/bin/../lib/gcc/arm-none-eabi/13.3.1/../../../../arm-none-eabi/lib/thumb/v7e-m+fp/hard/libnosys.a
END GROUP
LOAD /opt/st/stm32cubeide_1.18.1/plugins/com.st.stm32cube.ide.mcu.externaltools.gnu-tools-for-stm32.13.3.rel1.linux64_1.0.0.202410170706/tools/bin/../lib/gcc/arm-none-eabi/13.3.1/thumb/v7e-m+fp/hard/crtend.o
LOAD /opt/st/stm32cubeide_1.18.1/plugins/com.st.stm32cube.ide.mcu.externaltools.gnu-tools-for-stm32.13.3.rel1.linux64_1.0.0.202410170706/tools/bin/../lib/gcc/arm-none-eabi/13.3.1/thumb/v7e-m+fp/hard/crtn.o
                0x20018000                        _estack = (ORIGIN (RAM) + LENGTH (RAM))
                0x00000200                        _Min_Heap_Size = 0x200
                0x00000400                        _Min_Stack_Size = 0x400

.isr_vector     0x08000000      0x194
                0x08000000                        . = ALIGN (0x4)
 *(.isr_vector)
 .isr_vector    0x08000000      0x194 ./Core/Startup/startup_stm32f401retx.o
                0x08000000                g_pfnVectors
                0x08000194                        . = ALIGN (0x4)

.text           0x08000194     0x532c
                0x08000194                        . = ALIGN (0x4)
 *(.text)
 .text          0x08000194       0x40 /opt/st/stm32cubeide_1.18.1/plugins/com.st.stm32cube.ide.mcu.externaltools.gnu-tools-for-stm32.13.3.rel1.linux64_1.0.0.202410170706/tools/bin/../lib/gcc/arm-none-eabi/13.3.1/thumb/v7e-m+fp/hard/crtbegin.o
 .text          0x080001d4       0x30 /opt/st/stm32cubeide_1.18.1/plugins/com.st.stm32cube.ide.mcu.externaltools.gnu-tools-for-stm32.13.3.rel1.linux64_1.0.0.202410170706/tools/bin/../lib/gcc/arm-none-eabi/13.3.1/thumb/v7e-m+fp/hard/libgcc.a(_aeabi_uldivmod.o)
                0x080001d4                __aeabi_uldivmod
 .text          0x08000204      0x2f8 /opt/st/stm32cubeide_1.18.1/plugins/com.st.stm32cube.ide.mcu.externaltools.gnu-tools-for-stm32.13.3.rel1.linux64_1.0.0.202410170706/tools/bin/../lib/gcc/arm-none-eabi/13.3.1/thumb/v7e-m+fp/hard/libgcc.a(_udivmoddi4.o)
                0x08000204                __udivmoddi4
 .text          0x080004fc        0x4 /opt/st/stm32cubeide_1.18.1/plugins/com.st.stm32cube.ide.mcu.externaltools.gnu-tools-for-stm32.13.3.rel1.linux64_1.0.0.202410170706/tools/bin/../lib/gcc/arm-none-eabi/13.3.1/thumb/v7e-m+fp/hard/libgcc.a(_dvmd_tls.o)
                0x080004fc                __aeabi_ldiv0
                0x080004fc                __aeabi_idiv0
 *(.text*)
 .text.main     0x08000500       0x28 ./Core/Src/main.o
                0x08000500                main
 .text.SystemClock_Config
                0x08000528       0xc0 ./Core/Src/main.o
                0x08000528                SystemClock_Config
 .text.MX_USART2_Init
                0x080005e8       0x58 ./Core/Src/main.o
 .text.MX_GPIO_Init
                0x08000640       0x34 ./Core/Src/main.o
 .text.Error_Handler
                0x08000674        0xc ./Core/Src/main.o
                0x08000674                Error_Handler
 .text.HAL_MspInit
                0x08000680       0x50 ./Core/Src/stm32f4xx_hal_msp.o
                0x08000680                HAL_MspInit
 .text.HAL_USART_MspInit
                0x080006d0       0xa0 ./Core/Src/stm32f4xx_hal_msp.o
                0x080006d0                HAL_USART_MspInit
 .text.NMI_Handler
                0x08000770        0x8 ./Core/Src/stm32f4xx_it.o
                0x08000770                NMI_Handler
 .text.HardFault_Handler
                0x08000778        0x8 ./Core/Src/stm32f4xx_it.o
                0x08000778                HardFault_Handler
 .text.MemManage_Handler
                0x08000780        0x8 ./Core/Src/stm32f4xx_it.o
                0x08000780                MemManage_Handler
 .text.BusFault_Handler
                0x08000788        0x8 ./Core/Src/stm32f4xx_it.o
                0x08000788                BusFault_Handler
 .text.UsageFault_Handler
                0x08000790        0x8 ./Core/Src/stm32f4xx_it.o
                0x08000790                UsageFault_Handler
 .text.SVC_Handler
                0x08000798        0xe ./Core/Src/stm32f4xx_it.o
                0x08000798                SVC_Handler
 .text.DebugMon_Handler
                0x080007a6        0xe ./Core/Src/stm32f4xx_it.o
                0x080007a6                DebugMon_Handler
 .text.PendSV_Handler
                0x080007b4        0xe ./Core/Src/stm32f4xx_it.o
                0x080007b4                PendSV_Handler
 .text.SysTick_Handler
                0x080007c2        0xc ./Core/Src/stm32f4xx_it.o
                0x080007c2                SysTick_Handler
 *fill*         0x080007ce        0x2 
 .text.USART2_IRQHandler
                0x080007d0       0x14 ./Core/Src/stm32f4xx_it.o
                0x080007d0                USART2_IRQHandler
 .text._read    0x080007e4       0x3a ./Core/Src/syscalls.o
                0x080007e4                _read
 .text._write   0x0800081e       0x38 ./Core/Src/syscalls.o
                0x0800081e                _write
 .text._close   0x08000856       0x18 ./Core/Src/syscalls.o
                0x08000856                _close
 .text._fstat   0x0800086e       0x20 ./Core/Src/syscalls.o
                0x0800086e                _fstat
 .text._isatty  0x0800088e       0x16 ./Core/Src/syscalls.o
                0x0800088e                _isatty
 .text._lseek   0x080008a4       0x1a ./Core/Src/syscalls.o
                0x080008a4                _lseek
 *fill*         0x080008be        0x2 
 .text._sbrk    0x080008c0       0x6c ./Core/Src/sysmem.o
                0x080008c0                _sbrk
 .text.SystemInit
                0x0800092c       0x24 ./Core/Src/system_stm32f4xx.o
                0x0800092c                SystemInit
 .text.Reset_Handler
                0x08000950       0x50 ./Core/Startup/startup_stm32f401retx.o
                0x08000950                Reset_Handler
 .text.Default_Handler
                0x080009a0        0x2 ./Core/Startup/startup_stm32f401retx.o
                0x080009a0                RTC_Alarm_IRQHandler
                0x080009a0                EXTI2_IRQHandler
                0x080009a0                SPI4_IRQHandler
                0x080009a0                TIM1_CC_IRQHandler
                0x080009a0                DMA2_Stream5_IRQHandler
                0x080009a0                DMA1_Stream5_IRQHandler
                0x080009a0                PVD_IRQHandler
                0x080009a0                SDIO_IRQHandler
                0x080009a0                TAMP_STAMP_IRQHandler
                0x080009a0                EXTI3_IRQHandler
                0x080009a0                TIM1_UP_TIM10_IRQHandler
                0x080009a0                I2C3_ER_IRQHandler
                0x080009a0                EXTI0_IRQHandler
                0x080009a0                I2C2_EV_IRQHandler
                0x080009a0                DMA1_Stream2_IRQHandler
                0x080009a0                FPU_IRQHandler
                0x080009a0                DMA2_Stream2_IRQHandler
                0x080009a0                SPI1_IRQHandler
                0x080009a0                TIM1_BRK_TIM9_IRQHandler
                0x080009a0                DMA2_Stream3_IRQHandler
                0x080009a0                USART6_IRQHandler
                0x080009a0                DMA2_Stream0_IRQHandler
                0x080009a0                TIM4_IRQHandler
                0x080009a0                I2C1_EV_IRQHandler
                0x080009a0                DMA1_Stream6_IRQHandler
                0x080009a0                DMA1_Stream1_IRQHandler
                0x080009a0                TIM3_IRQHandler
                0x080009a0                RCC_IRQHandler
                0x080009a0                Default_Handler
                0x080009a0                EXTI15_10_IRQHandler
                0x080009a0                ADC_IRQHandler
                0x080009a0                DMA1_Stream7_IRQHandler
                0x080009a0                TIM5_IRQHandler
                0x080009a0                DMA2_Stream7_IRQHandler
                0x080009a0                I2C3_EV_IRQHandler
                0x080009a0                EXTI9_5_IRQHandler
                0x080009a0                RTC_WKUP_IRQHandler
                0x080009a0                SPI2_IRQHandler
                0x080009a0                DMA1_Stream0_IRQHandler
                0x080009a0                EXTI4_IRQHandler
                0x080009a0                WWDG_IRQHandler
                0x080009a0                TIM2_IRQHandler
                0x080009a0                OTG_FS_WKUP_IRQHandler
                0x080009a0                TIM1_TRG_COM_TIM11_IRQHandler
                0x080009a0                EXTI1_IRQHandler
                0x080009a0                I2C2_ER_IRQHandler
                0x080009a0                DMA2_Stream1_IRQHandler
                0x080009a0                FLASH_IRQHandler
                0x080009a0                DMA2_Stream4_IRQHandler
                0x080009a0                USART1_IRQHandler
                0x080009a0                OTG_FS_IRQHandler
                0x080009a0                SPI3_IRQHandler
                0x080009a0                DMA1_Stream4_IRQHandler
                0x080009a0                I2C1_ER_IRQHandler
                0x080009a0                DMA2_Stream6_IRQHandler
                0x080009a0                DMA1_Stream3_IRQHandler
 *fill*         0x080009a2        0x2 
 .text.HAL_Init
                0x080009a4       0x44 ./Drivers/STM32F4xx_HAL_Driver/Src/stm32f4xx_hal.o
                0x080009a4                HAL_Init
 .text.HAL_InitTick
                0x080009e8       0x60 ./Drivers/STM32F4xx_HAL_Driver/Src/stm32f4xx_hal.o
                0x080009e8                HAL_InitTick
 .text.HAL_IncTick
                0x08000a48       0x28 ./Drivers/STM32F4xx_HAL_Driver/Src/stm32f4xx_hal.o
                0x08000a48                HAL_IncTick
 .text.HAL_GetTick
                0x08000a70       0x18 ./Drivers/STM32F4xx_HAL_Driver/Src/stm32f4xx_hal.o
                0x08000a70                HAL_GetTick
 .text.__NVIC_SetPriorityGrouping
                0x08000a88       0x48 ./Drivers/STM32F4xx_HAL_Driver/Src/stm32f4xx_hal_cortex.o
 .text.__NVIC_GetPriorityGrouping
                0x08000ad0       0x1c ./Drivers/STM32F4xx_HAL_Driver/Src/stm32f4xx_hal_cortex.o
 .text.__NVIC_EnableIRQ
                0x08000aec       0x3c ./Drivers/STM32F4xx_HAL_Driver/Src/stm32f4xx_hal_cortex.o
 .text.__NVIC_SetPriority
                0x08000b28       0x54 ./Drivers/STM32F4xx_HAL_Driver/Src/stm32f4xx_hal_cortex.o
 .text.NVIC_EncodePriority
                0x08000b7c       0x66 ./Drivers/STM32F4xx_HAL_Driver/Src/stm32f4xx_hal_cortex.o
 *fill*         0x08000be2        0x2 
 .text.SysTick_Config
                0x08000be4       0x44 ./Drivers/STM32F4xx_HAL_Driver/Src/stm32f4xx_hal_cortex.o
 .text.HAL_NVIC_SetPriorityGrouping
                0x08000c28       0x16 ./Drivers/STM32F4xx_HAL_Driver/Src/stm32f4xx_hal_cortex.o
                0x08000c28                HAL_NVIC_SetPriorityGrouping
 .text.HAL_NVIC_SetPriority
                0x08000c3e       0x38 ./Drivers/STM32F4xx_HAL_Driver/Src/stm32f4xx_hal_cortex.o
                0x08000c3e                HAL_NVIC_SetPriority
 .text.HAL_NVIC_EnableIRQ
                0x08000c76       0x1c ./Drivers/STM32F4xx_HAL_Driver/Src/stm32f4xx_hal_cortex.o
                0x08000c76                HAL_NVIC_EnableIRQ
 .text.HAL_SYSTICK_Config
                0x08000c92       0x18 ./Drivers/STM32F4xx_HAL_Driver/Src/stm32f4xx_hal_cortex.o
                0x08000c92                HAL_SYSTICK_Config
 .text.HAL_DMA_Abort_IT
                0x08000caa       0x44 ./Drivers/STM32F4xx_HAL_Driver/Src/stm32f4xx_hal_dma.o
                0x08000caa                HAL_DMA_Abort_IT
 *fill*         0x08000cee        0x2 
 .text.HAL_GPIO_Init
                0x08000cf0      0x308 ./Drivers/STM32F4xx_HAL_Driver/Src/stm32f4xx_hal_gpio.o
                0x08000cf0                HAL_GPIO_Init
 .text.HAL_RCC_OscConfig
                0x08000ff8      0x4f0 ./Drivers/STM32F4xx_HAL_Driver/Src/stm32f4xx_hal_rcc.o
                0x08000ff8                HAL_RCC_OscConfig
 .text.HAL_RCC_ClockConfig
                0x080014e8      0x1cc ./Drivers/STM32F4xx_HAL_Driver/Src/stm32f4xx_hal_rcc.o
                0x080014e8                HAL_RCC_ClockConfig
 .text.HAL_RCC_GetSysClockFreq
                0x080016b4      0x18c ./Drivers/STM32F4xx_HAL_Driver/Src/stm32f4xx_hal_rcc.o
                0x080016b4                HAL_RCC_GetSysClockFreq
 .text.HAL_RCC_GetHCLKFreq
                0x08001840       0x18 ./Drivers/STM32F4xx_HAL_Driver/Src/stm32f4xx_hal_rcc.o
                0x08001840                HAL_RCC_GetHCLKFreq
 .text.HAL_RCC_GetPCLK1Freq
                0x08001858       0x28 ./Drivers/STM32F4xx_HAL_Driver/Src/stm32f4xx_hal_rcc.o
                0x08001858                HAL_RCC_GetPCLK1Freq
 .text.HAL_RCC_GetPCLK2Freq
                0x08001880       0x28 ./Drivers/STM32F4xx_HAL_Driver/Src/stm32f4xx_hal_rcc.o
                0x08001880                HAL_RCC_GetPCLK2Freq
 .text.HAL_USART_Init
                0x080018a8       0x82 ./Drivers/STM32F4xx_HAL_Driver/Src/stm32f4xx_hal_usart.o
                0x080018a8                HAL_USART_Init
 *fill*         0x0800192a        0x2 
 .text.HAL_USART_IRQHandler
                0x0800192c      0x23c ./Drivers/STM32F4xx_HAL_Driver/Src/stm32f4xx_hal_usart.o
                0x0800192c                HAL_USART_IRQHandler
 .text.HAL_USART_TxCpltCallback
                0x08001b68       0x14 ./Drivers/STM32F4xx_HAL_Driver/Src/stm32f4xx_hal_usart.o
                0x08001b68                HAL_USART_TxCpltCallback
 .text.HAL_USART_RxCpltCallback
                0x08001b7c       0x14 ./Drivers/STM32F4xx_HAL_Driver/Src/stm32f4xx_hal_usart.o
                0x08001b7c                HAL_USART_RxCpltCallback
 .text.HAL_USART_TxRxCpltCallback
                0x08001b90       0x14 ./Drivers/STM32F4xx_HAL_Driver/Src/stm32f4xx_hal_usart.o
                0x08001b90                HAL_USART_TxRxCpltCallback
 .text.HAL_USART_ErrorCallback
                0x08001ba4       0x14 ./Drivers/STM32F4xx_HAL_Driver/Src/stm32f4xx_hal_usart.o
                0x08001ba4                HAL_USART_ErrorCallback
 .text.USART_EndRxTransfer
                0x08001bb8       0x3c ./Drivers/STM32F4xx_HAL_Driver/Src/stm32f4xx_hal_usart.o
 .text.USART_DMAAbortOnError
                0x08001bf4       0x28 ./Drivers/STM32F4xx_HAL_Driver/Src/stm32f4xx_hal_usart.o
 .text.USART_Transmit_IT
                0x08001c1c       0xa0 ./Drivers/STM32F4xx_HAL_Driver/Src/stm32f4xx_hal_usart.o
 .text.USART_EndTransmit_IT
                0x08001cbc       0x40 ./Drivers/STM32F4xx_HAL_Driver/Src/stm32f4xx_hal_usart.o
 .text.USART_Receive_IT
                0x08001cfc      0x10c ./Drivers/STM32F4xx_HAL_Driver/Src/stm32f4xx_hal_usart.o
 .text.USART_TransmitReceive_IT
                0x08001e08      0x19a ./Drivers/STM32F4xx_HAL_Driver/Src/stm32f4xx_hal_usart.o
 *fill*         0x08001fa2        0x2 
 .text.USART_SetConfig
                0x08001fa4      0x530 ./Drivers/STM32F4xx_HAL_Driver/Src/stm32f4xx_hal_usart.o
 .text.gapcom_create
                0x080024d4       0x60 /home/valentin/GISTRE/2025/ARM/libgapcom/Debug/liblibgapcom.a(gapcom.o)
                0x080024d4                gapcom_create
 .text.gapcom_tf_id_listener
                0x08002534      0x40c /home/valentin/GISTRE/2025/ARM/libgapcom/Debug/liblibgapcom.a(gapcom_core.o)
                0x08002534                gapcom_tf_id_listener
 .text.buf_read
                0x08002940       0x38 /home/valentin/GISTRE/2025/ARM/libgapcom/Debug/liblibgapcom.a(pb_decode.o)
 .text.pb_read  0x08002978       0xec /home/valentin/GISTRE/2025/ARM/libgapcom/Debug/liblibgapcom.a(pb_decode.o)
                0x08002978                pb_read
 .text.pb_readbyte
                0x08002a64       0x78 /home/valentin/GISTRE/2025/ARM/libgapcom/Debug/liblibgapcom.a(pb_decode.o)
 .text.pb_istream_from_buffer
                0x08002adc       0x3c /home/valentin/GISTRE/2025/ARM/libgapcom/Debug/liblibgapcom.a(pb_decode.o)
                0x08002adc                pb_istream_from_buffer
 .text.pb_decode_varint32_eof
                0x08002b18      0x154 /home/valentin/GISTRE/2025/ARM/libgapcom/Debug/liblibgapcom.a(pb_decode.o)
 .text.pb_decode_varint32
                0x08002c6c       0x1e /home/valentin/GISTRE/2025/ARM/libgapcom/Debug/liblibgapcom.a(pb_decode.o)
                0x08002c6c                pb_decode_varint32
 *fill*         0x08002c8a        0x2 
 .text.pb_decode_varint
                0x08002c8c       0xcc /home/valentin/GISTRE/2025/ARM/libgapcom/Debug/liblibgapcom.a(pb_decode.o)
                0x08002c8c                pb_decode_varint
 .text.pb_skip_varint
                0x08002d58       0x38 /home/valentin/GISTRE/2025/ARM/libgapcom/Debug/liblibgapcom.a(pb_decode.o)
 .text.pb_skip_string
                0x08002d90       0x3a /home/valentin/GISTRE/2025/ARM/libgapcom/Debug/liblibgapcom.a(pb_decode.o)
 .text.pb_decode_tag
                0x08002dca       0x5e /home/valentin/GISTRE/2025/ARM/libgapcom/Debug/liblibgapcom.a(pb_decode.o)
                0x08002dca                pb_decode_tag
 .text.pb_skip_field
                0x08002e28       0x84 /home/valentin/GISTRE/2025/ARM/libgapcom/Debug/liblibgapcom.a(pb_decode.o)
                0x08002e28                pb_skip_field
 .text.read_raw_value
                0x08002eac       0xd8 /home/valentin/GISTRE/2025/ARM/libgapcom/Debug/liblibgapcom.a(pb_decode.o)
 .text.pb_make_string_substream
                0x08002f84       0x74 /home/valentin/GISTRE/2025/ARM/libgapcom/Debug/liblibgapcom.a(pb_decode.o)
                0x08002f84                pb_make_string_substream
 .text.pb_close_string_substream
                0x08002ff8       0x4a /home/valentin/GISTRE/2025/ARM/libgapcom/Debug/liblibgapcom.a(pb_decode.o)
                0x08002ff8                pb_close_string_substream
 *fill*         0x08003042        0x2 
 .text.decode_basic_field
                0x08003044      0x1ec /home/valentin/GISTRE/2025/ARM/libgapcom/Debug/liblibgapcom.a(pb_decode.o)
 .text.decode_static_field
                0x08003230      0x280 /home/valentin/GISTRE/2025/ARM/libgapcom/Debug/liblibgapcom.a(pb_decode.o)
 .text.decode_pointer_field
                0x080034b0       0x34 /home/valentin/GISTRE/2025/ARM/libgapcom/Debug/liblibgapcom.a(pb_decode.o)
 .text.decode_callback_field
                0x080034e4      0x114 /home/valentin/GISTRE/2025/ARM/libgapcom/Debug/liblibgapcom.a(pb_decode.o)
 .text.decode_field
                0x080035f8       0x7c /home/valentin/GISTRE/2025/ARM/libgapcom/Debug/liblibgapcom.a(pb_decode.o)
 .text.default_extension_decoder
                0x08003674       0x74 /home/valentin/GISTRE/2025/ARM/libgapcom/Debug/liblibgapcom.a(pb_decode.o)
 .text.decode_extension
                0x080036e8       0x78 /home/valentin/GISTRE/2025/ARM/libgapcom/Debug/liblibgapcom.a(pb_decode.o)
 .text.pb_field_set_to_default
                0x08003760      0x182 /home/valentin/GISTRE/2025/ARM/libgapcom/Debug/liblibgapcom.a(pb_decode.o)
 .text.pb_message_set_to_defaults
                0x080038e2       0xfa /home/valentin/GISTRE/2025/ARM/libgapcom/Debug/liblibgapcom.a(pb_decode.o)
 .text.pb_decode_inner
                0x080039dc      0x374 /home/valentin/GISTRE/2025/ARM/libgapcom/Debug/liblibgapcom.a(pb_decode.o)
 .text.pb_decode
                0x08003d50       0x26 /home/valentin/GISTRE/2025/ARM/libgapcom/Debug/liblibgapcom.a(pb_decode.o)
                0x08003d50                pb_decode
 .text.pb_decode_bool
                0x08003d76       0x40 /home/valentin/GISTRE/2025/ARM/libgapcom/Debug/liblibgapcom.a(pb_decode.o)
                0x08003d76                pb_decode_bool
 .text.pb_decode_svarint
                0x08003db6       0x86 /home/valentin/GISTRE/2025/ARM/libgapcom/Debug/liblibgapcom.a(pb_decode.o)
                0x08003db6                pb_decode_svarint
 .text.pb_decode_fixed32
                0x08003e3c       0x38 /home/valentin/GISTRE/2025/ARM/libgapcom/Debug/liblibgapcom.a(pb_decode.o)
                0x08003e3c                pb_decode_fixed32
 .text.pb_decode_fixed64
                0x08003e74       0x3c /home/valentin/GISTRE/2025/ARM/libgapcom/Debug/liblibgapcom.a(pb_decode.o)
                0x08003e74                pb_decode_fixed64
 .text.pb_dec_bool
                0x08003eb0       0x20 /home/valentin/GISTRE/2025/ARM/libgapcom/Debug/liblibgapcom.a(pb_decode.o)
 .text.pb_dec_varint
                0x08003ed0      0x258 /home/valentin/GISTRE/2025/ARM/libgapcom/Debug/liblibgapcom.a(pb_decode.o)
 .text.pb_dec_bytes
                0x08004128       0xe8 /home/valentin/GISTRE/2025/ARM/libgapcom/Debug/liblibgapcom.a(pb_decode.o)
 .text.pb_dec_string
                0x08004210       0xf8 /home/valentin/GISTRE/2025/ARM/libgapcom/Debug/liblibgapcom.a(pb_decode.o)
 .text.pb_dec_submessage
                0x08004308      0x114 /home/valentin/GISTRE/2025/ARM/libgapcom/Debug/liblibgapcom.a(pb_decode.o)
 .text.pb_dec_fixed_length_bytes
                0x0800441c       0xa8 /home/valentin/GISTRE/2025/ARM/libgapcom/Debug/liblibgapcom.a(pb_decode.o)
 .text.TF_InitStatic
                0x080044c4       0x54 /home/valentin/GISTRE/2025/ARM/libgapcom/Debug/liblibgapcom.a(TinyFrame.o)
                0x080044c4                TF_InitStatic
 .text.TF_AddGenericListener
                0x08004518       0x70 /home/valentin/GISTRE/2025/ARM/libgapcom/Debug/liblibgapcom.a(TinyFrame.o)
                0x08004518                TF_AddGenericListener
 .text.load_descriptor_values
                0x08004588      0x2d4 /home/valentin/GISTRE/2025/ARM/libgapcom/Debug/liblibgapcom.a(pb_common.o)
 .text.advance_iterator
                0x0800485c       0xc0 /home/valentin/GISTRE/2025/ARM/libgapcom/Debug/liblibgapcom.a(pb_common.o)
 .text.pb_field_iter_begin
                0x0800491c       0x32 /home/valentin/GISTRE/2025/ARM/libgapcom/Debug/liblibgapcom.a(pb_common.o)
                0x0800491c                pb_field_iter_begin
 .text.pb_field_iter_begin_extension
                0x0800494e       0x60 /home/valentin/GISTRE/2025/ARM/libgapcom/Debug/liblibgapcom.a(pb_common.o)
                0x0800494e                pb_field_iter_begin_extension
 .text.pb_field_iter_next
                0x080049ae       0x2a /home/valentin/GISTRE/2025/ARM/libgapcom/Debug/liblibgapcom.a(pb_common.o)
                0x080049ae                pb_field_iter_next
 .text.pb_field_iter_find
                0x080049d8       0xac /home/valentin/GISTRE/2025/ARM/libgapcom/Debug/liblibgapcom.a(pb_common.o)
                0x080049d8                pb_field_iter_find
 .text.pb_field_iter_find_extension
                0x08004a84       0x66 /home/valentin/GISTRE/2025/ARM/libgapcom/Debug/liblibgapcom.a(pb_common.o)
                0x08004a84                pb_field_iter_find_extension
 *fill*         0x08004aea        0x2 
 .text.calloc   0x08004aec       0x10 /opt/st/stm32cubeide_1.18.1/plugins/com.st.stm32cube.ide.mcu.externaltools.gnu-tools-for-stm32.13.3.rel1.linux64_1.0.0.202410170706/tools/bin/../lib/gcc/arm-none-eabi/13.3.1/../../../../arm-none-eabi/lib/thumb/v7e-m+fp/hard/libc_nano.a(libc_a-calloc.o)
                0x08004aec                calloc
 .text._calloc_r
                0x08004afc       0x28 /opt/st/stm32cubeide_1.18.1/plugins/com.st.stm32cube.ide.mcu.externaltools.gnu-tools-for-stm32.13.3.rel1.linux64_1.0.0.202410170706/tools/bin/../lib/gcc/arm-none-eabi/13.3.1/../../../../arm-none-eabi/lib/thumb/v7e-m+fp/hard/libc_nano.a(libc_a-callocr.o)
                0x08004afc                _calloc_r
 .text.free     0x08004b24       0x10 /opt/st/stm32cubeide_1.18.1/plugins/com.st.stm32cube.ide.mcu.externaltools.gnu-tools-for-stm32.13.3.rel1.linux64_1.0.0.202410170706/tools/bin/../lib/gcc/arm-none-eabi/13.3.1/../../../../arm-none-eabi/lib/thumb/v7e-m+fp/hard/libc_nano.a(libc_a-malloc.o)
                0x08004b24                free
 .text.sbrk_aligned
                0x08004b34       0x44 /opt/st/stm32cubeide_1.18.1/plugins/com.st.stm32cube.ide.mcu.externaltools.gnu-tools-for-stm32.13.3.rel1.linux64_1.0.0.202410170706/tools/bin/../lib/gcc/arm-none-eabi/13.3.1/../../../../arm-none-eabi/lib/thumb/v7e-m+fp/hard/libc_nano.a(libc_a-mallocr.o)
 .text._malloc_r
                0x08004b78      0x100 /opt/st/stm32cubeide_1.18.1/plugins/com.st.stm32cube.ide.mcu.externaltools.gnu-tools-for-stm32.13.3.rel1.linux64_1.0.0.202410170706/tools/bin/../lib/gcc/arm-none-eabi/13.3.1/../../../../arm-none-eabi/lib/thumb/v7e-m+fp/hard/libc_nano.a(libc_a-mallocr.o)
                0x08004b78                _malloc_r
 .text.__malloc_lock
                0x08004c78        0xc /opt/st/stm32cubeide_1.18.1/plugins/com.st.stm32cube.ide.mcu.externaltools.gnu-tools-for-stm32.13.3.rel1.linux64_1.0.0.202410170706/tools/bin/../lib/gcc/arm-none-eabi/13.3.1/../../../../arm-none-eabi/lib/thumb/v7e-m+fp/hard/libc_nano.a(libc_a-mlock.o)
                0x08004c78                __malloc_lock
 .text.__malloc_unlock
                0x08004c84        0xc /opt/st/stm32cubeide_1.18.1/plugins/com.st.stm32cube.ide.mcu.externaltools.gnu-tools-for-stm32.13.3.rel1.linux64_1.0.0.202410170706/tools/bin/../lib/gcc/arm-none-eabi/13.3.1/../../../../arm-none-eabi/lib/thumb/v7e-m+fp/hard/libc_nano.a(libc_a-mlock.o)
                0x08004c84                __malloc_unlock
 .text.std      0x08004c90       0x6c /opt/st/stm32cubeide_1.18.1/plugins/com.st.stm32cube.ide.mcu.externaltools.gnu-tools-for-stm32.13.3.rel1.linux64_1.0.0.202410170706/tools/bin/../lib/gcc/arm-none-eabi/13.3.1/../../../../arm-none-eabi/lib/thumb/v7e-m+fp/hard/libc_nano.a(libc_a-findfp.o)
 .text.stdio_exit_handler
                0x08004cfc       0x18 /opt/st/stm32cubeide_1.18.1/plugins/com.st.stm32cube.ide.mcu.externaltools.gnu-tools-for-stm32.13.3.rel1.linux64_1.0.0.202410170706/tools/bin/../lib/gcc/arm-none-eabi/13.3.1/../../../../arm-none-eabi/lib/thumb/v7e-m+fp/hard/libc_nano.a(libc_a-findfp.o)
 .text.cleanup_stdio
                0x08004d14       0x40 /opt/st/stm32cubeide_1.18.1/plugins/com.st.stm32cube.ide.mcu.externaltools.gnu-tools-for-stm32.13.3.rel1.linux64_1.0.0.202410170706/tools/bin/../lib/gcc/arm-none-eabi/13.3.1/../../../../arm-none-eabi/lib/thumb/v7e-m+fp/hard/libc_nano.a(libc_a-findfp.o)
 .text.global_stdio_init.part.0
                0x08004d54       0x3c /opt/st/stm32cubeide_1.18.1/plugins/com.st.stm32cube.ide.mcu.externaltools.gnu-tools-for-stm32.13.3.rel1.linux64_1.0.0.202410170706/tools/bin/../lib/gcc/arm-none-eabi/13.3.1/../../../../arm-none-eabi/lib/thumb/v7e-m+fp/hard/libc_nano.a(libc_a-findfp.o)
 .text.__sfp_lock_acquire
                0x08004d90        0xc /opt/st/stm32cubeide_1.18.1/plugins/com.st.stm32cube.ide.mcu.externaltools.gnu-tools-for-stm32.13.3.rel1.linux64_1.0.0.202410170706/tools/bin/../lib/gcc/arm-none-eabi/13.3.1/../../../../arm-none-eabi/lib/thumb/v7e-m+fp/hard/libc_nano.a(libc_a-findfp.o)
                0x08004d90                __sfp_lock_acquire
 .text.__sfp_lock_release
                0x08004d9c        0xc /opt/st/stm32cubeide_1.18.1/plugins/com.st.stm32cube.ide.mcu.externaltools.gnu-tools-for-stm32.13.3.rel1.linux64_1.0.0.202410170706/tools/bin/../lib/gcc/arm-none-eabi/13.3.1/../../../../arm-none-eabi/lib/thumb/v7e-m+fp/hard/libc_nano.a(libc_a-findfp.o)
                0x08004d9c                __sfp_lock_release
 .text.__sinit  0x08004da8       0x30 /opt/st/stm32cubeide_1.18.1/plugins/com.st.stm32cube.ide.mcu.externaltools.gnu-tools-for-stm32.13.3.rel1.linux64_1.0.0.202410170706/tools/bin/../lib/gcc/arm-none-eabi/13.3.1/../../../../arm-none-eabi/lib/thumb/v7e-m+fp/hard/libc_nano.a(libc_a-findfp.o)
                0x08004da8                __sinit
 .text._fwalk_sglue
                0x08004dd8       0x3c /opt/st/stm32cubeide_1.18.1/plugins/com.st.stm32cube.ide.mcu.externaltools.gnu-tools-for-stm32.13.3.rel1.linux64_1.0.0.202410170706/tools/bin/../lib/gcc/arm-none-eabi/13.3.1/../../../../arm-none-eabi/lib/thumb/v7e-m+fp/hard/libc_nano.a(libc_a-fwalk.o)
                0x08004dd8                _fwalk_sglue
 .text._puts_r  0x08004e14       0xaa /opt/st/stm32cubeide_1.18.1/plugins/com.st.stm32cube.ide.mcu.externaltools.gnu-tools-for-stm32.13.3.rel1.linux64_1.0.0.202410170706/tools/bin/../lib/gcc/arm-none-eabi/13.3.1/../../../../arm-none-eabi/lib/thumb/v7e-m+fp/hard/libc_nano.a(libc_a-puts.o)
                0x08004e14                _puts_r
 *fill*         0x08004ebe        0x2 
 .text.puts     0x08004ec0       0x10 /opt/st/stm32cubeide_1.18.1/plugins/com.st.stm32cube.ide.mcu.externaltools.gnu-tools-for-stm32.13.3.rel1.linux64_1.0.0.202410170706/tools/bin/../lib/gcc/arm-none-eabi/13.3.1/../../../../arm-none-eabi/lib/thumb/v7e-m+fp/hard/libc_nano.a(libc_a-puts.o)
                0x08004ec0                puts
 .text.__sread  0x08004ed0       0x22 /opt/st/stm32cubeide_1.18.1/plugins/com.st.stm32cube.ide.mcu.externaltools.gnu-tools-for-stm32.13.3.rel1.linux64_1.0.0.202410170706/tools/bin/../lib/gcc/arm-none-eabi/13.3.1/../../../../arm-none-eabi/lib/thumb/v7e-m+fp/hard/libc_nano.a(libc_a-stdio.o)
                0x08004ed0                __sread
 .text.__swrite
                0x08004ef2       0x38 /opt/st/stm32cubeide_1.18.1/plugins/com.st.stm32cube.ide.mcu.externaltools.gnu-tools-for-stm32.13.3.rel1.linux64_1.0.0.202410170706/tools/bin/../lib/gcc/arm-none-eabi/13.3.1/../../../../arm-none-eabi/lib/thumb/v7e-m+fp/hard/libc_nano.a(libc_a-stdio.o)
                0x08004ef2                __swrite
 .text.__sseek  0x08004f2a       0x24 /opt/st/stm32cubeide_1.18.1/plugins/com.st.stm32cube.ide.mcu.externaltools.gnu-tools-for-stm32.13.3.rel1.linux64_1.0.0.202410170706/tools/bin/../lib/gcc/arm-none-eabi/13.3.1/../../../../arm-none-eabi/lib/thumb/v7e-m+fp/hard/libc_nano.a(libc_a-stdio.o)
                0x08004f2a                __sseek
 .text.__sclose
                0x08004f4e        0x8 /opt/st/stm32cubeide_1.18.1/plugins/com.st.stm32cube.ide.mcu.externaltools.gnu-tools-for-stm32.13.3.rel1.linux64_1.0.0.202410170706/tools/bin/../lib/gcc/arm-none-eabi/13.3.1/../../../../arm-none-eabi/lib/thumb/v7e-m+fp/hard/libc_nano.a(libc_a-stdio.o)
                0x08004f4e                __sclose
 .text.__swbuf_r
                0x08004f56       0x7c /opt/st/stm32cubeide_1.18.1/plugins/com.st.stm32cube.ide.mcu.externaltools.gnu-tools-for-stm32.13.3.rel1.linux64_1.0.0.202410170706/tools/bin/../lib/gcc/arm-none-eabi/13.3.1/../../../../arm-none-eabi/lib/thumb/v7e-m+fp/hard/libc_nano.a(libc_a-wbuf.o)
                0x08004f56                __swbuf_r
 *fill*         0x08004fd2        0x2 
 .text.__swsetup_r
                0x08004fd4       0xac /opt/st/stm32cubeide_1.18.1/plugins/com.st.stm32cube.ide.mcu.externaltools.gnu-tools-for-stm32.13.3.rel1.linux64_1.0.0.202410170706/tools/bin/../lib/gcc/arm-none-eabi/13.3.1/../../../../arm-none-eabi/lib/thumb/v7e-m+fp/hard/libc_nano.a(libc_a-wsetup.o)
                0x08004fd4                __swsetup_r
 .text.memset   0x08005080       0x10 /opt/st/stm32cubeide_1.18.1/plugins/com.st.stm32cube.ide.mcu.externaltools.gnu-tools-for-stm32.13.3.rel1.linux64_1.0.0.202410170706/tools/bin/../lib/gcc/arm-none-eabi/13.3.1/../../../../arm-none-eabi/lib/thumb/v7e-m+fp/hard/libc_nano.a(libc_a-memset.o)
                0x08005080                memset
 .text._close_r
                0x08005090       0x20 /opt/st/stm32cubeide_1.18.1/plugins/com.st.stm32cube.ide.mcu.externaltools.gnu-tools-for-stm32.13.3.rel1.linux64_1.0.0.202410170706/tools/bin/../lib/gcc/arm-none-eabi/13.3.1/../../../../arm-none-eabi/lib/thumb/v7e-m+fp/hard/libc_nano.a(libc_a-closer.o)
                0x08005090                _close_r
 .text._lseek_r
                0x080050b0       0x24 /opt/st/stm32cubeide_1.18.1/plugins/com.st.stm32cube.ide.mcu.externaltools.gnu-tools-for-stm32.13.3.rel1.linux64_1.0.0.202410170706/tools/bin/../lib/gcc/arm-none-eabi/13.3.1/../../../../arm-none-eabi/lib/thumb/v7e-m+fp/hard/libc_nano.a(libc_a-lseekr.o)
                0x080050b0                _lseek_r
 .text._read_r  0x080050d4       0x24 /opt/st/stm32cubeide_1.18.1/plugins/com.st.stm32cube.ide.mcu.externaltools.gnu-tools-for-stm32.13.3.rel1.linux64_1.0.0.202410170706/tools/bin/../lib/gcc/arm-none-eabi/13.3.1/../../../../arm-none-eabi/lib/thumb/v7e-m+fp/hard/libc_nano.a(libc_a-readr.o)
                0x080050d4                _read_r
 .text._sbrk_r  0x080050f8       0x20 /opt/st/stm32cubeide_1.18.1/plugins/com.st.stm32cube.ide.mcu.externaltools.gnu-tools-for-stm32.13.3.rel1.linux64_1.0.0.202410170706/tools/bin/../lib/gcc/arm-none-eabi/13.3.1/../../../../arm-none-eabi/lib/thumb/v7e-m+fp/hard/libc_nano.a(libc_a-sbrkr.o)
                0x080050f8                _sbrk_r
 .text._write_r
                0x08005118       0x24 /opt/st/stm32cubeide_1.18.1/plugins/com.st.stm32cube.ide.mcu.externaltools.gnu-tools-for-stm32.13.3.rel1.linux64_1.0.0.202410170706/tools/bin/../lib/gcc/arm-none-eabi/13.3.1/../../../../arm-none-eabi/lib/thumb/v7e-m+fp/hard/libc_nano.a(libc_a-writer.o)
                0x08005118                _write_r
 .text.__errno  0x0800513c        0xc /opt/st/stm32cubeide_1.18.1/plugins/com.st.stm32cube.ide.mcu.externaltools.gnu-tools-for-stm32.13.3.rel1.linux64_1.0.0.202410170706/tools/bin/../lib/gcc/arm-none-eabi/13.3.1/../../../../arm-none-eabi/lib/thumb/v7e-m+fp/hard/libc_nano.a(libc_a-errno.o)
                0x0800513c                __errno
 .text.__libc_init_array
                0x08005148       0x48 /opt/st/stm32cubeide_1.18.1/plugins/com.st.stm32cube.ide.mcu.externaltools.gnu-tools-for-stm32.13.3.rel1.linux64_1.0.0.202410170706/tools/bin/../lib/gcc/arm-none-eabi/13.3.1/../../../../arm-none-eabi/lib/thumb/v7e-m+fp/hard/libc_nano.a(libc_a-init.o)
                0x08005148                __libc_init_array
 .text.__retarget_lock_init_recursive
                0x08005190        0x2 /opt/st/stm32cubeide_1.18.1/plugins/com.st.stm32cube.ide.mcu.externaltools.gnu-tools-for-stm32.13.3.rel1.linux64_1.0.0.202410170706/tools/bin/../lib/gcc/arm-none-eabi/13.3.1/../../../../arm-none-eabi/lib/thumb/v7e-m+fp/hard/libc_nano.a(libc_a-lock.o)
                0x08005190                __retarget_lock_init_recursive
 .text.__retarget_lock_acquire_recursive
                0x08005192        0x2 /opt/st/stm32cubeide_1.18.1/plugins/com.st.stm32cube.ide.mcu.externaltools.gnu-tools-for-stm32.13.3.rel1.linux64_1.0.0.202410170706/tools/bin/../lib/gcc/arm-none-eabi/13.3.1/../../../../arm-none-eabi/lib/thumb/v7e-m+fp/hard/libc_nano.a(libc_a-lock.o)
                0x08005192                __retarget_lock_acquire_recursive
 .text.__retarget_lock_release_recursive
                0x08005194        0x2 /opt/st/stm32cubeide_1.18.1/plugins/com.st.stm32cube.ide.mcu.externaltools.gnu-tools-for-stm32.13.3.rel1.linux64_1.0.0.202410170706/tools/bin/../lib/gcc/arm-none-eabi/13.3.1/../../../../arm-none-eabi/lib/thumb/v7e-m+fp/hard/libc_nano.a(libc_a-lock.o)
                0x08005194                __retarget_lock_release_recursive
 .text.memcpy   0x08005196       0x1c /opt/st/stm32cubeide_1.18.1/plugins/com.st.stm32cube.ide.mcu.externaltools.gnu-tools-for-stm32.13.3.rel1.linux64_1.0.0.202410170706/tools/bin/../lib/gcc/arm-none-eabi/13.3.1/../../../../arm-none-eabi/lib/thumb/v7e-m+fp/hard/libc_nano.a(libc_a-memcpy-stub.o)
                0x08005196                memcpy
 *fill*         0x080051b2        0x2 
 .text._free_r  0x080051b4       0x94 /opt/st/stm32cubeide_1.18.1/plugins/com.st.stm32cube.ide.mcu.externaltools.gnu-tools-for-stm32.13.3.rel1.linux64_1.0.0.202410170706/tools/bin/../lib/gcc/arm-none-eabi/13.3.1/../../../../arm-none-eabi/lib/thumb/v7e-m+fp/hard/libc_nano.a(libc_a-freer.o)
                0x080051b4                _free_r
 .text.__sflush_r
                0x08005248      0x108 /opt/st/stm32cubeide_1.18.1/plugins/com.st.stm32cube.ide.mcu.externaltools.gnu-tools-for-stm32.13.3.rel1.linux64_1.0.0.202410170706/tools/bin/../lib/gcc/arm-none-eabi/13.3.1/../../../../arm-none-eabi/lib/thumb/v7e-m+fp/hard/libc_nano.a(libc_a-fflush.o)
                0x08005248                __sflush_r
 .text._fflush_r
                0x08005350       0x50 /opt/st/stm32cubeide_1.18.1/plugins/com.st.stm32cube.ide.mcu.externaltools.gnu-tools-for-stm32.13.3.rel1.linux64_1.0.0.202410170706/tools/bin/../lib/gcc/arm-none-eabi/13.3.1/../../../../arm-none-eabi/lib/thumb/v7e-m+fp/hard/libc_nano.a(libc_a-fflush.o)
                0x08005350                _fflush_r
 .text.__swhatbuf_r
                0x080053a0       0x4c /opt/st/stm32cubeide_1.18.1/plugins/com.st.stm32cube.ide.mcu.externaltools.gnu-tools-for-stm32.13.3.rel1.linux64_1.0.0.202410170706/tools/bin/../lib/gcc/arm-none-eabi/13.3.1/../../../../arm-none-eabi/lib/thumb/v7e-m+fp/hard/libc_nano.a(libc_a-makebuf.o)
                0x080053a0                __swhatbuf_r
 .text.__smakebuf_r
                0x080053ec       0x78 /opt/st/stm32cubeide_1.18.1/plugins/com.st.stm32cube.ide.mcu.externaltools.gnu-tools-for-stm32.13.3.rel1.linux64_1.0.0.202410170706/tools/bin/../lib/gcc/arm-none-eabi/13.3.1/../../../../arm-none-eabi/lib/thumb/v7e-m+fp/hard/libc_nano.a(libc_a-makebuf.o)
                0x080053ec                __smakebuf_r
 .text._fstat_r
                0x08005464       0x24 /opt/st/stm32cubeide_1.18.1/plugins/com.st.stm32cube.ide.mcu.externaltools.gnu-tools-for-stm32.13.3.rel1.linux64_1.0.0.202410170706/tools/bin/../lib/gcc/arm-none-eabi/13.3.1/../../../../arm-none-eabi/lib/thumb/v7e-m+fp/hard/libc_nano.a(libc_a-fstatr.o)
                0x08005464                _fstat_r
 .text._isatty_r
                0x08005488       0x20 /opt/st/stm32cubeide_1.18.1/plugins/com.st.stm32cube.ide.mcu.externaltools.gnu-tools-for-stm32.13.3.rel1.linux64_1.0.0.202410170706/tools/bin/../lib/gcc/arm-none-eabi/13.3.1/../../../../arm-none-eabi/lib/thumb/v7e-m+fp/hard/libc_nano.a(libc_a-isattyr.o)
                0x08005488                _isatty_r
 *(.glue_7)
 .glue_7        0x080054a8        0x0 linker stubs
 *(.glue_7t)
 .glue_7t       0x080054a8        0x0 linker stubs
 *(.eh_frame)
 .eh_frame      0x080054a8        0x0 /opt/st/stm32cubeide_1.18.1/plugins/com.st.stm32cube.ide.mcu.externaltools.gnu-tools-for-stm32.13.3.rel1.linux64_1.0.0.202410170706/tools/bin/../lib/gcc/arm-none-eabi/13.3.1/thumb/v7e-m+fp/hard/crtbegin.o
 *(.init)
 .init          0x080054a8        0x4 /opt/st/stm32cubeide_1.18.1/plugins/com.st.stm32cube.ide.mcu.externaltools.gnu-tools-for-stm32.13.3.rel1.linux64_1.0.0.202410170706/tools/bin/../lib/gcc/arm-none-eabi/13.3.1/thumb/v7e-m+fp/hard/crti.o
                0x080054a8                _init
 .init          0x080054ac        0x8 /opt/st/stm32cubeide_1.18.1/plugins/com.st.stm32cube.ide.mcu.externaltools.gnu-tools-for-stm32.13.3.rel1.linux64_1.0.0.202410170706/tools/bin/../lib/gcc/arm-none-eabi/13.3.1/thumb/v7e-m+fp/hard/crtn.o
 *(.fini)
 .fini          0x080054b4        0x4 /opt/st/stm32cubeide_1.18.1/plugins/com.st.stm32cube.ide.mcu.externaltools.gnu-tools-for-stm32.13.3.rel1.linux64_1.0.0.202410170706/tools/bin/../lib/gcc/arm-none-eabi/13.3.1/thumb/v7e-m+fp/hard/crti.o
                0x080054b4                _fini
 .fini          0x080054b8        0x8 /opt/st/stm32cubeide_1.18.1/plugins/com.st.stm32cube.ide.mcu.externaltools.gnu-tools-for-stm32.13.3.rel1.linux64_1.0.0.202410170706/tools/bin/../lib/gcc/arm-none-eabi/13.3.1/thumb/v7e-m+fp/hard/crtn.o
                0x080054c0                        . = ALIGN (0x4)
                0x080054c0                        _etext = .

.vfp11_veneer   0x080054c0        0x0
 .vfp11_veneer  0x080054c0        0x0 linker stubs

.v4_bx          0x080054c0        0x0
 .v4_bx         0x080054c0        0x0 linker stubs

.iplt           0x080054c0        0x0
 .iplt          0x080054c0        0x0 /opt/st/stm32cubeide_1.18.1/plugins/com.st.stm32cube.ide.mcu.externaltools.gnu-tools-for-stm32.13.3.rel1.linux64_1.0.0.202410170706/tools/bin/../lib/gcc/arm-none-eabi/13.3.1/thumb/v7e-m+fp/hard/crtbegin.o

.rodata         0x080054c0      0x618
                0x080054c0                        . = ALIGN (0x4)
 *(.rodata)
 .rodata        0x080054c0      0x1ba /home/valentin/GISTRE/2025/ARM/libgapcom/Debug/liblibgapcom.a(pb_decode.o)
 *fill*         0x0800567a        0x2 
 .rodata        0x0800567c      0x239 /home/valentin/GISTRE/2025/ARM/libgapcom/Debug/liblibgapcom.a(TinyFrame.o)
 *(.rodata*)
 *fill*         0x080058b5        0x3 
 .rodata.AHBPrescTable
                0x080058b8       0x10 ./Core/Src/system_stm32f4xx.o
                0x080058b8                AHBPrescTable
 .rodata.APBPrescTable
                0x080058c8        0x8 ./Core/Src/system_stm32f4xx.o
                0x080058c8                APBPrescTable
 .rodata.GAPPingReq_field_info
                0x080058d0        0x4 /home/valentin/GISTRE/2025/ARM/libgapcom/Debug/liblibgapcom.a(gap.pb.o)
                0x080058d0                GAPPingReq_field_info
 .rodata.GAPPingReq_submsg_info
                0x080058d4        0x4 /home/valentin/GISTRE/2025/ARM/libgapcom/Debug/liblibgapcom.a(gap.pb.o)
                0x080058d4                GAPPingReq_submsg_info
 .rodata.GAPPingReq_msg
                0x080058d8       0x18 /home/valentin/GISTRE/2025/ARM/libgapcom/Debug/liblibgapcom.a(gap.pb.o)
                0x080058d8                GAPPingReq_msg
 .rodata.GAPPingResp_field_info
                0x080058f0        0x8 /home/valentin/GISTRE/2025/ARM/libgapcom/Debug/liblibgapcom.a(gap.pb.o)
                0x080058f0                GAPPingResp_field_info
 .rodata.GAPPingResp_submsg_info
                0x080058f8        0x4 /home/valentin/GISTRE/2025/ARM/libgapcom/Debug/liblibgapcom.a(gap.pb.o)
                0x080058f8                GAPPingResp_submsg_info
 .rodata.GAPPingResp_msg
                0x080058fc       0x18 /home/valentin/GISTRE/2025/ARM/libgapcom/Debug/liblibgapcom.a(gap.pb.o)
                0x080058fc                GAPPingResp_msg
 .rodata.GAPSetLogVerbosityReq_field_info
                0x08005914        0x8 /home/valentin/GISTRE/2025/ARM/libgapcom/Debug/liblibgapcom.a(gap.pb.o)
                0x08005914                GAPSetLogVerbosityReq_field_info
 .rodata.GAPSetLogVerbosityReq_submsg_info
                0x0800591c        0x4 /home/valentin/GISTRE/2025/ARM/libgapcom/Debug/liblibgapcom.a(gap.pb.o)
                0x0800591c                GAPSetLogVerbosityReq_submsg_info
 .rodata.GAPSetLogVerbosityReq_msg
                0x08005920       0x18 /home/valentin/GISTRE/2025/ARM/libgapcom/Debug/liblibgapcom.a(gap.pb.o)
                0x08005920                GAPSetLogVerbosityReq_msg
 .rodata.GAPSetLogVerbosityResp_field_info
                0x08005938        0x8 /home/valentin/GISTRE/2025/ARM/libgapcom/Debug/liblibgapcom.a(gap.pb.o)
                0x08005938                GAPSetLogVerbosityResp_field_info
 .rodata.GAPSetLogVerbosityResp_submsg_info
                0x08005940        0x4 /home/valentin/GISTRE/2025/ARM/libgapcom/Debug/liblibgapcom.a(gap.pb.o)
                0x08005940                GAPSetLogVerbosityResp_submsg_info
 .rodata.GAPSetLogVerbosityResp_msg
                0x08005944       0x18 /home/valentin/GISTRE/2025/ARM/libgapcom/Debug/liblibgapcom.a(gap.pb.o)
                0x08005944                GAPSetLogVerbosityResp_msg
 .rodata.GAPSetGyroscopeReq_field_info
                0x0800595c        0x8 /home/valentin/GISTRE/2025/ARM/libgapcom/Debug/liblibgapcom.a(gap.pb.o)
                0x0800595c                GAPSetGyroscopeReq_field_info
 .rodata.GAPSetGyroscopeReq_submsg_info
                0x08005964        0x4 /home/valentin/GISTRE/2025/ARM/libgapcom/Debug/liblibgapcom.a(gap.pb.o)
                0x08005964                GAPSetGyroscopeReq_submsg_info
 .rodata.GAPSetGyroscopeReq_msg
                0x08005968       0x18 /home/valentin/GISTRE/2025/ARM/libgapcom/Debug/liblibgapcom.a(gap.pb.o)
                0x08005968                GAPSetGyroscopeReq_msg
 .rodata.GAPSetGyroscopeResp_field_info
                0x08005980        0x8 /home/valentin/GISTRE/2025/ARM/libgapcom/Debug/liblibgapcom.a(gap.pb.o)
                0x08005980                GAPSetGyroscopeResp_field_info
 .rodata.GAPSetGyroscopeResp_submsg_info
                0x08005988        0x4 /home/valentin/GISTRE/2025/ARM/libgapcom/Debug/liblibgapcom.a(gap.pb.o)
                0x08005988                GAPSetGyroscopeResp_submsg_info
 .rodata.GAPSetGyroscopeResp_msg
                0x0800598c       0x18 /home/valentin/GISTRE/2025/ARM/libgapcom/Debug/liblibgapcom.a(gap.pb.o)
                0x0800598c                GAPSetGyroscopeResp_msg
 .rodata.GAPSetVersionReq_field_info
                0x080059a4        0xc /home/valentin/GISTRE/2025/ARM/libgapcom/Debug/liblibgapcom.a(gap.pb.o)
                0x080059a4                GAPSetVersionReq_field_info
 .rodata.GAPSetVersionReq_submsg_info
                0x080059b0        0x4 /home/valentin/GISTRE/2025/ARM/libgapcom/Debug/liblibgapcom.a(gap.pb.o)
                0x080059b0                GAPSetVersionReq_submsg_info
 .rodata.GAPSetVersionReq_msg
                0x080059b4       0x18 /home/valentin/GISTRE/2025/ARM/libgapcom/Debug/liblibgapcom.a(gap.pb.o)
                0x080059b4                GAPSetVersionReq_msg
 .rodata.GAPSetVersionResp_field_info
                0x080059cc        0x8 /home/valentin/GISTRE/2025/ARM/libgapcom/Debug/liblibgapcom.a(gap.pb.o)
                0x080059cc                GAPSetVersionResp_field_info
 .rodata.GAPSetVersionResp_submsg_info
                0x080059d4        0x4 /home/valentin/GISTRE/2025/ARM/libgapcom/Debug/liblibgapcom.a(gap.pb.o)
                0x080059d4                GAPSetVersionResp_submsg_info
 .rodata.GAPSetVersionResp_msg
                0x080059d8       0x18 /home/valentin/GISTRE/2025/ARM/libgapcom/Debug/liblibgapcom.a(gap.pb.o)
                0x080059d8                GAPSetVersionResp_msg
 .rodata.GAPGetVersionReq_field_info
                0x080059f0        0x4 /home/valentin/GISTRE/2025/ARM/libgapcom/Debug/liblibgapcom.a(gap.pb.o)
                0x080059f0                GAPGetVersionReq_field_info
 .rodata.GAPGetVersionReq_submsg_info
                0x080059f4        0x4 /home/valentin/GISTRE/2025/ARM/libgapcom/Debug/liblibgapcom.a(gap.pb.o)
                0x080059f4                GAPGetVersionReq_submsg_info
 .rodata.GAPGetVersionReq_msg
                0x080059f8       0x18 /home/valentin/GISTRE/2025/ARM/libgapcom/Debug/liblibgapcom.a(gap.pb.o)
                0x080059f8                GAPGetVersionReq_msg
 .rodata.GAPGetVersionResp_field_info
                0x08005a10       0x10 /home/valentin/GISTRE/2025/ARM/libgapcom/Debug/liblibgapcom.a(gap.pb.o)
                0x08005a10                GAPGetVersionResp_field_info
 .rodata.GAPGetVersionResp_submsg_info
                0x08005a20        0x4 /home/valentin/GISTRE/2025/ARM/libgapcom/Debug/liblibgapcom.a(gap.pb.o)
                0x08005a20                GAPGetVersionResp_submsg_info
 .rodata.GAPGetVersionResp_msg
                0x08005a24       0x18 /home/valentin/GISTRE/2025/ARM/libgapcom/Debug/liblibgapcom.a(gap.pb.o)
                0x08005a24                GAPGetVersionResp_msg
 .rodata.GAPSelftestReq_field_info
                0x08005a3c        0x4 /home/valentin/GISTRE/2025/ARM/libgapcom/Debug/liblibgapcom.a(gap.pb.o)
                0x08005a3c                GAPSelftestReq_field_info
 .rodata.GAPSelftestReq_submsg_info
                0x08005a40        0x4 /home/valentin/GISTRE/2025/ARM/libgapcom/Debug/liblibgapcom.a(gap.pb.o)
                0x08005a40                GAPSelftestReq_submsg_info
 .rodata.GAPSelftestReq_msg
                0x08005a44       0x18 /home/valentin/GISTRE/2025/ARM/libgapcom/Debug/liblibgapcom.a(gap.pb.o)
                0x08005a44                GAPSelftestReq_msg
 .rodata.GAPSelftestResp_field_info
                0x08005a5c       0x18 /home/valentin/GISTRE/2025/ARM/libgapcom/Debug/liblibgapcom.a(gap.pb.o)
                0x08005a5c                GAPSelftestResp_field_info
 .rodata.GAPSelftestResp_submsg_info
                0x08005a74        0x4 /home/valentin/GISTRE/2025/ARM/libgapcom/Debug/liblibgapcom.a(gap.pb.o)
                0x08005a74                GAPSelftestResp_submsg_info
 .rodata.GAPSelftestResp_msg
                0x08005a78       0x18 /home/valentin/GISTRE/2025/ARM/libgapcom/Debug/liblibgapcom.a(gap.pb.o)
                0x08005a78                GAPSelftestResp_msg
 .rodata.GAPPowerSaveModeReq_field_info
                0x08005a90        0x8 /home/valentin/GISTRE/2025/ARM/libgapcom/Debug/liblibgapcom.a(gap.pb.o)
                0x08005a90                GAPPowerSaveModeReq_field_info
 .rodata.GAPPowerSaveModeReq_submsg_info
                0x08005a98        0x4 /home/valentin/GISTRE/2025/ARM/libgapcom/Debug/liblibgapcom.a(gap.pb.o)
                0x08005a98                GAPPowerSaveModeReq_submsg_info
 .rodata.GAPPowerSaveModeReq_msg
                0x08005a9c       0x18 /home/valentin/GISTRE/2025/ARM/libgapcom/Debug/liblibgapcom.a(gap.pb.o)
                0x08005a9c                GAPPowerSaveModeReq_msg
 .rodata.GAPPowerSaveModeResp_field_info
                0x08005ab4        0x8 /home/valentin/GISTRE/2025/ARM/libgapcom/Debug/liblibgapcom.a(gap.pb.o)
                0x08005ab4                GAPPowerSaveModeResp_field_info
 .rodata.GAPPowerSaveModeResp_submsg_info
                0x08005abc        0x4 /home/valentin/GISTRE/2025/ARM/libgapcom/Debug/liblibgapcom.a(gap.pb.o)
                0x08005abc                GAPPowerSaveModeResp_submsg_info
 .rodata.GAPPowerSaveModeResp_msg
                0x08005ac0       0x18 /home/valentin/GISTRE/2025/ARM/libgapcom/Debug/liblibgapcom.a(gap.pb.o)
                0x08005ac0                GAPPowerSaveModeResp_msg
                0x08005ad8                        . = ALIGN (0x4)

.ARM.extab      0x08005ad8        0x0
                0x08005ad8                        . = ALIGN (0x4)
 *(.ARM.extab* .gnu.linkonce.armextab.*)
                0x08005ad8                        . = ALIGN (0x4)

.ARM            0x08005ad8        0x8
                0x08005ad8                        . = ALIGN (0x4)
                0x08005ad8                        __exidx_start = .
 *(.ARM.exidx*)
 .ARM.exidx     0x08005ad8        0x8 /opt/st/stm32cubeide_1.18.1/plugins/com.st.stm32cube.ide.mcu.externaltools.gnu-tools-for-stm32.13.3.rel1.linux64_1.0.0.202410170706/tools/bin/../lib/gcc/arm-none-eabi/13.3.1/thumb/v7e-m+fp/hard/libgcc.a(_udivmoddi4.o)
                0x08005ae0                        __exidx_end = .
                0x08005ae0                        . = ALIGN (0x4)

.preinit_array  0x08005ae0        0x0
                0x08005ae0                        . = ALIGN (0x4)
                0x08005ae0                        PROVIDE (__preinit_array_start = .)
 *(.preinit_array*)
                0x08005ae0                        PROVIDE (__preinit_array_end = .)
                0x08005ae0                        . = ALIGN (0x4)

.init_array     0x08005ae0        0x4
                0x08005ae0                        . = ALIGN (0x4)
                0x08005ae0                        PROVIDE (__init_array_start = .)
 *(SORT_BY_NAME(.init_array.*))
 *(.init_array*)
 .init_array    0x08005ae0        0x4 /opt/st/stm32cubeide_1.18.1/plugins/com.st.stm32cube.ide.mcu.externaltools.gnu-tools-for-stm32.13.3.rel1.linux64_1.0.0.202410170706/tools/bin/../lib/gcc/arm-none-eabi/13.3.1/thumb/v7e-m+fp/hard/crtbegin.o
                0x08005ae4                        PROVIDE (__init_array_end = .)
                0x08005ae4                        . = ALIGN (0x4)

.fini_array     0x08005ae4        0x4
                0x08005ae4                        . = ALIGN (0x4)
                [!provide]                        PROVIDE (__fini_array_start = .)
 *(SORT_BY_NAME(.fini_array.*))
 *(.fini_array*)
 .fini_array    0x08005ae4        0x4 /opt/st/stm32cubeide_1.18.1/plugins/com.st.stm32cube.ide.mcu.externaltools.gnu-tools-for-stm32.13.3.rel1.linux64_1.0.0.202410170706/tools/bin/../lib/gcc/arm-none-eabi/13.3.1/thumb/v7e-m+fp/hard/crtbegin.o
                [!provide]                        PROVIDE (__fini_array_end = .)
                0x08005ae8                        . = ALIGN (0x4)
                0x08005ae8                        _sidata = LOADADDR (.data)

.rel.dyn        0x08005ae8        0x0
 .rel.iplt      0x08005ae8        0x0 /opt/st/stm32cubeide_1.18.1/plugins/com.st.stm32cube.ide.mcu.externaltools.gnu-tools-for-stm32.13.3.rel1.linux64_1.0.0.202410170706/tools/bin/../lib/gcc/arm-none-eabi/13.3.1/thumb/v7e-m+fp/hard/crtbegin.o

.data           0x20000000       0x68 load address 0x08005ae8
                0x20000000                        . = ALIGN (0x4)
                0x20000000                        _sdata = .
 *(.data)
 *(.data*)
 .data.SystemCoreClock
                0x20000000        0x4 ./Core/Src/system_stm32f4xx.o
                0x20000000                SystemCoreClock
 .data.uwTickPrio
                0x20000004        0x4 ./Drivers/STM32F4xx_HAL_Driver/Src/stm32f4xx_hal.o
                0x20000004                uwTickPrio
 .data.uwTickFreq
                0x20000008        0x1 ./Drivers/STM32F4xx_HAL_Driver/Src/stm32f4xx_hal.o
                0x20000008                uwTickFreq
 *fill*         0x20000009        0x3 
 .data.__sglue  0x2000000c        0xc /opt/st/stm32cubeide_1.18.1/plugins/com.st.stm32cube.ide.mcu.externaltools.gnu-tools-for-stm32.13.3.rel1.linux64_1.0.0.202410170706/tools/bin/../lib/gcc/arm-none-eabi/13.3.1/../../../../arm-none-eabi/lib/thumb/v7e-m+fp/hard/libc_nano.a(libc_a-findfp.o)
                0x2000000c                __sglue
 .data._impure_ptr
                0x20000018        0x4 /opt/st/stm32cubeide_1.18.1/plugins/com.st.stm32cube.ide.mcu.externaltools.gnu-tools-for-stm32.13.3.rel1.linux64_1.0.0.202410170706/tools/bin/../lib/gcc/arm-none-eabi/13.3.1/../../../../arm-none-eabi/lib/thumb/v7e-m+fp/hard/libc_nano.a(libc_a-impure.o)
                0x20000018                _impure_ptr
 .data._impure_data
                0x2000001c       0x4c /opt/st/stm32cubeide_1.18.1/plugins/com.st.stm32cube.ide.mcu.externaltools.gnu-tools-for-stm32.13.3.rel1.linux64_1.0.0.202410170706/tools/bin/../lib/gcc/arm-none-eabi/13.3.1/../../../../arm-none-eabi/lib/thumb/v7e-m+fp/hard/libc_nano.a(libc_a-impure.o)
                0x2000001c                _impure_data
 *(.RamFunc)
 *(.RamFunc*)
                0x20000068                        . = ALIGN (0x4)
                0x20000068                        _edata = .

.igot.plt       0x20000068        0x0 load address 0x08005b50
 .igot.plt      0x20000068        0x0 /opt/st/stm32cubeide_1.18.1/plugins/com.st.stm32cube.ide.mcu.externaltools.gnu-tools-for-stm32.13.3.rel1.linux64_1.0.0.202410170706/tools/bin/../lib/gcc/arm-none-eabi/13.3.1/thumb/v7e-m+fp/hard/crtbegin.o
                0x20000068                        . = ALIGN (0x4)

.bss            0x20000068      0x1b8 load address 0x08005b50
                0x20000068                        _sbss = .
                0x20000068                        __bss_start__ = _sbss
 *(.bss)
 .bss           0x20000068       0x1c /opt/st/stm32cubeide_1.18.1/plugins/com.st.stm32cube.ide.mcu.externaltools.gnu-tools-for-stm32.13.3.rel1.linux64_1.0.0.202410170706/tools/bin/../lib/gcc/arm-none-eabi/13.3.1/thumb/v7e-m+fp/hard/crtbegin.o
 *(.bss*)
 .bss.husart2   0x20000084       0x44 ./Core/Src/main.o
                0x20000084                husart2
 .bss.gapcom_handle_instance
                0x200000c8        0x4 ./Core/Src/main.o
                0x200000c8                gapcom_handle_instance
 .bss.__sbrk_heap_end
                0x200000cc        0x4 ./Core/Src/sysmem.o
 .bss.uwTick    0x200000d0        0x4 ./Drivers/STM32F4xx_HAL_Driver/Src/stm32f4xx_hal.o
                0x200000d0                uwTick
 .bss.__malloc_sbrk_start
                0x200000d4        0x4 /opt/st/stm32cubeide_1.18.1/plugins/com.st.stm32cube.ide.mcu.externaltools.gnu-tools-for-stm32.13.3.rel1.linux64_1.0.0.202410170706/tools/bin/../lib/gcc/arm-none-eabi/13.3.1/../../../../arm-none-eabi/lib/thumb/v7e-m+fp/hard/libc_nano.a(libc_a-mallocr.o)
                0x200000d4                __malloc_sbrk_start
 .bss.__malloc_free_list
                0x200000d8        0x4 /opt/st/stm32cubeide_1.18.1/plugins/com.st.stm32cube.ide.mcu.externaltools.gnu-tools-for-stm32.13.3.rel1.linux64_1.0.0.202410170706/tools/bin/../lib/gcc/arm-none-eabi/13.3.1/../../../../arm-none-eabi/lib/thumb/v7e-m+fp/hard/libc_nano.a(libc_a-mallocr.o)
                0x200000d8                __malloc_free_list
 .bss.__sf      0x200000dc      0x138 /opt/st/stm32cubeide_1.18.1/plugins/com.st.stm32cube.ide.mcu.externaltools.gnu-tools-for-stm32.13.3.rel1.linux64_1.0.0.202410170706/tools/bin/../lib/gcc/arm-none-eabi/13.3.1/../../../../arm-none-eabi/lib/thumb/v7e-m+fp/hard/libc_nano.a(libc_a-findfp.o)
                0x200000dc                __sf
 .bss.__stdio_exit_handler
                0x20000214        0x4 /opt/st/stm32cubeide_1.18.1/plugins/com.st.stm32cube.ide.mcu.externaltools.gnu-tools-for-stm32.13.3.rel1.linux64_1.0.0.202410170706/tools/bin/../lib/gcc/arm-none-eabi/13.3.1/../../../../arm-none-eabi/lib/thumb/v7e-m+fp/hard/libc_nano.a(libc_a-findfp.o)
                0x20000214                __stdio_exit_handler
 .bss.errno     0x20000218        0x4 /opt/st/stm32cubeide_1.18.1/plugins/com.st.stm32cube.ide.mcu.externaltools.gnu-tools-for-stm32.13.3.rel1.linux64_1.0.0.202410170706/tools/bin/../lib/gcc/arm-none-eabi/13.3.1/../../../../arm-none-eabi/lib/thumb/v7e-m+fp/hard/libc_nano.a(libc_a-reent.o)
                0x20000218                errno
 .bss.__lock___malloc_recursive_mutex
                0x2000021c        0x1 /opt/st/stm32cubeide_1.18.1/plugins/com.st.stm32cube.ide.mcu.externaltools.gnu-tools-for-stm32.13.3.rel1.linux64_1.0.0.202410170706/tools/bin/../lib/gcc/arm-none-eabi/13.3.1/../../../../arm-none-eabi/lib/thumb/v7e-m+fp/hard/libc_nano.a(libc_a-lock.o)
                0x2000021c                __lock___malloc_recursive_mutex
 .bss.__lock___sfp_recursive_mutex
                0x2000021d        0x1 /opt/st/stm32cubeide_1.18.1/plugins/com.st.stm32cube.ide.mcu.externaltools.gnu-tools-for-stm32.13.3.rel1.linux64_1.0.0.202410170706/tools/bin/../lib/gcc/arm-none-eabi/13.3.1/../../../../arm-none-eabi/lib/thumb/v7e-m+fp/hard/libc_nano.a(libc_a-lock.o)
                0x2000021d                __lock___sfp_recursive_mutex
 *(COMMON)
                0x20000220                        . = ALIGN (0x4)
 *fill*         0x2000021e        0x2 
                0x20000220                        _ebss = .
                0x20000220                        __bss_end__ = _ebss

._user_heap_stack
                0x20000220      0x600 load address 0x08005b50
                0x20000220                        . = ALIGN (0x8)
                [!provide]                        PROVIDE (end = .)
                0x20000220                        PROVIDE (_end = .)
                0x20000420                        . = (. + _Min_Heap_Size)
 *fill*         0x20000220      0x200 
                0x20000820                        . = (. + _Min_Stack_Size)
 *fill*         0x20000420      0x400 
                0x20000820                        . = ALIGN (0x8)

/DISCARD/
 libc.a(*)
 libm.a(*)
 libgcc.a(*)

.ARM.attributes
                0x00000000       0x30
 *(.ARM.attributes)
 .ARM.attributes
                0x00000000       0x22 /opt/st/stm32cubeide_1.18.1/plugins/com.st.stm32cube.ide.mcu.externaltools.gnu-tools-for-stm32.13.3.rel1.linux64_1.0.0.202410170706/tools/bin/../lib/gcc/arm-none-eabi/13.3.1/thumb/v7e-m+fp/hard/crti.o
 .ARM.attributes
                0x00000022       0x34 /opt/st/stm32cubeide_1.18.1/plugins/com.st.stm32cube.ide.mcu.externaltools.gnu-tools-for-stm32.13.3.rel1.linux64_1.0.0.202410170706/tools/bin/../lib/gcc/arm-none-eabi/13.3.1/thumb/v7e-m+fp/hard/crtbegin.o
 .ARM.attributes
                0x00000056       0x34 ./Core/Src/main.o
 .ARM.attributes
                0x0000008a       0x34 ./Core/Src/stm32f4xx_hal_msp.o
 .ARM.attributes
                0x000000be       0x34 ./Core/Src/stm32f4xx_it.o
 .ARM.attributes
                0x000000f2       0x34 ./Core/Src/syscalls.o
 .ARM.attributes
                0x00000126       0x34 ./Core/Src/sysmem.o
 .ARM.attributes
                0x0000015a       0x34 ./Core/Src/system_stm32f4xx.o
 .ARM.attributes
                0x0000018e       0x21 ./Core/Startup/startup_stm32f401retx.o
 .ARM.attributes
                0x000001af       0x34 ./Drivers/STM32F4xx_HAL_Driver/Src/stm32f4xx_hal.o
 .ARM.attributes
                0x000001e3       0x34 ./Drivers/STM32F4xx_HAL_Driver/Src/stm32f4xx_hal_cortex.o
 .ARM.attributes
                0x00000217       0x34 ./Drivers/STM32F4xx_HAL_Driver/Src/stm32f4xx_hal_dma.o
 .ARM.attributes
                0x0000024b       0x34 ./Drivers/STM32F4xx_HAL_Driver/Src/stm32f4xx_hal_gpio.o
 .ARM.attributes
                0x0000027f       0x34 ./Drivers/STM32F4xx_HAL_Driver/Src/stm32f4xx_hal_rcc.o
 .ARM.attributes
                0x000002b3       0x34 ./Drivers/STM32F4xx_HAL_Driver/Src/stm32f4xx_hal_usart.o
 .ARM.attributes
                0x000002e7       0x34 /home/valentin/GISTRE/2025/ARM/libgapcom/Debug/liblibgapcom.a(gapcom.o)
 .ARM.attributes
                0x0000031b       0x34 /home/valentin/GISTRE/2025/ARM/libgapcom/Debug/liblibgapcom.a(gapcom_core.o)
 .ARM.attributes
                0x0000034f       0x34 /home/valentin/GISTRE/2025/ARM/libgapcom/Debug/liblibgapcom.a(gap.pb.o)
 .ARM.attributes
                0x00000383       0x34 /home/valentin/GISTRE/2025/ARM/libgapcom/Debug/liblibgapcom.a(pb_decode.o)
 .ARM.attributes
                0x000003b7       0x34 /home/valentin/GISTRE/2025/ARM/libgapcom/Debug/liblibgapcom.a(TinyFrame.o)
 .ARM.attributes
                0x000003eb       0x34 /home/valentin/GISTRE/2025/ARM/libgapcom/Debug/liblibgapcom.a(pb_common.o)
 .ARM.attributes
                0x0000041f       0x34 /opt/st/stm32cubeide_1.18.1/plugins/com.st.stm32cube.ide.mcu.externaltools.gnu-tools-for-stm32.13.3.rel1.linux64_1.0.0.202410170706/tools/bin/../lib/gcc/arm-none-eabi/13.3.1/../../../../arm-none-eabi/lib/thumb/v7e-m+fp/hard/libc_nano.a(libc_a-calloc.o)
 .ARM.attributes
                0x00000453       0x34 /opt/st/stm32cubeide_1.18.1/plugins/com.st.stm32cube.ide.mcu.externaltools.gnu-tools-for-stm32.13.3.rel1.linux64_1.0.0.202410170706/tools/bin/../lib/gcc/arm-none-eabi/13.3.1/../../../../arm-none-eabi/lib/thumb/v7e-m+fp/hard/libc_nano.a(libc_a-callocr.o)
 .ARM.attributes
                0x00000487       0x34 /opt/st/stm32cubeide_1.18.1/plugins/com.st.stm32cube.ide.mcu.externaltools.gnu-tools-for-stm32.13.3.rel1.linux64_1.0.0.202410170706/tools/bin/../lib/gcc/arm-none-eabi/13.3.1/../../../../arm-none-eabi/lib/thumb/v7e-m+fp/hard/libc_nano.a(libc_a-malloc.o)
 .ARM.attributes
                0x000004bb       0x34 /opt/st/stm32cubeide_1.18.1/plugins/com.st.stm32cube.ide.mcu.externaltools.gnu-tools-for-stm32.13.3.rel1.linux64_1.0.0.202410170706/tools/bin/../lib/gcc/arm-none-eabi/13.3.1/../../../../arm-none-eabi/lib/thumb/v7e-m+fp/hard/libc_nano.a(libc_a-mallocr.o)
 .ARM.attributes
                0x000004ef       0x34 /opt/st/stm32cubeide_1.18.1/plugins/com.st.stm32cube.ide.mcu.externaltools.gnu-tools-for-stm32.13.3.rel1.linux64_1.0.0.202410170706/tools/bin/../lib/gcc/arm-none-eabi/13.3.1/../../../../arm-none-eabi/lib/thumb/v7e-m+fp/hard/libc_nano.a(libc_a-mlock.o)
 .ARM.attributes
                0x00000523       0x34 /opt/st/stm32cubeide_1.18.1/plugins/com.st.stm32cube.ide.mcu.externaltools.gnu-tools-for-stm32.13.3.rel1.linux64_1.0.0.202410170706/tools/bin/../lib/gcc/arm-none-eabi/13.3.1/../../../../arm-none-eabi/lib/thumb/v7e-m+fp/hard/libc_nano.a(libc_a-findfp.o)
 .ARM.attributes
                0x00000557       0x34 /opt/st/stm32cubeide_1.18.1/plugins/com.st.stm32cube.ide.mcu.externaltools.gnu-tools-for-stm32.13.3.rel1.linux64_1.0.0.202410170706/tools/bin/../lib/gcc/arm-none-eabi/13.3.1/../../../../arm-none-eabi/lib/thumb/v7e-m+fp/hard/libc_nano.a(libc_a-fwalk.o)
 .ARM.attributes
                0x0000058b       0x34 /opt/st/stm32cubeide_1.18.1/plugins/com.st.stm32cube.ide.mcu.externaltools.gnu-tools-for-stm32.13.3.rel1.linux64_1.0.0.202410170706/tools/bin/../lib/gcc/arm-none-eabi/13.3.1/../../../../arm-none-eabi/lib/thumb/v7e-m+fp/hard/libc_nano.a(libc_a-puts.o)
 .ARM.attributes
                0x000005bf       0x34 /opt/st/stm32cubeide_1.18.1/plugins/com.st.stm32cube.ide.mcu.externaltools.gnu-tools-for-stm32.13.3.rel1.linux64_1.0.0.202410170706/tools/bin/../lib/gcc/arm-none-eabi/13.3.1/../../../../arm-none-eabi/lib/thumb/v7e-m+fp/hard/libc_nano.a(libc_a-stdio.o)
 .ARM.attributes
                0x000005f3       0x34 /opt/st/stm32cubeide_1.18.1/plugins/com.st.stm32cube.ide.mcu.externaltools.gnu-tools-for-stm32.13.3.rel1.linux64_1.0.0.202410170706/tools/bin/../lib/gcc/arm-none-eabi/13.3.1/../../../../arm-none-eabi/lib/thumb/v7e-m+fp/hard/libc_nano.a(libc_a-wbuf.o)
 .ARM.attributes
                0x00000627       0x34 /opt/st/stm32cubeide_1.18.1/plugins/com.st.stm32cube.ide.mcu.externaltools.gnu-tools-for-stm32.13.3.rel1.linux64_1.0.0.202410170706/tools/bin/../lib/gcc/arm-none-eabi/13.3.1/../../../../arm-none-eabi/lib/thumb/v7e-m+fp/hard/libc_nano.a(libc_a-wsetup.o)
 .ARM.attributes
                0x0000065b       0x34 /opt/st/stm32cubeide_1.18.1/plugins/com.st.stm32cube.ide.mcu.externaltools.gnu-tools-for-stm32.13.3.rel1.linux64_1.0.0.202410170706/tools/bin/../lib/gcc/arm-none-eabi/13.3.1/../../../../arm-none-eabi/lib/thumb/v7e-m+fp/hard/libc_nano.a(libc_a-memset.o)
 .ARM.attributes
                0x0000068f       0x34 /opt/st/stm32cubeide_1.18.1/plugins/com.st.stm32cube.ide.mcu.externaltools.gnu-tools-for-stm32.13.3.rel1.linux64_1.0.0.202410170706/tools/bin/../lib/gcc/arm-none-eabi/13.3.1/../../../../arm-none-eabi/lib/thumb/v7e-m+fp/hard/libc_nano.a(libc_a-closer.o)
 .ARM.attributes
                0x000006c3       0x34 /opt/st/stm32cubeide_1.18.1/plugins/com.st.stm32cube.ide.mcu.externaltools.gnu-tools-for-stm32.13.3.rel1.linux64_1.0.0.202410170706/tools/bin/../lib/gcc/arm-none-eabi/13.3.1/../../../../arm-none-eabi/lib/thumb/v7e-m+fp/hard/libc_nano.a(libc_a-reent.o)
 .ARM.attributes
                0x000006f7       0x34 /opt/st/stm32cubeide_1.18.1/plugins/com.st.stm32cube.ide.mcu.externaltools.gnu-tools-for-stm32.13.3.rel1.linux64_1.0.0.202410170706/tools/bin/../lib/gcc/arm-none-eabi/13.3.1/../../../../arm-none-eabi/lib/thumb/v7e-m+fp/hard/libc_nano.a(libc_a-impure.o)
 .ARM.attributes
                0x0000072b       0x34 /opt/st/stm32cubeide_1.18.1/plugins/com.st.stm32cube.ide.mcu.externaltools.gnu-tools-for-stm32.13.3.rel1.linux64_1.0.0.202410170706/tools/bin/../lib/gcc/arm-none-eabi/13.3.1/../../../../arm-none-eabi/lib/thumb/v7e-m+fp/hard/libc_nano.a(libc_a-lseekr.o)
 .ARM.attributes
                0x0000075f       0x34 /opt/st/stm32cubeide_1.18.1/plugins/com.st.stm32cube.ide.mcu.externaltools.gnu-tools-for-stm32.13.3.rel1.linux64_1.0.0.202410170706/tools/bin/../lib/gcc/arm-none-eabi/13.3.1/../../../../arm-none-eabi/lib/thumb/v7e-m+fp/hard/libc_nano.a(libc_a-readr.o)
 .ARM.attributes
                0x00000793       0x34 /opt/st/stm32cubeide_1.18.1/plugins/com.st.stm32cube.ide.mcu.externaltools.gnu-tools-for-stm32.13.3.rel1.linux64_1.0.0.202410170706/tools/bin/../lib/gcc/arm-none-eabi/13.3.1/../../../../arm-none-eabi/lib/thumb/v7e-m+fp/hard/libc_nano.a(libc_a-sbrkr.o)
 .ARM.attributes
                0x000007c7       0x34 /opt/st/stm32cubeide_1.18.1/plugins/com.st.stm32cube.ide.mcu.externaltools.gnu-tools-for-stm32.13.3.rel1.linux64_1.0.0.202410170706/tools/bin/../lib/gcc/arm-none-eabi/13.3.1/../../../../arm-none-eabi/lib/thumb/v7e-m+fp/hard/libc_nano.a(libc_a-writer.o)
 .ARM.attributes
                0x000007fb       0x34 /opt/st/stm32cubeide_1.18.1/plugins/com.st.stm32cube.ide.mcu.externaltools.gnu-tools-for-stm32.13.3.rel1.linux64_1.0.0.202410170706/tools/bin/../lib/gcc/arm-none-eabi/13.3.1/../../../../arm-none-eabi/lib/thumb/v7e-m+fp/hard/libc_nano.a(libc_a-errno.o)
 .ARM.attributes
                0x0000082f       0x34 /opt/st/stm32cubeide_1.18.1/plugins/com.st.stm32cube.ide.mcu.externaltools.gnu-tools-for-stm32.13.3.rel1.linux64_1.0.0.202410170706/tools/bin/../lib/gcc/arm-none-eabi/13.3.1/../../../../arm-none-eabi/lib/thumb/v7e-m+fp/hard/libc_nano.a(libc_a-init.o)
 .ARM.attributes
                0x00000863       0x34 /opt/st/stm32cubeide_1.18.1/plugins/com.st.stm32cube.ide.mcu.externaltools.gnu-tools-for-stm32.13.3.rel1.linux64_1.0.0.202410170706/tools/bin/../lib/gcc/arm-none-eabi/13.3.1/../../../../arm-none-eabi/lib/thumb/v7e-m+fp/hard/libc_nano.a(libc_a-lock.o)
 .ARM.attributes
                0x00000897       0x34 /opt/st/stm32cubeide_1.18.1/plugins/com.st.stm32cube.ide.mcu.externaltools.gnu-tools-for-stm32.13.3.rel1.linux64_1.0.0.202410170706/tools/bin/../lib/gcc/arm-none-eabi/13.3.1/../../../../arm-none-eabi/lib/thumb/v7e-m+fp/hard/libc_nano.a(libc_a-memcpy-stub.o)
 .ARM.attributes
                0x000008cb       0x34 /opt/st/stm32cubeide_1.18.1/plugins/com.st.stm32cube.ide.mcu.externaltools.gnu-tools-for-stm32.13.3.rel1.linux64_1.0.0.202410170706/tools/bin/../lib/gcc/arm-none-eabi/13.3.1/../../../../arm-none-eabi/lib/thumb/v7e-m+fp/hard/libc_nano.a(libc_a-freer.o)
 .ARM.attributes
                0x000008ff       0x34 /opt/st/stm32cubeide_1.18.1/plugins/com.st.stm32cube.ide.mcu.externaltools.gnu-tools-for-stm32.13.3.rel1.linux64_1.0.0.202410170706/tools/bin/../lib/gcc/arm-none-eabi/13.3.1/../../../../arm-none-eabi/lib/thumb/v7e-m+fp/hard/libc_nano.a(libc_a-fflush.o)
 .ARM.attributes
                0x00000933       0x34 /opt/st/stm32cubeide_1.18.1/plugins/com.st.stm32cube.ide.mcu.externaltools.gnu-tools-for-stm32.13.3.rel1.linux64_1.0.0.202410170706/tools/bin/../lib/gcc/arm-none-eabi/13.3.1/../../../../arm-none-eabi/lib/thumb/v7e-m+fp/hard/libc_nano.a(libc_a-makebuf.o)
 .ARM.attributes
                0x00000967       0x34 /opt/st/stm32cubeide_1.18.1/plugins/com.st.stm32cube.ide.mcu.externaltools.gnu-tools-for-stm32.13.3.rel1.linux64_1.0.0.202410170706/tools/bin/../lib/gcc/arm-none-eabi/13.3.1/../../../../arm-none-eabi/lib/thumb/v7e-m+fp/hard/libc_nano.a(libc_a-fstatr.o)
 .ARM.attributes
                0x0000099b       0x34 /opt/st/stm32cubeide_1.18.1/plugins/com.st.stm32cube.ide.mcu.externaltools.gnu-tools-for-stm32.13.3.rel1.linux64_1.0.0.202410170706/tools/bin/../lib/gcc/arm-none-eabi/13.3.1/../../../../arm-none-eabi/lib/thumb/v7e-m+fp/hard/libc_nano.a(libc_a-isattyr.o)
 .ARM.attributes
                0x000009cf       0x22 /opt/st/stm32cubeide_1.18.1/plugins/com.st.stm32cube.ide.mcu.externaltools.gnu-tools-for-stm32.13.3.rel1.linux64_1.0.0.202410170706/tools/bin/../lib/gcc/arm-none-eabi/13.3.1/thumb/v7e-m+fp/hard/libgcc.a(_aeabi_uldivmod.o)
 .ARM.attributes
                0x000009f1       0x34 /opt/st/stm32cubeide_1.18.1/plugins/com.st.stm32cube.ide.mcu.externaltools.gnu-tools-for-stm32.13.3.rel1.linux64_1.0.0.202410170706/tools/bin/../lib/gcc/arm-none-eabi/13.3.1/thumb/v7e-m+fp/hard/libgcc.a(_udivmoddi4.o)
 .ARM.attributes
                0x00000a25       0x22 /opt/st/stm32cubeide_1.18.1/plugins/com.st.stm32cube.ide.mcu.externaltools.gnu-tools-for-stm32.13.3.rel1.linux64_1.0.0.202410170706/tools/bin/../lib/gcc/arm-none-eabi/13.3.1/thumb/v7e-m+fp/hard/libgcc.a(_dvmd_tls.o)
 .ARM.attributes
                0x00000a47       0x22 /opt/st/stm32cubeide_1.18.1/plugins/com.st.stm32cube.ide.mcu.externaltools.gnu-tools-for-stm32.13.3.rel1.linux64_1.0.0.202410170706/tools/bin/../lib/gcc/arm-none-eabi/13.3.1/thumb/v7e-m+fp/hard/crtn.o
OUTPUT(gap_project.elf elf32-littlearm)
LOAD linker stubs
LOAD /opt/st/stm32cubeide_1.18.1/plugins/com.st.stm32cube.ide.mcu.externaltools.gnu-tools-for-stm32.13.3.rel1.linux64_1.0.0.202410170706/tools/bin/../lib/gcc/arm-none-eabi/13.3.1/../../../../arm-none-eabi/lib/thumb/v7e-m+fp/hard/libc.a
LOAD /opt/st/stm32cubeide_1.18.1/plugins/com.st.stm32cube.ide.mcu.externaltools.gnu-tools-for-stm32.13.3.rel1.linux64_1.0.0.202410170706/tools/bin/../lib/gcc/arm-none-eabi/13.3.1/../../../../arm-none-eabi/lib/thumb/v7e-m+fp/hard/libm.a
LOAD /opt/st/stm32cubeide_1.18.1/plugins/com.st.stm32cube.ide.mcu.externaltools.gnu-tools-for-stm32.13.3.rel1.linux64_1.0.0.202410170706/tools/bin/../lib/gcc/arm-none-eabi/13.3.1/thumb/v7e-m+fp/hard/libgcc.a

.debug_info     0x00000000     0xc0f5
 .debug_info    0x00000000     0x1070 ./Core/Src/main.o
 .debug_info    0x00001070      0xac5 ./Core/Src/stm32f4xx_hal_msp.o
 .debug_info    0x00001b35      0x612 ./Core/Src/stm32f4xx_it.o
 .debug_info    0x00002147      0x6a3 ./Core/Src/syscalls.o
 .debug_info    0x000027ea      0x168 ./Core/Src/sysmem.o
 .debug_info    0x00002952      0x53e ./Core/Src/system_stm32f4xx.o
 .debug_info    0x00002e90       0x30 ./Core/Startup/startup_stm32f401retx.o
 .debug_info    0x00002ec0      0x8bb ./Drivers/STM32F4xx_HAL_Driver/Src/stm32f4xx_hal.o
 .debug_info    0x0000377b      0xcf6 ./Drivers/STM32F4xx_HAL_Driver/Src/stm32f4xx_hal_cortex.o
 .debug_info    0x00004471      0x8e6 ./Drivers/STM32F4xx_HAL_Driver/Src/stm32f4xx_hal_dma.o
 .debug_info    0x00004d57      0x6f9 ./Drivers/STM32F4xx_HAL_Driver/Src/stm32f4xx_hal_gpio.o
 .debug_info    0x00005450      0x8f1 ./Drivers/STM32F4xx_HAL_Driver/Src/stm32f4xx_hal_rcc.o
 .debug_info    0x00005d41     0x1112 ./Drivers/STM32F4xx_HAL_Driver/Src/stm32f4xx_hal_usart.o
 .debug_info    0x00006e53      0x849 /home/valentin/GISTRE/2025/ARM/libgapcom/Debug/liblibgapcom.a(gapcom.o)
 .debug_info    0x0000769c     0x105f /home/valentin/GISTRE/2025/ARM/libgapcom/Debug/liblibgapcom.a(gapcom_core.o)
 .debug_info    0x000086fb      0x8d4 /home/valentin/GISTRE/2025/ARM/libgapcom/Debug/liblibgapcom.a(gap.pb.o)
 .debug_info    0x00008fcf     0x1642 /home/valentin/GISTRE/2025/ARM/libgapcom/Debug/liblibgapcom.a(pb_decode.o)
 .debug_info    0x0000a611     0x1226 /home/valentin/GISTRE/2025/ARM/libgapcom/Debug/liblibgapcom.a(TinyFrame.o)
 .debug_info    0x0000b837      0x8be /home/valentin/GISTRE/2025/ARM/libgapcom/Debug/liblibgapcom.a(pb_common.o)

.debug_abbrev   0x00000000     0x27fa
 .debug_abbrev  0x00000000      0x306 ./Core/Src/main.o
 .debug_abbrev  0x00000306      0x1cb ./Core/Src/stm32f4xx_hal_msp.o
 .debug_abbrev  0x000004d1      0x182 ./Core/Src/stm32f4xx_it.o
 .debug_abbrev  0x00000653      0x1b6 ./Core/Src/syscalls.o
 .debug_abbrev  0x00000809       0xbc ./Core/Src/sysmem.o
 .debug_abbrev  0x000008c5      0x11a ./Core/Src/system_stm32f4xx.o
 .debug_abbrev  0x000009df       0x24 ./Core/Startup/startup_stm32f401retx.o
 .debug_abbrev  0x00000a03      0x24b ./Drivers/STM32F4xx_HAL_Driver/Src/stm32f4xx_hal.o
 .debug_abbrev  0x00000c4e      0x31d ./Drivers/STM32F4xx_HAL_Driver/Src/stm32f4xx_hal_cortex.o
 .debug_abbrev  0x00000f6b      0x221 ./Drivers/STM32F4xx_HAL_Driver/Src/stm32f4xx_hal_dma.o
 .debug_abbrev  0x0000118c      0x1d3 ./Drivers/STM32F4xx_HAL_Driver/Src/stm32f4xx_hal_gpio.o
 .debug_abbrev  0x0000135f      0x2b6 ./Drivers/STM32F4xx_HAL_Driver/Src/stm32f4xx_hal_rcc.o
 .debug_abbrev  0x00001615      0x29c ./Drivers/STM32F4xx_HAL_Driver/Src/stm32f4xx_hal_usart.o
 .debug_abbrev  0x000018b1      0x285 /home/valentin/GISTRE/2025/ARM/libgapcom/Debug/liblibgapcom.a(gapcom.o)
 .debug_abbrev  0x00001b36      0x298 /home/valentin/GISTRE/2025/ARM/libgapcom/Debug/liblibgapcom.a(gapcom_core.o)
 .debug_abbrev  0x00001dce      0x155 /home/valentin/GISTRE/2025/ARM/libgapcom/Debug/liblibgapcom.a(gap.pb.o)
 .debug_abbrev  0x00001f23      0x303 /home/valentin/GISTRE/2025/ARM/libgapcom/Debug/liblibgapcom.a(pb_decode.o)
 .debug_abbrev  0x00002226      0x38b /home/valentin/GISTRE/2025/ARM/libgapcom/Debug/liblibgapcom.a(TinyFrame.o)
 .debug_abbrev  0x000025b1      0x249 /home/valentin/GISTRE/2025/ARM/libgapcom/Debug/liblibgapcom.a(pb_common.o)

.debug_aranges  0x00000000      0xac8
 .debug_aranges
                0x00000000       0x48 ./Core/Src/main.o
 .debug_aranges
                0x00000048       0x30 ./Core/Src/stm32f4xx_hal_msp.o
 .debug_aranges
                0x00000078       0x68 ./Core/Src/stm32f4xx_it.o
 .debug_aranges
                0x000000e0       0xa8 ./Core/Src/syscalls.o
 .debug_aranges
                0x00000188       0x20 ./Core/Src/sysmem.o
 .debug_aranges
                0x000001a8       0x28 ./Core/Src/system_stm32f4xx.o
 .debug_aranges
                0x000001d0       0x28 ./Core/Startup/startup_stm32f401retx.o
 .debug_aranges
                0x000001f8       0xf0 ./Drivers/STM32F4xx_HAL_Driver/Src/stm32f4xx_hal.o
 .debug_aranges
                0x000002e8      0x130 ./Drivers/STM32F4xx_HAL_Driver/Src/stm32f4xx_hal_cortex.o
 .debug_aranges
                0x00000418       0x90 ./Drivers/STM32F4xx_HAL_Driver/Src/stm32f4xx_hal_dma.o
 .debug_aranges
                0x000004a8       0x58 ./Drivers/STM32F4xx_HAL_Driver/Src/stm32f4xx_hal_gpio.o
 .debug_aranges
                0x00000500       0x88 ./Drivers/STM32F4xx_HAL_Driver/Src/stm32f4xx_hal_rcc.o
 .debug_aranges
                0x00000588      0x178 ./Drivers/STM32F4xx_HAL_Driver/Src/stm32f4xx_hal_usart.o
 .debug_aranges
                0x00000700       0x48 /home/valentin/GISTRE/2025/ARM/libgapcom/Debug/liblibgapcom.a(gapcom.o)
 .debug_aranges
                0x00000748       0x38 /home/valentin/GISTRE/2025/ARM/libgapcom/Debug/liblibgapcom.a(gapcom_core.o)
 .debug_aranges
                0x00000780       0x18 /home/valentin/GISTRE/2025/ARM/libgapcom/Debug/liblibgapcom.a(gap.pb.o)
 .debug_aranges
                0x00000798      0x140 /home/valentin/GISTRE/2025/ARM/libgapcom/Debug/liblibgapcom.a(pb_decode.o)
 .debug_aranges
                0x000008d8      0x180 /home/valentin/GISTRE/2025/ARM/libgapcom/Debug/liblibgapcom.a(TinyFrame.o)
 .debug_aranges
                0x00000a58       0x70 /home/valentin/GISTRE/2025/ARM/libgapcom/Debug/liblibgapcom.a(pb_common.o)

.debug_rnglists
                0x00000000      0x81d
 .debug_rnglists
                0x00000000       0x32 ./Core/Src/main.o
 .debug_rnglists
                0x00000032       0x20 ./Core/Src/stm32f4xx_hal_msp.o
 .debug_rnglists
                0x00000052       0x49 ./Core/Src/stm32f4xx_it.o
 .debug_rnglists
                0x0000009b       0x79 ./Core/Src/syscalls.o
 .debug_rnglists
                0x00000114       0x13 ./Core/Src/sysmem.o
 .debug_rnglists
                0x00000127       0x1a ./Core/Src/system_stm32f4xx.o
 .debug_rnglists
                0x00000141       0x19 ./Core/Startup/startup_stm32f401retx.o
 .debug_rnglists
                0x0000015a       0xaf ./Drivers/STM32F4xx_HAL_Driver/Src/stm32f4xx_hal.o
 .debug_rnglists
                0x00000209       0xe0 ./Drivers/STM32F4xx_HAL_Driver/Src/stm32f4xx_hal_cortex.o
 .debug_rnglists
                0x000002e9       0x70 ./Drivers/STM32F4xx_HAL_Driver/Src/stm32f4xx_hal_dma.o
 .debug_rnglists
                0x00000359       0x3f ./Drivers/STM32F4xx_HAL_Driver/Src/stm32f4xx_hal_gpio.o
 .debug_rnglists
                0x00000398       0x66 ./Drivers/STM32F4xx_HAL_Driver/Src/stm32f4xx_hal_rcc.o
 .debug_rnglists
                0x000003fe      0x12a ./Drivers/STM32F4xx_HAL_Driver/Src/stm32f4xx_hal_usart.o
 .debug_rnglists
                0x00000528       0x31 /home/valentin/GISTRE/2025/ARM/libgapcom/Debug/liblibgapcom.a(gapcom.o)
 .debug_rnglists
                0x00000559       0x26 /home/valentin/GISTRE/2025/ARM/libgapcom/Debug/liblibgapcom.a(gapcom_core.o)
 .debug_rnglists
                0x0000057f      0x129 /home/valentin/GISTRE/2025/ARM/libgapcom/Debug/liblibgapcom.a(pb_decode.o)
 .debug_rnglists
                0x000006a8      0x123 /home/valentin/GISTRE/2025/ARM/libgapcom/Debug/liblibgapcom.a(TinyFrame.o)
 .debug_rnglists
                0x000007cb       0x52 /home/valentin/GISTRE/2025/ARM/libgapcom/Debug/liblibgapcom.a(pb_common.o)

.debug_macro    0x00000000    0x186f0
 .debug_macro   0x00000000      0x39c ./Core/Src/main.o
 .debug_macro   0x0000039c      0xad8 ./Core/Src/main.o
 .debug_macro   0x00000e74      0x295 ./Core/Src/main.o
 .debug_macro   0x00001109       0x2e ./Core/Src/main.o
 .debug_macro   0x00001137       0x28 ./Core/Src/main.o
 .debug_macro   0x0000115f       0x22 ./Core/Src/main.o
 .debug_macro   0x00001181       0x8e ./Core/Src/main.o
 .debug_macro   0x0000120f       0x51 ./Core/Src/main.o
 .debug_macro   0x00001260      0x103 ./Core/Src/main.o
 .debug_macro   0x00001363       0x6a ./Core/Src/main.o
 .debug_macro   0x000013cd      0x1df ./Core/Src/main.o
 .debug_macro   0x000015ac       0x1c ./Core/Src/main.o
 .debug_macro   0x000015c8       0x22 ./Core/Src/main.o
 .debug_macro   0x000015ea       0xfb ./Core/Src/main.o
 .debug_macro   0x000016e5     0x1011 ./Core/Src/main.o
 .debug_macro   0x000026f6      0x11f ./Core/Src/main.o
 .debug_macro   0x00002815     0xb86c ./Core/Src/main.o
 .debug_macro   0x0000e081       0x6d ./Core/Src/main.o
 .debug_macro   0x0000e0ee     0x369a ./Core/Src/main.o
 .debug_macro   0x00011788      0x190 ./Core/Src/main.o
 .debug_macro   0x00011918       0x5c ./Core/Src/main.o
 .debug_macro   0x00011974      0x416 ./Core/Src/main.o
 .debug_macro   0x00011d8a      0x9e9 ./Core/Src/main.o
 .debug_macro   0x00012773      0x115 ./Core/Src/main.o
 .debug_macro   0x00012888       0xf8 ./Core/Src/main.o
 .debug_macro   0x00012980       0xa5 ./Core/Src/main.o
 .debug_macro   0x00012a25      0x15f ./Core/Src/main.o
 .debug_macro   0x00012b84      0x287 ./Core/Src/main.o
 .debug_macro   0x00012e0b       0x5f ./Core/Src/main.o
 .debug_macro   0x00012e6a      0x236 ./Core/Src/main.o
 .debug_macro   0x000130a0      0x132 ./Core/Src/main.o
 .debug_macro   0x000131d2      0x264 ./Core/Src/main.o
 .debug_macro   0x00013436       0x2e ./Core/Src/main.o
 .debug_macro   0x00013464      0x127 ./Core/Src/main.o
 .debug_macro   0x0001358b       0x85 ./Core/Src/main.o
 .debug_macro   0x00013610       0x89 ./Core/Src/main.o
 .debug_macro   0x00013699      0x217 ./Core/Src/main.o
 .debug_macro   0x000138b0      0x126 ./Core/Src/main.o
 .debug_macro   0x000139d6       0x10 ./Core/Src/main.o
 .debug_macro   0x000139e6       0x22 ./Core/Src/main.o
 .debug_macro   0x00013a08       0x61 ./Core/Src/main.o
 .debug_macro   0x00013a69       0x2a ./Core/Src/main.o
 .debug_macro   0x00013a93       0x43 ./Core/Src/main.o
 .debug_macro   0x00013ad6       0x34 ./Core/Src/main.o
 .debug_macro   0x00013b0a      0x370 ./Core/Src/main.o
 .debug_macro   0x00013e7a       0x16 ./Core/Src/main.o
 .debug_macro   0x00013e90       0x4a ./Core/Src/main.o
 .debug_macro   0x00013eda       0x34 ./Core/Src/main.o
 .debug_macro   0x00013f0e       0x10 ./Core/Src/main.o
 .debug_macro   0x00013f1e       0x58 ./Core/Src/main.o
 .debug_macro   0x00013f76       0x8e ./Core/Src/main.o
 .debug_macro   0x00014004       0x1c ./Core/Src/main.o
 .debug_macro   0x00014020      0x185 ./Core/Src/main.o
 .debug_macro   0x000141a5       0x10 ./Core/Src/main.o
 .debug_macro   0x000141b5       0x3c ./Core/Src/main.o
 .debug_macro   0x000141f1       0x20 ./Core/Src/main.o
 .debug_macro   0x00014211       0x34 ./Core/Src/main.o
 .debug_macro   0x00014245       0x1c ./Core/Src/main.o
 .debug_macro   0x00014261       0x10 ./Core/Src/main.o
 .debug_macro   0x00014271       0x1c ./Core/Src/main.o
 .debug_macro   0x0001428d       0x16 ./Core/Src/main.o
 .debug_macro   0x000142a3      0x146 ./Core/Src/main.o
 .debug_macro   0x000143e9       0x52 ./Core/Src/main.o
 .debug_macro   0x0001443b       0x10 ./Core/Src/main.o
 .debug_macro   0x0001444b       0x1c ./Core/Src/main.o
 .debug_macro   0x00014467       0x52 ./Core/Src/main.o
 .debug_macro   0x000144b9       0x22 ./Core/Src/main.o
 .debug_macro   0x000144db       0x10 ./Core/Src/main.o
 .debug_macro   0x000144eb       0x52 ./Core/Src/main.o
 .debug_macro   0x0001453d       0xc1 ./Core/Src/main.o
 .debug_macro   0x000145fe       0x1c ./Core/Src/main.o
 .debug_macro   0x0001461a       0x3d ./Core/Src/main.o
 .debug_macro   0x00014657       0x10 ./Core/Src/main.o
 .debug_macro   0x00014667       0x3a ./Core/Src/main.o
 .debug_macro   0x000146a1      0x39c ./Core/Src/stm32f4xx_hal_msp.o
 .debug_macro   0x00014a3d      0x3a6 ./Core/Src/stm32f4xx_it.o
 .debug_macro   0x00014de3      0x274 ./Core/Src/syscalls.o
 .debug_macro   0x00015057       0x5b ./Core/Src/syscalls.o
 .debug_macro   0x000150b2       0x94 ./Core/Src/syscalls.o
 .debug_macro   0x00015146       0x57 ./Core/Src/syscalls.o
 .debug_macro   0x0001519d       0x10 ./Core/Src/syscalls.o
 .debug_macro   0x000151ad       0x10 ./Core/Src/syscalls.o
 .debug_macro   0x000151bd       0x10 ./Core/Src/syscalls.o
 .debug_macro   0x000151cd       0xcf ./Core/Src/syscalls.o
 .debug_macro   0x0001529c       0x35 ./Core/Src/syscalls.o
 .debug_macro   0x000152d1      0x12c ./Core/Src/syscalls.o
 .debug_macro   0x000153fd       0x16 ./Core/Src/syscalls.o
 .debug_macro   0x00015413       0x16 ./Core/Src/syscalls.o
 .debug_macro   0x00015429       0x29 ./Core/Src/syscalls.o
 .debug_macro   0x00015452       0x10 ./Core/Src/syscalls.o
 .debug_macro   0x00015462      0x242 ./Core/Src/syscalls.o
 .debug_macro   0x000156a4       0x10 ./Core/Src/syscalls.o
 .debug_macro   0x000156b4      0x18a ./Core/Src/syscalls.o
 .debug_macro   0x0001583e       0x16 ./Core/Src/syscalls.o
 .debug_macro   0x00015854       0xce ./Core/Src/syscalls.o
 .debug_macro   0x00015922      0x112 ./Core/Src/sysmem.o
 .debug_macro   0x00015a34      0x23c ./Core/Src/sysmem.o
 .debug_macro   0x00015c70      0x1ba ./Core/Src/system_stm32f4xx.o
 .debug_macro   0x00015e2a      0x21a ./Drivers/STM32F4xx_HAL_Driver/Src/stm32f4xx_hal.o
 .debug_macro   0x00016044      0x1ba ./Drivers/STM32F4xx_HAL_Driver/Src/stm32f4xx_hal_cortex.o
 .debug_macro   0x000161fe      0x1c0 ./Drivers/STM32F4xx_HAL_Driver/Src/stm32f4xx_hal_dma.o
 .debug_macro   0x000163be      0x1c0 ./Drivers/STM32F4xx_HAL_Driver/Src/stm32f4xx_hal_gpio.o
 .debug_macro   0x0001657e      0x1de ./Drivers/STM32F4xx_HAL_Driver/Src/stm32f4xx_hal_rcc.o
 .debug_macro   0x0001675c      0x1c9 ./Drivers/STM32F4xx_HAL_Driver/Src/stm32f4xx_hal_usart.o
 .debug_macro   0x00016925      0x28a /home/valentin/GISTRE/2025/ARM/libgapcom/Debug/liblibgapcom.a(gapcom.o)
 .debug_macro   0x00016baf       0x10 /home/valentin/GISTRE/2025/ARM/libgapcom/Debug/liblibgapcom.a(gapcom.o)
 .debug_macro   0x00016bbf       0x10 /home/valentin/GISTRE/2025/ARM/libgapcom/Debug/liblibgapcom.a(gapcom.o)
 .debug_macro   0x00016bcf      0x2eb /home/valentin/GISTRE/2025/ARM/libgapcom/Debug/liblibgapcom.a(gapcom_core.o)
 .debug_macro   0x00016eba       0x10 /home/valentin/GISTRE/2025/ARM/libgapcom/Debug/liblibgapcom.a(gapcom_core.o)
 .debug_macro   0x00016eca       0x7c /home/valentin/GISTRE/2025/ARM/libgapcom/Debug/liblibgapcom.a(gapcom_core.o)
 .debug_macro   0x00016f46       0x17 /home/valentin/GISTRE/2025/ARM/libgapcom/Debug/liblibgapcom.a(gapcom_core.o)
 .debug_macro   0x00016f5d      0x118 /home/valentin/GISTRE/2025/ARM/libgapcom/Debug/liblibgapcom.a(gapcom_core.o)
 .debug_macro   0x00017075      0x660 /home/valentin/GISTRE/2025/ARM/libgapcom/Debug/liblibgapcom.a(gapcom_core.o)
 .debug_macro   0x000176d5      0x3aa /home/valentin/GISTRE/2025/ARM/libgapcom/Debug/liblibgapcom.a(gapcom_core.o)
 .debug_macro   0x00017a7f       0x34 /home/valentin/GISTRE/2025/ARM/libgapcom/Debug/liblibgapcom.a(gapcom_core.o)
 .debug_macro   0x00017ab3       0x16 /home/valentin/GISTRE/2025/ARM/libgapcom/Debug/liblibgapcom.a(gapcom_core.o)
 .debug_macro   0x00017ac9      0x51a /home/valentin/GISTRE/2025/ARM/libgapcom/Debug/liblibgapcom.a(gapcom_core.o)
 .debug_macro   0x00017fe3      0x19c /home/valentin/GISTRE/2025/ARM/libgapcom/Debug/liblibgapcom.a(gap.pb.o)
 .debug_macro   0x0001817f      0x1bc /home/valentin/GISTRE/2025/ARM/libgapcom/Debug/liblibgapcom.a(pb_decode.o)
 .debug_macro   0x0001833b      0x21e /home/valentin/GISTRE/2025/ARM/libgapcom/Debug/liblibgapcom.a(TinyFrame.o)
 .debug_macro   0x00018559      0x197 /home/valentin/GISTRE/2025/ARM/libgapcom/Debug/liblibgapcom.a(pb_common.o)

.debug_line     0x00000000     0xc911
 .debug_line    0x00000000      0xa36 ./Core/Src/main.o
 .debug_line    0x00000a36      0x99d ./Core/Src/stm32f4xx_hal_msp.o
 .debug_line    0x000013d3      0xa14 ./Core/Src/stm32f4xx_it.o
 .debug_line    0x00001de7      0x7e1 ./Core/Src/syscalls.o
 .debug_line    0x000025c8      0x4bd ./Core/Src/sysmem.o
 .debug_line    0x00002a85      0x6e0 ./Core/Src/system_stm32f4xx.o
 .debug_line    0x00003165       0x7a ./Core/Startup/startup_stm32f401retx.o
 .debug_line    0x000031df      0x94d ./Drivers/STM32F4xx_HAL_Driver/Src/stm32f4xx_hal.o
 .debug_line    0x00003b2c      0xc1d ./Drivers/STM32F4xx_HAL_Driver/Src/stm32f4xx_hal_cortex.o
 .debug_line    0x00004749      0xeb9 ./Drivers/STM32F4xx_HAL_Driver/Src/stm32f4xx_hal_dma.o
 .debug_line    0x00005602      0xa69 ./Drivers/STM32F4xx_HAL_Driver/Src/stm32f4xx_hal_gpio.o
 .debug_line    0x0000606b      0xd5a ./Drivers/STM32F4xx_HAL_Driver/Src/stm32f4xx_hal_rcc.o
 .debug_line    0x00006dc5     0x1617 ./Drivers/STM32F4xx_HAL_Driver/Src/stm32f4xx_hal_usart.o
 .debug_line    0x000083dc      0x6c2 /home/valentin/GISTRE/2025/ARM/libgapcom/Debug/liblibgapcom.a(gapcom.o)
 .debug_line    0x00008a9e      0x812 /home/valentin/GISTRE/2025/ARM/libgapcom/Debug/liblibgapcom.a(gapcom_core.o)
 .debug_line    0x000092b0      0x4fd /home/valentin/GISTRE/2025/ARM/libgapcom/Debug/liblibgapcom.a(gap.pb.o)
 .debug_line    0x000097ad     0x1814 /home/valentin/GISTRE/2025/ARM/libgapcom/Debug/liblibgapcom.a(pb_decode.o)
 .debug_line    0x0000afc1     0x1060 /home/valentin/GISTRE/2025/ARM/libgapcom/Debug/liblibgapcom.a(TinyFrame.o)
 .debug_line    0x0000c021      0x8f0 /home/valentin/GISTRE/2025/ARM/libgapcom/Debug/liblibgapcom.a(pb_common.o)

.debug_str      0x00000000    0x903f9
 .debug_str     0x00000000    0x903f9 ./Core/Src/main.o
                              0x84036 (size before relaxing)
 .debug_str     0x000903f9    0x83ddd ./Core/Src/stm32f4xx_hal_msp.o
 .debug_str     0x000903f9    0x8390f ./Core/Src/stm32f4xx_it.o
 .debug_str     0x000903f9     0x99f9 ./Core/Src/syscalls.o
 .debug_str     0x000903f9     0x7797 ./Core/Src/sysmem.o
 .debug_str     0x000903f9    0x7ed9a ./Core/Src/system_stm32f4xx.o
 .debug_str     0x000903f9       0x8e ./Core/Startup/startup_stm32f401retx.o
 .debug_str     0x000903f9    0x7f7bc ./Drivers/STM32F4xx_HAL_Driver/Src/stm32f4xx_hal.o
 .debug_str     0x000903f9    0x7f526 ./Drivers/STM32F4xx_HAL_Driver/Src/stm32f4xx_hal_cortex.o
 .debug_str     0x000903f9    0x7f1a2 ./Drivers/STM32F4xx_HAL_Driver/Src/stm32f4xx_hal_dma.o
 .debug_str     0x000903f9    0x7ef15 ./Drivers/STM32F4xx_HAL_Driver/Src/stm32f4xx_hal_gpio.o
 .debug_str     0x000903f9    0x7f1ce ./Drivers/STM32F4xx_HAL_Driver/Src/stm32f4xx_hal_rcc.o